$ go test -json -count=1 -tags tossos_testseams -run ^(TestAFailedCycleDiscardsTheShadowAtOnceAndALateStepCannotRevive|TestAFailingShadowStepChangesNothingButItsOwnObservation|TestALateNilCycleIsAFailureAtTheLimit|TestAMarketWhoseEvaluationWasAbandonedShowsNoShadow|TestARestartAfterAnObservedPromotionComesBackOffOffUnobservedWithNothingWritten|TestARestartNeverRestoresShadow|TestAStuckShadowStepNeitherLatchesNorRefreshesTheOtherMarket|TestCentralIntegrityKeepsItsIdentityThroughTheShadowDefer|TestCollectMarketCarriesTheShadowBatchOnlyFromCoordination|TestCollectReturnsTheShadowPairBesideTheAuthorityPair|TestNeitherTheStepNorTheProjectionShadowsAnOnLane|TestOnlyOneShadowStepRunsPerMarket|TestOnlyTheAllowedFunctionsEverTouchAShadowType|TestTheCoordinatorCarriesEveryPreGateProposalAsTheShadowBatch|TestTheCoordinatorCollectsWithOneStatementAndReturnsTheAbsentValueOnCollision|TestTheCycleClosureStartsTheShadowOnlyAfterANilCycleAndDiscardsOtherwise|TestTheGapBetweenRecordAndPublishIsUnobservedByDesign|TestTheLaneRuntimeOnlyStoresTheShadowBatchBesideTheWave|TestTheMarketCycleCarriesShadowOnlyAsTheLastEvaluateArgument|TestTheNextWaveClearsAnUnusableShadow|TestTheRemainingCarryAndPublishSitesKeepTheirShape|TestTheRouterRuntimeStaysUnobservedAndOnlyTheProjectionAddsShadow|TestTheShadowAgeLimitIsDerivedAndRejectsNoHealthyGap|TestTheShadowCensusCatchesALaunderingAccessor|TestTheShadowDeferNeverRewritesAFirstCycleError|TestTheShadowPinLeavesTheDispatchTraceUnchanged|TestTheShadowStepClosureNeverRefreshesCoordinatesDispatchesOrWrites|TestTheShadowStepProjectsWouldEmitForOffLanesAfterTheCycle|TestWithoutANewWaveExpiryAndAgeStillEndTheShadow)$ ./internal/app/engine
exit=0 passed=29/29
  PASS	TestARestartAfterAnObservedPromotionComesBackOffOffUnobservedWithNothingWritten
  PASS	TestTheRouterRuntimeStaysUnobservedAndOnlyTheProjectionAddsShadow
  PASS	TestTheShadowStepProjectsWouldEmitForOffLanesAfterTheCycle
  PASS	TestTheShadowPinLeavesTheDispatchTraceUnchanged
  PASS	TestAFailingShadowStepChangesNothingButItsOwnObservation
  PASS	TestAStuckShadowStepNeitherLatchesNorRefreshesTheOtherMarket
  PASS	TestAFailedCycleDiscardsTheShadowAtOnceAndALateStepCannotRevive
  PASS	TestALateNilCycleIsAFailureAtTheLimit
  PASS	TestTheShadowDeferNeverRewritesAFirstCycleError
  PASS	TestCentralIntegrityKeepsItsIdentityThroughTheShadowDefer
  PASS	TestARestartNeverRestoresShadow
  PASS	TestOnlyOneShadowStepRunsPerMarket
  PASS	TestNeitherTheStepNorTheProjectionShadowsAnOnLane
  PASS	TestTheNextWaveClearsAnUnusableShadow
  PASS	TestWithoutANewWaveExpiryAndAgeStillEndTheShadow
  PASS	TestTheShadowAgeLimitIsDerivedAndRejectsNoHealthyGap
  PASS	TestTheGapBetweenRecordAndPublishIsUnobservedByDesign
  PASS	TestAMarketWhoseEvaluationWasAbandonedShowsNoShadow
  PASS	TestOnlyTheAllowedFunctionsEverTouchAShadowType
  PASS	TestTheShadowCensusCatchesALaunderingAccessor
  PASS	TestTheMarketCycleCarriesShadowOnlyAsTheLastEvaluateArgument
  PASS	TestTheLaneRuntimeOnlyStoresTheShadowBatchBesideTheWave
  PASS	TestTheCoordinatorCollectsWithOneStatementAndReturnsTheAbsentValueOnCollision
  PASS	TestTheCycleClosureStartsTheShadowOnlyAfterANilCycleAndDiscardsOtherwise
  PASS	TestTheShadowStepClosureNeverRefreshesCoordinatesDispatchesOrWrites
  PASS	TestTheRemainingCarryAndPublishSitesKeepTheirShape
  PASS	TestTheCoordinatorCarriesEveryPreGateProposalAsTheShadowBatch
  PASS	TestCollectMarketCarriesTheShadowBatchOnlyFromCoordination
  PASS	TestCollectReturnsTheShadowPairBesideTheAuthorityPair
$ go test -json -count=1 -run ^(TestAValidShadowManifestShadowsExactlyItsFamiliesAndPromotesNothing|TestAnEmptyPinIsUndeclaredBeforeAnythingElse|TestEachManifestIsRefusedByTheOtherLoader|TestEveryUnusableShadowManifestIsRefusedWithItsOwnSentinel|TestExactlyOneProductionSiteMintsANonZeroFamilyActivation|TestNoModulePackageInTheShadowProductionClosureImportsUnsafeOrReflect|TestOnlyTheAuthoringToolCanBuildShadowBytes|TestShadowAndActivationSentinelsAreExclusive|TestTheCommittedGoldenShadowManifestMatchesItsPinAndShadowsTwoLanes|TestTheEncoderReproducesTheCommittedGoldenBytes|TestTheShadowLoaderKeepsTheActivationLoadersGuardOrder|TestTheShadowPackageSourceIsFrozen)$ ./internal/strategyshadow
exit=0 passed=12/12
  PASS	TestTheCommittedGoldenShadowManifestMatchesItsPinAndShadowsTwoLanes
  PASS	TestTheEncoderReproducesTheCommittedGoldenBytes
  PASS	TestOnlyTheAuthoringToolCanBuildShadowBytes
  PASS	TestExactlyOneProductionSiteMintsANonZeroFamilyActivation
  PASS	TestNoModulePackageInTheShadowProductionClosureImportsUnsafeOrReflect
  PASS	TestTheShadowPackageSourceIsFrozen
  PASS	TestAValidShadowManifestShadowsExactlyItsFamiliesAndPromotesNothing
  PASS	TestAnEmptyPinIsUndeclaredBeforeAnythingElse
  PASS	TestEveryUnusableShadowManifestIsRefusedWithItsOwnSentinel
  PASS	TestShadowAndActivationSentinelsAreExclusive
  PASS	TestEachManifestIsRefusedByTheOtherLoader
  PASS	TestTheShadowLoaderKeepsTheActivationLoadersGuardOrder
$ go test -json -count=1 -tags tossos_testseams -run ^(TestALaneFoldsItsShadowVerdictsAndALatchedLaneStillObserves|TestShadowEligibilityIsExactlyOffAndOff|TestTheShadowInputIsOpaqueAndTheVocabularyIsExactlyThree|TestTheShadowVerdictAsksWhetherThisLaneWouldHaveEmitted)$ ./internal/strategyworker
exit=0 passed=4/4
  PASS	TestTheShadowVerdictAsksWhetherThisLaneWouldHaveEmitted
  PASS	TestALaneFoldsItsShadowVerdictsAndALatchedLaneStillObserves
  PASS	TestShadowEligibilityIsExactlyOffAndOff
  PASS	TestTheShadowInputIsOpaqueAndTheVocabularyIsExactlyThree
$ go test -json -count=1 -run ^(TestTheShadowVocabularyAndTheWireShape|TestValidateAcceptsAnObservedOffLaneInShadow|TestValidateRefusesShadowOutsideTheOneCrossRule)$ ./internal/strategyprojection
exit=0 passed=3/3
  PASS	TestValidateAcceptsAnObservedOffLaneInShadow
  PASS	TestValidateRefusesShadowOutsideTheOneCrossRule
  PASS	TestTheShadowVocabularyAndTheWireShape
$ go test -json -count=1 -run ^(TestTheSharedDescriptorsAreTheOneTable|TestTheSharedExportFileHoldsOnlyReadOnlyWrappers)$ ./internal/strategyrouter
exit=0 passed=2/2
  PASS	TestTheSharedExportFileHoldsOnlyReadOnlyWrappers
  PASS	TestTheSharedDescriptorsAreTheOneTable
$ go test -json -count=1 -run ^(TestOpenAPIRuntimeAndShadowOutcomeEnumsAreTheProjectionVocabulary)$ ./internal/httpapi
exit=0 passed=1/1
  PASS	TestOpenAPIRuntimeAndShadowOutcomeEnumsAreTheProjectionVocabulary
