--- PASS: TestA095AnEngineOpenedPositionThatGrewIsReported (0.74s)
--- PASS: TestA095AnAdjustmentHistoryThatNetsToZeroIsNotAnIncrease (0.65s)
--- PASS: TestA095TheAdoptedGrowthReplayReportsEveryNewMaximum (0.82s)
--- PASS: TestA095AnAdoptionLookupFailureStaysSilent (0.73s)
--- PASS: TestA095TheExitObserverReportStaysNormalAndKeyedApart (0.66s)
--- PASS: TestA095AFailedAdoptionIsCriticalAndDurable (1.95s)
    --- PASS: TestA095AFailedAdoptionIsCriticalAndDurable/category_①_refused_before_adopting (0.66s)
    --- PASS: TestA095AFailedAdoptionIsCriticalAndDurable/category_②_the_adoption_transaction_failed (0.65s)
    --- PASS: TestA095AFailedAdoptionIsCriticalAndDurable/category_①_on_a_symbol_that_is_also_designated (0.64s)
--- PASS: TestA095OperatorChosenStatesStayNormal (1.24s)
    --- PASS: TestA095OperatorChosenStatesStayNormal/excluded (0.63s)
    --- PASS: TestA095OperatorChosenStatesStayNormal/adoption_off_and_not_designated (0.61s)
--- PASS: TestA095NotificationsOffNeverRecordsACritical (0.62s)
--- PASS: TestA095OnWithoutATopicIsStillCritical (0.73s)
--- PASS: TestA095TheProductionAssemblyReadsTheLoadedSwitch (1.94s)
    --- PASS: TestA095TheProductionAssemblyReadsTheLoadedSwitch/refused_block_written_as_enabled (0.63s)
    --- PASS: TestA095TheProductionAssemblyReadsTheLoadedSwitch/accepted_block,_enabled (0.66s)
    --- PASS: TestA095TheProductionAssemblyReadsTheLoadedSwitch/accepted_block,_disabled_with_a_topic_kept (0.66s)
--- PASS: TestA095Q2FactsStayNormalInTheirOwnCells (3.80s)
    --- PASS: TestA095Q2FactsStayNormalInTheirOwnCells/refused_block_that_asked_for_protection (0.63s)
    --- PASS: TestA095Q2FactsStayNormalInTheirOwnCells/refused_block_that_was_switched_off (0.63s)
    --- PASS: TestA095Q2FactsStayNormalInTheirOwnCells/designated_with_adoption_off,_the_attempt_failed (0.63s)
    --- PASS: TestA095Q2FactsStayNormalInTheirOwnCells/designated_with_adoption_off,_deferred (0.62s)
    --- PASS: TestA095Q2FactsStayNormalInTheirOwnCells/adoption_on,_the_price_read_failed (0.65s)
    --- PASS: TestA095Q2FactsStayNormalInTheirOwnCells/adoption_on,_no_quote_for_the_symbol (0.64s)
--- PASS: TestA095AStaleSnapshotStaysSilent (0.64s)
--- PASS: TestA095TheFoldAlertStaysUnwired (0.61s)
--- PASS: TestA095ADeferralThenAFailureIsRecorded (0.65s)
--- PASS: TestA095OneCycleCanHoldAFailureAndADeferral (0.67s)
--- PASS: TestA095AnAdoptionWithoutItsExitStateIsTheNamedBoundary (0.67s)
--- PASS: TestA095TheSwitchTransitionMatrix (1.36s)
    --- PASS: TestA095TheSwitchTransitionMatrix/on,_pending_row,_then_off_across_a_restart (0.66s)
    --- PASS: TestA095TheSwitchTransitionMatrix/off,_then_on_across_a_restart (0.70s)
--- PASS: TestA095ADeliveredFailureIsRemindedAfterTheWindow (0.69s)
--- PASS: TestA095ARecordingFailureIsRetriedWhenTheStoreRecovers (0.72s)
--- PASS: TestA095TheFactIdentity (4.11s)
    --- PASS: TestA095TheFactIdentity/a_deferral_and_a_failure_are_different_keys (0.65s)
    --- PASS: TestA095TheFactIdentity/an_earlier_normal_fact_does_not_latch_a_later_different_normal_fact (0.69s)
    --- PASS: TestA095TheFactIdentity/only_the_error_text_changed (0.74s)
    --- PASS: TestA095TheFactIdentity/A_B_A_with_A_settled_is_absorbed_by_the_window (0.63s)
    --- PASS: TestA095TheFactIdentity/A_B_A_with_A_pending_is_retried (0.72s)
    --- PASS: TestA095TheFactIdentity/another_sender_holds_A's_lease (0.68s)
--- PASS: TestA095AResolvedFailureStillSpeaksItsMoment (0.78s)
ok  	github.com/JungHoonGhae/tossinvest-cli/internal/app/engine	24.802s
