Go test: 4 passed, 5 failed in 1 packages
═══════════════════════════════════════

obs (4 passed, 5 failed)
  [FAIL] TestA092TheLeaseLossLogClassifiesByOutcome/unknown
     a092_r26b_internal_test.go:131: event = engine.alert_claim_lost, want engine.alert_undelivered
     a092_r26b_internal_test.go:134: level = INFO, want ERROR
     a092_r26b_internal_test.go:137: line lacks "unknown":
     {"time":"2026-09-30T00:00:00Z","level":"INFO","msg":"engine.alert_claim_lost","event":"engine.ale...
  [FAIL] TestA092TheLeaseLossLogClassifiesByOutcome
  [FAIL] TestA092DropAndNoJournalLinesKeepTheirOwnEventKey
     a092_r26b_internal_test.go:160: line 0 carries 2 "event" keys — a JSON reader keeps the last and ...
     [[time 2026-09-30T00:00:00Z] [level WARN] [msg engine.normal_alert_dropped] [event engine.normal_...
     a092_r26b_internal_test.go:160: line 1 carries 2 "event" keys — a JSON reader keeps the last and ...
     [[time 2026-09-30T00:00:00Z] [level WARN] [msg engine.alert_undelivered] [event engine.alert_unde...
     a092_r26b_internal_test.go:160: line 2 carries 2 "event" keys — a JSON reader keeps the last and ...
  [FAIL] TestA092RecordOnlyLinesCarryNoFields
     a092_r26b_internal_test.go:187: a record-only log line carries the account number (invariant 8):
     {"time":"2026-09-30T00:00:00Z","level":"WARN","msg":"engine.operating_mode","event":"engine.opera...
  [FAIL] TestA092AFailedRecordKeepsTheKeyOutOfTheGate
     a092_r26b_internal_test.go:210: the gate description carries the account number: "a critical engi...
[full output: ~/.local/share/rtk/tee/1790744723_go_test.log]
rc=1
