copy HEAD f2decd0a files 1878
=== RUN   TestA066SharedBucketSecondAdmissionAtAnotherPriceIsCappedNotCollided
=== RUN   TestA066SharedBucketSecondAdmissionAtAnotherPriceIsCappedNotCollided/KR
=== RUN   TestA066SharedBucketSecondAdmissionAtAnotherPriceIsCappedNotCollided/US
--- PASS: TestA066SharedBucketSecondAdmissionAtAnotherPriceIsCappedNotCollided (0.68s)
    --- PASS: TestA066SharedBucketSecondAdmissionAtAnotherPriceIsCappedNotCollided/KR (0.34s)
    --- PASS: TestA066SharedBucketSecondAdmissionAtAnotherPriceIsCappedNotCollided/US (0.34s)
=== RUN   TestA066SharedBucketStaleSnapshotIsRefusedAtAnyPrice
=== RUN   TestA066SharedBucketStaleSnapshotIsRefusedAtAnyPrice/KR_same_price
=== RUN   TestA066SharedBucketStaleSnapshotIsRefusedAtAnyPrice/KR_other_price
=== RUN   TestA066SharedBucketStaleSnapshotIsRefusedAtAnyPrice/US_other_price
--- PASS: TestA066SharedBucketStaleSnapshotIsRefusedAtAnyPrice (0.98s)
    --- PASS: TestA066SharedBucketStaleSnapshotIsRefusedAtAnyPrice/KR_same_price (0.34s)
    --- PASS: TestA066SharedBucketStaleSnapshotIsRefusedAtAnyPrice/KR_other_price (0.32s)
    --- PASS: TestA066SharedBucketStaleSnapshotIsRefusedAtAnyPrice/US_other_price (0.33s)
=== RUN   TestA066SharedBucketSecondEntryReadsItsOwnPolicyRecord
--- PASS: TestA066SharedBucketSecondEntryReadsItsOwnPolicyRecord (0.29s)
=== RUN   TestMigrationV33ToV34KeepsLegacyReservationsReadable
--- PASS: TestMigrationV33ToV34KeepsLegacyReservationsReadable (0.48s)
PASS
ok  	github.com/JungHoonGhae/tossinvest-cli/internal/journal	2.441s
