bash tools/gate.sh a066-add-multi-horizon-risk-buckets
GATE: a066-add-multi-horizon-risk-buckets
repo: /mnt/D/Axipient/workspace/TossOS-worktrees/a066-gate

==> 1/11 tasks.md 확인
OK: openspec/changes/a066-add-multi-horizon-risk-buckets/tasks.md

==> 2/11 미완료 태스크 확인
OK: 미완료 태스크 0건

==> 3/11 짝 change 확인 (deploy-pair.txt)
OK: 짝 선언 없음 — 이 change 는 혼자 배포한다

==> 4/11 gstack 리뷰 기록 확인
OK: openspec/changes/a066-add-multi-horizon-risk-buckets/review.md

==> 5/11 Function Logic Map 증거 확인
[logic-map] a066-add-multi-horizon-risk-buckets: base 23794f8626a2 → landed-commit e9355a821010bfd7a2b3e6245065410a55b99768 required 395 function(s) — judged at HEAD c1b26ed411b1
[logic-map] cmd-tossctl--newenginecmd: branchless function still needs one happy-path row
[logic-map] missing evidence for modified function cmd/tossctl/console.go:runConsole
[logic-map] missing evidence for modified function cmd/tossctl/console.go:consoleGateSwitchSeam
[logic-map] missing evidence for modified function cmd/tossctl/console_test.go:TestTheConsoleReadsTheJournalPathAndTheRunLockFromTheSamePlacesEverythingElseDoes
[logic-map] missing evidence for modified function cmd/tossctl/console_test.go:TestConsolePolicyWiringCannotOpenOrMigrateTheTradingJournal
[logic-map] missing evidence for modified function cmd/tossctl/engine.go:runEngineRun
[logic-map] missing evidence for modified function cmd/tossctl/engine.go:engineRuntime
[logic-map] missing evidence for modified function cmd/tossctl/engine_account_seq_recovery_test.go:TestActualEngineRecoveryStillFailsClosedOnASnapshot429
[logic-map] missing evidence for modified function cmd/tossctl/engine_runtime_branch_test.go:TestEngineRuntimeConstructionBranchesFailClosedAndAssembleExactSuccess
[logic-map] missing evidence for modified function cmd/tossctl/engine_test.go:stubRuntime
[logic-map] missing evidence for modified function cmd/tossctl/engine_test.go:TestTheRestartRecoveryRunsBeforeTheLoops
[logic-map] missing evidence for modified function cmd/tossctl/engineproc_test.go:TestAGhostMarkerDoesNotRefuseAStart
[logic-map] missing evidence for modified function cmd/tossctl/engineproc_test.go:TestAFreshMarkerWithALiveProcessStillRefuses
[logic-map] missing evidence for modified function cmd/tossctl/engineproc_test.go:TestEnumerationFailureKeepsTheRefusal
[logic-map] missing evidence for modified function cmd/tossctl/engineproc_test.go:TestAStaleMarkerDoesNotBlockAStart
[logic-map] missing evidence for modified function cmd/tossctl/httpapi.go:runHTTPAPI
[logic-map] missing evidence for modified function cmd/tossctl/httpapi.go:openHTTPAPIResources
[logic-map] missing evidence for modified function cmd/tossctl/httpapi.go:publishHTTPAPISnapshots
[logic-map] missing evidence for modified function cmd/tossctl/httpapi_reader.go:httpAPIReader.Positions
[logic-map] missing evidence for modified function cmd/tossctl/httpapi_reader.go:httpAPIReader.readPositions
[logic-map] missing evidence for modified function cmd/tossctl/httpapi_reader.go:applyStoredPosition
[logic-map] missing evidence for modified function cmd/tossctl/httpapi_reader.go:httpAPIReader.Performance
[logic-map] missing evidence for modified function cmd/tossctl/httpapi_reader.go:httpAPIReader.Snapshot
[logic-map] missing evidence for modified function cmd/tossctl/root.go:newRootCmd
[logic-map] missing evidence for modified function cmd/tossctl/soak.go:newSoakAttestCmd
[logic-map] missing evidence for modified function cmd/tossctl/soak.go:runSoakAttest
[logic-map] missing evidence for modified function cmd/tossctl/soak_test.go:TestSoakAttestRefusesAnUnfinishedSoakAndWritesNothing
[logic-map] missing evidence for modified function cmd/tossctl/soak_test.go:TestSoakAttestWritesAVerifiableAttestation
[logic-map] missing evidence for modified function cmd/tossctl/soak_test.go:TestSoakAndLiveEndpointsCoverTheEngineInterlock
[logic-map] missing evidence for modified function cmd/tossctl/soak_test.go:TestSoakAttestCoversTheEngineSetOnceTheSupervisedCheckHasRun
[logic-map] missing evidence for modified function cmd/tossctl/verify.go:newVerifyRunCmd
[logic-map] missing evidence for modified function cmd/tossctl/verify.go:runVerifyRun
[logic-map] missing evidence for modified function internal/app/engine/adoption.go:ReconcileDriver.adoptOne
[logic-map] missing evidence for modified function internal/app/engine/adoption.go:ReconcileDriver.alertUnmanaged
[logic-map] missing evidence for modified function internal/app/engine/adoption.go:ReconcileDriver.checkExternalIncrease
[logic-map] missing evidence for modified function internal/app/engine/engine.go:NewContext
[logic-map] missing evidence for modified function internal/app/engine/engine.go:Context.Close
[logic-map] missing evidence for modified function internal/app/engine/entryreach_test.go:TestTheEngineSpellsExactlyOneBuy
[logic-map] missing evidence for modified function internal/app/engine/exit_e2e_test.go:buildE2EStack
[logic-map] missing evidence for modified function internal/app/engine/exit_identity_concurrency_test.go:TestExitObserverConcurrentSameQuoteArmsAndMutatesOnce
[logic-map] missing evidence for modified function internal/app/engine/exit_wiring_internal_test.go:TestBindingWiresBothApplyHooks
[logic-map] missing evidence for modified function internal/app/engine/exitloop.go:ExitObserver.Run
[logic-map] missing evidence for modified function internal/app/engine/exitloop.go:ExitObserver.ObserveOnce
[logic-map] missing evidence for modified function internal/app/engine/exitloop.go:ExitObserver.workingSet
[logic-map] missing evidence for modified function internal/app/engine/exitloop.go:ExitObserver.observe
[logic-map] missing evidence for modified function internal/app/engine/exitloop.go:ExitObserver.checkOutage
[logic-map] missing evidence for modified function internal/app/engine/exitloop.go:ExitObserver.judge
[logic-map] missing evidence for modified function internal/app/engine/exitloop.go:ExitObserver.judgeRatchet
[logic-map] missing evidence for modified function internal/app/engine/exitloop.go:ExitObserver.judgeLadder
[logic-map] missing evidence for modified function internal/app/engine/exitloop.go:stableObservationID
[logic-map] missing evidence for modified function internal/app/engine/exitloop.go:ExitObserver.record
[logic-map] missing evidence for modified function internal/app/engine/exitloop.go:isFullExit
[logic-map] missing evidence for modified function internal/app/engine/exitloop.go:ExitObserver.applyFloor
[logic-map] missing evidence for modified function internal/app/engine/exitloop.go:ExitObserver.alertUnmanaged
[logic-map] missing evidence for modified function internal/app/engine/exitloop.go:ExitObserver.alertRefused
[logic-map] missing evidence for modified function internal/app/engine/exitloop.go:ExitObserver.clearRefused
[logic-map] missing evidence for modified function internal/app/engine/exitloop.go:ExitObserver.alertProposalRefused
[logic-map] missing evidence for modified function internal/app/engine/exitloop.go:ExitObserver.noteDelay
[logic-map] missing evidence for modified function internal/app/engine/exitloop_test.go:newExitHarness
[logic-map] missing evidence for modified function internal/app/engine/exitwiring.go:notifierAlerter.ExternalPositionFound
[logic-map] missing evidence for modified function internal/app/engine/exitwiring.go:notifierAlerter.ManagedPositionClosedExternally
[logic-map] missing evidence for modified function internal/app/engine/exitwiring.go:Context.ExitObserver
[logic-map] missing evidence for modified function internal/app/engine/gateway.go:bindApplyHooks
[logic-map] missing evidence for modified function internal/app/engine/gateway.go:buildGateway
[logic-map] missing evidence for modified function internal/app/engine/interlock.go:recordGateSettings
[logic-map] missing evidence for modified function internal/app/engine/position_policy_runtime_transport_unix.go:StartPositionPolicyRuntimeServer
[logic-map] missing evidence for modified function internal/app/engine/position_policy_runtime_transport_unix.go:PositionPolicyRuntimeServer.Close
[logic-map] missing evidence for modified function internal/app/engine/position_policy_runtime_transport_unix.go:writePositionPolicyRuntimeDescriptor
[logic-map] missing evidence for modified function internal/app/engine/position_policy_transport.go:writePositionPolicyDescriptor
[logic-map] missing evidence for modified function internal/app/engine/reconcileloop.go:Context.ReconcileDriver
[logic-map] missing evidence for modified function internal/app/engine/reconcileloop.go:ReconcileDriver.RunOnce
[logic-map] missing evidence for modified function internal/app/engine/reconcileloop.go:ReconcileDriver.stabilise
[logic-map] missing evidence for modified function internal/app/engine/reconcileloop.go:ReconcileDriver.logCycle
[logic-map] missing evidence for modified function internal/app/engine/reconcileloop_test.go:newDriverHarness
[logic-map] missing evidence for modified function internal/app/engine/reconcileloop_test.go:TestTrackerReleaseFailureStopsBeforePriceAndAdoption
[logic-map] missing evidence for modified function internal/app/engine/reconcileloop_test.go:TestAnExternalIncreaseAfterAdoptionIsReported
[logic-map] missing evidence for modified function internal/app/engine/runtime.go:NewRuntime
[logic-map] missing evidence for modified function internal/app/engine/runtime.go:Runtime.Run
[logic-map] missing evidence for modified function internal/app/engine/runtime_wiring.go:AccountSweep.PositionsRaw
[logic-map] missing evidence for modified function internal/app/engine/tracer_test.go:TestTheTracerDrivesEntryRatchetAndExit
[logic-map] missing evidence for modified function internal/candidate/approved_consumer_guard_test.go:pureApprovedCandidateBoundaryViolations
[logic-map] missing evidence for modified function internal/candidate/approved_consumer_guard_test.go:TestApprovedCandidateTaintRejectsAuthorityInterface
[logic-map] missing evidence for modified function internal/candidate/approved_consumer_guard_test.go:auditApprovedCandidateBoundaries
[logic-map] missing evidence for modified function internal/candidate/approved_consumer_guard_test.go:transitiveDependencyWithStop
[logic-map] missing evidence for modified function internal/candidate/store.go:Store.Summaries
[logic-map] missing evidence for modified function internal/candidate/watch.go:Assess
[logic-map] missing evidence for modified function internal/clock/clock.go:systemClock.Since
[logic-map] missing evidence for modified function internal/clock/clock_test.go:TestSystemClockNowIsUTC
[logic-map] missing evidence for modified function internal/config/engine.go:mergeEngine
[logic-map] missing evidence for modified function internal/console/console.go:New
[logic-map] missing evidence for modified function internal/console/console.go:Console.routes
[logic-map] missing evidence for modified function internal/console/console_test.go:TestTheDashboardReportsAnUnstartedMachineWithoutFailing
[logic-map] missing evidence for modified function internal/console/data.go:Console.readAttestation
[logic-map] missing evidence for modified function internal/console/engineproc_test.go:holdEngineMarker
[logic-map] missing evidence for modified function internal/console/overview.go:overviewPage.RefreshSeconds
[logic-map] missing evidence for modified function internal/console/overview_test.go:TestTheOverviewReloadsAtTheCacheTTL
[logic-map] missing evidence for modified function internal/console/performance_history.go:Console.handlePerformanceHistory
[logic-map] missing evidence for modified function internal/console/performance_history_test.go:fakePerformanceReader.Dashboard
[logic-map] missing evidence for modified function internal/console/portfolio.go:joinPositions
[logic-map] missing evidence for modified function internal/console/portfolio_pages.go:positionsPage.RefreshSeconds
[logic-map] missing evidence for modified function internal/console/portfolio_pages.go:Console.decoratePositionRows
[logic-map] missing evidence for modified function internal/console/portfolio_pages.go:attachPositionExitLines
[logic-map] missing evidence for modified function internal/console/portfolio_refresh_test.go:TestThePositionsScreenAsksTheBrowserToReloadAtTheCacheTTL
[logic-map] missing evidence for modified function internal/console/position_policy.go:Console.handlePositionManagement
[logic-map] missing evidence for modified function internal/console/position_policy.go:Console.handlePositionPolicyApply
[logic-map] missing evidence for modified function internal/console/settings.go:Console.settingsView
[logic-map] missing evidence for modified function internal/console/settings_cadence_test.go:fullSettingsHarness
[logic-map] missing evidence for modified function internal/console/settings_card.go:settingsPage.LimitCurrencyConsequence
[logic-map] missing evidence for modified function internal/console/settings_card_test.go:TestACurrencyChangeIsNeitherTighteningNorLoosening
[logic-map] missing evidence for modified function internal/console/settings_card_test.go:TestTheCurrencyConsequenceIsRenderedAndNotFolded
[logic-map] missing evidence for modified function internal/console/settings_limits.go:currencyConsequence
[logic-map] missing evidence for modified function internal/console/settings_limits_test.go:TestTheApplyAnswerNamesTheMarketTheCurrencyCloses
[logic-map] missing evidence for modified function internal/console/settings_tabs.go:Console.strategyRuntimeSummary
[logic-map] missing evidence for modified function internal/console/static_test.go:TestEveryRouteGoesThroughTheSessionGate
[logic-map] missing evidence for modified function internal/console/static_test.go:TestEveryStateChangingRouteAlsoGoesThroughTheCSRFGate
[logic-map] missing evidence for modified function internal/console/status_strip_test.go:TestTheReloadCellAndTheMetaTagAreOneFact
[logic-map] missing evidence for modified function internal/console/strategy_runtime.go:strategyRuntimePage.Refresh
[logic-map] missing evidence for modified function internal/console/strategy_runtime.go:Console.handleStrategyRuntime
[logic-map] missing evidence for modified function internal/console/strategy_runtime.go:dormantStrategyRuntimeReading
[logic-map] missing evidence for modified function internal/console/strategy_runtime.go:validStrategyRuntimeReading
[logic-map] missing evidence for modified function internal/console/strategy_runtime.go:runtimeToggleControlValid
[logic-map] missing evidence for modified function internal/console/strategy_runtime.go:runtimeApprovalControlValid
[logic-map] missing evidence for modified function internal/console/strategy_runtime.go:runtimeToggleStateValid
[logic-map] missing evidence for modified function internal/console/strategy_runtime.go:runtimeApprovalStateValid
[logic-map] missing evidence for modified function internal/console/strategy_runtime.go:runtimeFreshnessValid
[logic-map] missing evidence for modified function internal/console/strategy_runtime.go:strategyRuntimePage.project
[logic-map] missing evidence for modified function internal/console/strategy_runtime.go:runtimeControl
[logic-map] missing evidence for modified function internal/console/strategy_runtime.go:runtimeState
[logic-map] missing evidence for modified function internal/console/strategy_runtime.go:runtimeRefusal
[logic-map] missing evidence for modified function internal/console/strategy_runtime.go:runtimeTime
[logic-map] missing evidence for modified function internal/console/strategy_runtime_test.go:strategyRuntimeStub.Read
[logic-map] missing evidence for modified function internal/console/strategy_runtime_test.go:validStrategyRuntimeFixture
[logic-map] missing evidence for modified function internal/console/strategy_runtime_test.go:TestStrategyRuntimeStatusRendersServerDescriptorAndCompleteBlockers
[logic-map] missing evidence for modified function internal/console/strategy_runtime_test.go:TestStrategyRuntimeProjectsAuthorityEntryCapabilityWithoutRecalculation
[logic-map] missing evidence for modified function internal/console/strategy_runtime_test.go:TestStrategyRuntimeRejectsSemanticallyImpossibleSnapshots
[logic-map] missing evidence for modified function internal/console/strategy_runtime_test.go:TestStrategyRuntimeRejectsMalformedDescriptorOrderingWithoutPanic
[logic-map] missing evidence for modified function internal/console/strategy_runtime_test.go:TestStrategyRuntimeStatusIsAuthenticatedGETOnlyAndHasNoInputSurface
[logic-map] missing evidence for modified function internal/console/strategy_runtime_test.go:TestStrategyRuntimeStatusFailsClosedOnUnwiredErrorAndInvalidSnapshot
[logic-map] missing evidence for modified function internal/console/strategy_runtime_test.go:TestOptimizationNavigationLinksRuntimeAndSchedule
[logic-map] missing evidence for modified function internal/continuationlane/allocation_risk_test.go:TestScaleInStopNeverRetreatsAndInvalidStopRefuses
[logic-map] missing evidence for modified function internal/continuationlane/allocation_risk_test.go:validContext
[logic-map] missing evidence for modified function internal/continuationlane/allocation_risk_test.go:validKREvaluation
[logic-map] missing evidence for modified function internal/continuationlane/allocation_risk_test.go:validUSEvaluation
[logic-map] missing evidence for modified function internal/continuationlane/evaluator.go:EvaluateUS
[logic-map] missing evidence for modified function internal/continuationlane/evaluator.go:evaluate
[logic-map] missing evidence for modified function internal/enginelock/enginelock.go:Hold
[logic-map] missing evidence for modified function internal/enginelock/enginelock.go:write
[logic-map] missing evidence for modified function internal/enginelock/enginelock_test.go:TestAHeldMarkerReadsAsRunning
[logic-map] missing evidence for modified function internal/enginelock/enginelock_test.go:TestAStaleMarkerIsNotARunningEngine
[logic-map] missing evidence for modified function internal/enginelock/enginelock_test.go:TestReleasingRemovesTheMarker
[logic-map] missing evidence for modified function internal/execgw/export_test.go:Options.SetProtectionReadyForTest
[logic-map] missing evidence for modified function internal/execgw/export_test.go:init
[logic-map] missing evidence for modified function internal/execgw/failclosed_test.go:TestBrokerBranchesMapToStableReasonCodes
[logic-map] missing evidence for modified function internal/execgw/gateway.go:New
[logic-map] missing evidence for modified function internal/execgw/gateway.go:Gateway.Place
[logic-map] missing evidence for modified function internal/execgw/gateway.go:Gateway.refuse
[logic-map] missing evidence for modified function internal/execgw/gateway_test.go:TestUnreachableBrokerIsNotDispatched
[logic-map] missing evidence for modified function internal/execgw/guardian.go:Gateway.checkDecision
[logic-map] missing evidence for modified function internal/execgw/guardian.go:checkLimits
[logic-map] missing evidence for modified function internal/execgw/protection.go:Gateway.protection
[logic-map] missing evidence for modified function internal/execgw/protection.go:Gateway.checkProtection
[logic-map] missing evidence for modified function internal/execgw/protection_test.go:newUnprotectedGateway
[logic-map] missing evidence for modified function internal/execgw/protection_test.go:TestNoShippedFileClaimsProtection
[logic-map] missing evidence for modified function internal/execgw/protection_test.go:isClaim
[logic-map] missing evidence for modified function internal/execgw/protection_test.go:moduleRoot
[logic-map] missing evidence for modified function internal/execgw/retry.go:ClassifyQueryError
[logic-map] missing evidence for modified function internal/execgw/retry.go:DefaultStaleness
[logic-map] missing evidence for modified function internal/execgw/retry.go:NewEntryGate
[logic-map] missing evidence for modified function internal/execgw/retry.go:EntryGate.RecordSuccess
[logic-map] missing evidence for modified function internal/execgw/retry.go:EntryGate.Block
[logic-map] missing evidence for modified function internal/execgw/retry.go:EntryGate.Clear
[logic-map] missing evidence for modified function internal/execgw/retry.go:EntryGate.checkAccountEntry
[logic-map] missing evidence for modified function internal/execgw/retry_test.go:TestClassifyQueryError
[logic-map] missing evidence for modified function internal/execgw/symbolgate.go:EntryGate.BlockSymbol
[logic-map] missing evidence for modified function internal/execgw/symbolgate.go:EntryGate.ClearSymbol
[logic-map] missing evidence for modified function internal/execgw/symbolgate.go:EntryGate.ClearSymbolReason
[logic-map] missing evidence for modified function internal/execgw/symbolgate.go:EntryGate.RebuildReconcileProjection
[logic-map] missing evidence for modified function internal/execgw/symbolgate.go:EntryGate.CheckEntryFor
[logic-map] missing evidence for modified function internal/exitpolicy/recovery.go:compareRecoveryDecimal
[logic-map] missing evidence for modified function internal/exitpolicy/recovery.go:compareRecoveryStage
[logic-map] missing evidence for modified function internal/httpapi/model_openapi_test.go:TestOpenAPIPathsMatchExactRuntimeSurface
[logic-map] missing evidence for modified function internal/httpapi/read.go:PerformanceFrom
[logic-map] missing evidence for modified function internal/httpapi/router.go:NewRouter
[logic-map] missing evidence for modified function internal/httpapi/router.go:router.read
[logic-map] missing evidence for modified function internal/journal/account_views.go:ReadOnly.LivePositionExits
[logic-map] missing evidence for modified function internal/journal/apply_hook.go:armExitProposalTx
[logic-map] missing evidence for modified function internal/journal/exit_snapshot.go:validateJudgementSnapshot
[logic-map] missing evidence for modified function internal/journal/exit_snapshot.go:validateExitEventArmSuppression
[logic-map] missing evidence for modified function internal/journal/exit_snapshot.go:quarantineExitSnapshotTx
[logic-map] missing evidence for modified function internal/journal/exit_snapshot.go:Journal.QuarantineExitSnapshot
[logic-map] missing evidence for modified function internal/journal/exit_snapshot.go:activeExitSnapshotQuarantineTx
[logic-map] missing evidence for modified function internal/journal/exit_snapshot.go:Journal.ReleaseExitSnapshotQuarantine
[logic-map] missing evidence for modified function internal/journal/exit_state.go:Journal.recordExitJudgementTx
[logic-map] missing evidence for modified function internal/journal/journal.go:Open
[logic-map] missing evidence for modified function internal/journal/outbox.go:Journal.EnqueueAlert
[logic-map] missing evidence for modified function internal/journal/outbox.go:Journal.MarkAlertDelivered
[logic-map] missing evidence for modified function internal/journal/outbox.go:Journal.MarkAlertAttemptFailed
[logic-map] missing evidence for modified function internal/journal/outbox.go:Journal.AcknowledgeAlert
[logic-map] missing evidence for modified function internal/journal/outbox.go:scanAlerts
[logic-map] missing evidence for modified function internal/journal/outbox_test.go:TestFailedAttemptsAccumulateAndTheRowStaysPending
[logic-map] missing evidence for modified function internal/journal/outbox_test.go:TestDeliveryAndAcknowledgementAreDistinctStates
[logic-map] missing evidence for modified function internal/journal/outbox_test.go:TestAcknowledgeRequiresAnOperator
[logic-map] missing evidence for modified function internal/journal/outbox_test.go:TestMarkingANonPendingAlertIsRefused
[logic-map] missing evidence for modified function internal/journal/position_campaign.go:Journal.LinkCampaignOrder
[logic-map] missing evidence for modified function internal/journal/position_campaign.go:ApplyPositionCampaignFill
[logic-map] missing evidence for modified function internal/journal/position_campaign.go:updateCampaignSuccessorRemaining
[logic-map] missing evidence for modified function internal/journal/position_campaign.go:campaignExposureBlockedInTx
[logic-map] missing evidence for modified function internal/journal/position_campaign.go:campaignQuantity
[logic-map] missing evidence for modified function internal/journal/position_campaign.go:campaignRemaining
[logic-map] missing evidence for modified function internal/journal/position_campaign_hardening_test.go:TestCampaignCoreHasNoProductionBrokerOrToggleWiring
[logic-map] missing evidence for modified function internal/journal/position_campaign_test.go:TestApplyPositionCampaignFillPreservesLatePredecessorExactlyOnce
[logic-map] missing evidence for modified function internal/journal/readonly.go:OpenReadOnly
[logic-map] missing evidence for modified function internal/journal/strategy_lineage.go:insertExactStrategyDecision
[logic-map] missing evidence for modified function internal/journal/strategy_lineage.go:Journal.PendingStrategyPlans
[logic-map] missing evidence for modified function internal/journal/strategy_lineage.go:verifyStrategyRiskBinding
[logic-map] missing evidence for modified function internal/obs/notifier.go:Notifier.notifyCritical
[logic-map] missing evidence for modified function internal/obs/notifier.go:Notifier.deliver
[logic-map] missing evidence for modified function internal/obs/notifier.go:Notifier.Flush
[logic-map] missing evidence for modified function internal/obs/notifier.go:Notifier.Acknowledge
[logic-map] missing evidence for modified function internal/obs/ntfy.go:Ntfy.Publish
[logic-map] missing evidence for modified function internal/official/asset_reads.go:Client.HoldingsRaw
[logic-map] missing evidence for modified function internal/official/client.go:WithBaseURL
[logic-map] missing evidence for modified function internal/official/client.go:WithHTTPClient
[logic-map] missing evidence for modified function internal/official/client.go:WithAccountSeq
[logic-map] missing evidence for modified function internal/official/client.go:New
[logic-map] missing evidence for modified function internal/official/client.go:Client.BaseURL
[logic-map] missing evidence for modified function internal/official/client.go:Client.doRequest
[logic-map] missing evidence for modified function internal/official/client.go:Client.send
[logic-map] missing evidence for modified function internal/official/client_test.go:TestClientBaseURL
[logic-map] missing evidence for modified function internal/official/conditional_reads.go:Client.ConditionalOrdersRaw
[logic-map] missing evidence for modified function internal/official/errors.go:classifyStatus
[logic-map] missing evidence for modified function internal/official/market_reads.go:Client.ExchangeRate
[logic-map] missing evidence for modified function internal/official/market_reads.go:adaptExchangeRate
[logic-map] missing evidence for modified function internal/official/orders_raw_test.go:TestRawReadsClassifyErrorsLikeEveryOtherRead
[logic-map] missing evidence for modified function internal/official/protection_reads.go:adaptProtectionConditional
[logic-map] missing evidence for modified function internal/official/token.go:tokenManager.refresh
[logic-map] missing evidence for modified function internal/official/token.go:tokenManager.saveCache
[logic-map] missing evidence for modified function internal/official/token_test.go:TestTokenRefresh
[logic-map] missing evidence for modified function internal/operatorview/exit_line.go:BuildExitLine
[logic-map] missing evidence for modified function internal/operatorview/exit_line.go:reasonText
[logic-map] missing evidence for modified function internal/performance/crash_linux_test.go:TestPerformanceMigrationAndAppendSIGKILLPhasesAreAllOrNone
[logic-map] missing evidence for modified function internal/performance/crash_linux_test.go:TestPerformanceMigrationAndAppendSurviveSIGKILL
[logic-map] missing evidence for modified function internal/performance/migration_test.go:TestStoreRefusesANewerDerivedSchema
[logic-map] missing evidence for modified function internal/performance/readonly.go:ReadOnly.Dashboard
[logic-map] missing evidence for modified function internal/performance/store.go:Open
[logic-map] missing evidence for modified function internal/performance/store.go:openWithSchema
[logic-map] missing evidence for modified function internal/performance/store_test.go:TestStoreSchemaIsSeparateAppendOnlyAndVersioned
[logic-map] missing evidence for modified function internal/performancejournal/adapter.go:New
[logic-map] missing evidence for modified function internal/performancejournal/adapter_test.go:fakeSource.ClosedStrategyTradeSources
[logic-map] missing evidence for modified function internal/performancejournal/adapter_test.go:TestAdapterCapabilitySurfaceIsExactlyOneSelectMethod
[logic-map] missing evidence for modified function internal/positioncampaign/campaign.go:TransitionLeg
[logic-map] missing evidence for modified function internal/positioncampaign/replay.go:Replay
[logic-map] missing evidence for modified function internal/positioncampaign/replay.go:replayCampaignTransition
[logic-map] missing evidence for modified function internal/positioncampaign/replay.go:replayLegFillTransition
[logic-map] missing evidence for modified function internal/positioncampaign/replay.go:remainingFromCap
[logic-map] missing evidence for modified function internal/positioncampaign/review_regression_test.go:TestProductionCoreContainsNoLaneRatiosOrBrokerDependency
[logic-map] missing evidence for modified function internal/positioncampaign/watermark.go:LegLedger.Observe
[logic-map] missing evidence for modified function internal/protection/dormant_test.go:TestProtectionRemainsUnwiredAndCorePackageHasNoBrokerTransport
[logic-map] missing evidence for modified function internal/protectionreadiness/attestation.go:scopeMatches
[logic-map] missing evidence for modified function internal/protectionreadiness/attestation_test.go:TestExactScopeMatrixFailsClosed
[logic-map] missing evidence for modified function internal/protectionreadiness/attestation_test.go:readinessFixture.marketInputForBody
[logic-map] missing evidence for modified function internal/protectionreadiness/readiness.go:DefaultSnapshot
[logic-map] missing evidence for modified function internal/protectionreadiness/readiness.go:readinessSnapshotSeal
[logic-map] missing evidence for modified function internal/protectionreadiness/readiness.go:Assess
[logic-map] missing evidence for modified function internal/reconcile/compare.go:Comparer.Compare
[logic-map] missing evidence for modified function internal/reconcile/compare.go:quantitiesAgree
[logic-map] missing evidence for modified function internal/reconcile/compare.go:isZeroDecimal
[logic-map] missing evidence for modified function internal/reconcile/converge.go:Converger.ConvergeQuantities
[logic-map] missing evidence for modified function internal/reconcile/converge_test.go:recordingCrediter.AdjustmentApplied
[logic-map] missing evidence for modified function internal/reconcile/mismatch.go:BlockRules
[logic-map] missing evidence for modified function internal/reconcile/mismatch.go:Block.Covers
[logic-map] missing evidence for modified function internal/reconcile/mismatch.go:Tracker.AdjustmentApplied
[logic-map] missing evidence for modified function internal/reconcile/mismatch.go:Tracker.Observe
[logic-map] missing evidence for modified function internal/reconcile/mismatch.go:Tracker.persist
[logic-map] missing evidence for modified function internal/reconcile/mismatch.go:Tracker.Restore
[logic-map] missing evidence for modified function internal/reconcile/mismatch.go:Tracker.Refresh
[logic-map] missing evidence for modified function internal/reconcile/mismatch.go:Tracker.Resolve
[logic-map] missing evidence for modified function internal/reconcile/mismatch.go:Tracker.syncGate
[logic-map] missing evidence for modified function internal/reconcile/mismatch_test.go:TestAnAdjustmentAndAMatchingRecheckRelease
[logic-map] missing evidence for modified function internal/reconcile/mismatch_test.go:TestAnAdjustmentIsSpentByTheRecheckItAnswers
[logic-map] missing evidence for modified function internal/reconcile/mismatch_test.go:TestAnAdjustmentOnAnotherSymbolDoesNotRelease
[logic-map] missing evidence for modified function internal/reconcile/mismatch_test.go:TestAnAdjustmentDoesNotReleaseAPermanentMismatch
[logic-map] missing evidence for modified function internal/reconcile/mismatch_test.go:TestGatewayKeepsExitsOpenUnderAMismatch
[logic-map] missing evidence for modified function internal/reconcile/recovery.go:Stabilisation.withDefaults
[logic-map] missing evidence for modified function internal/reconcile/recovery.go:Recovery.Run
[logic-map] missing evidence for modified function internal/reconcile/recovery.go:Recovery.stableSnapshot
[logic-map] missing evidence for modified function internal/reconcile/recovery_test.go:TestGatewayRefusesNewOrdersUntilRecoveryCompletes
[logic-map] missing evidence for modified function internal/reconcile/recovery_test.go:TestExitsStayOpenWhileRecoveryIsIncomplete
[logic-map] missing evidence for modified function internal/reconcile/restore_test.go:TestRestoreProjectsStatesThisTrackerDidNotEnter
[logic-map] missing evidence for modified function internal/reconcile/restore_test.go:TestObserveKeepsMemoryAndGateBlockedWhenDurableReleaseFails
[logic-map] missing evidence for modified function internal/reconcile/restore_test.go:TestObservePublishesOnlyDurablePartialReleasesAndRetriesTheRemainder
[logic-map] missing evidence for modified function internal/reconcile/restore_test.go:TestWriteThroughRecordsTheStateWithItsEvidence
[logic-map] missing evidence for modified function internal/reconcile/snapshot.go:Snapshot.Digest
[logic-map] missing evidence for modified function internal/reconcile/snapshot.go:Collector.Collect
[logic-map] missing evidence for modified function internal/reconcile/snapshot.go:Collector.holdings
[logic-map] missing evidence for modified function internal/reconcile/snapshot.go:canonicalDecimal
[logic-map] missing evidence for modified function internal/reversallane/allocation_risk_test.go:validContext
[logic-map] missing evidence for modified function internal/reversallane/evaluate.go:EvaluateUS
[logic-map] missing evidence for modified function internal/reversallane/evaluate.go:evaluate
[logic-map] missing evidence for modified function internal/reversallane/evaluate.go:validateStop
[logic-map] missing evidence for modified function internal/reversallane/review_regression_test.go:TestFirstEntryEstablishesStopAndLaterScaleInCannotRetreat
[logic-map] missing evidence for modified function internal/reversallane/structural_evaluate_test.go:TestStopNeverRetreatsOnScaleIn
[logic-map] missing evidence for modified function internal/risk/chain.go:checkOrderSize
[logic-map] missing evidence for modified function internal/risk/chain.go:checkOpenExposure
[logic-map] missing evidence for modified function internal/risk/chain.go:checkDailyLoss
[logic-map] missing evidence for modified function internal/risk/chain.go:EntryExposureValue
[logic-map] missing evidence for modified function internal/riskbucket/fill_test.go:TestApplyFillRetryIsIdempotent
[logic-map] missing evidence for modified function internal/scheduler/desired.go:Restore
[logic-map] missing evidence for modified function internal/scheduler/desired_test.go:testManifestClaim.verifyActivation
[logic-map] missing evidence for modified function internal/soak/attest.go:Summary.Evaluate
[logic-map] missing evidence for modified function internal/soak/attest.go:BuildAttestation
[logic-map] missing evidence for modified function internal/soak/attest_test.go:TestBuildAttestationRefusesAnIncompleteSoak
[logic-map] missing evidence for modified function internal/soak/soak.go:Runner.RunCycle
[logic-map] missing evidence for modified function internal/strategycandle/adapter_test.go:officialPage
[logic-map] missing evidence for modified function internal/strategyengine/lane_test.go:verifiedBarFixtureAt
[logic-map] missing evidence for modified function internal/strategyevidence/model.go:authorityValid
[logic-map] missing evidence for modified function internal/strategyevidence/model.go:authoritySupportsMarket
[logic-map] missing evidence for modified function internal/strategyevidence/model.go:kindSupportsMarket
[logic-map] missing evidence for modified function internal/strategyevidence/model.go:validateTypedPayload
[logic-map] missing evidence for modified function internal/strategyevidence/model_test.go:validHeader
[logic-map] missing evidence for modified function internal/strategyevidence/official_source.go:NewOfficialAdapter
[logic-map] missing evidence for modified function internal/strategyevidence/official_source.go:OfficialAdapter.collectSEC
[logic-map] missing evidence for modified function internal/strategyevidence/projection.go:Project
[logic-map] missing evidence for modified function internal/strategyevidence/source.go:SourcePolicy.validate
[logic-map] missing evidence for modified function internal/strategyevidence/source.go:NewAdapter
[logic-map] missing evidence for modified function internal/strategyevidence/source.go:Adapter.Fetch
[logic-map] missing evidence for modified function internal/strategyevidence/source_test.go:TestIncompleteOrUnverifiedPolicyMakesZeroCalls
[logic-map] missing evidence for modified function internal/strategyevidence/source_test.go:TestAdapterKeepsCredentialOutOfRequestMetadata
[logic-map] missing evidence for modified function internal/strategyevidence/source_test.go:TestAdapterRejectsRuntimeBoundExpansionBeforeTransport
[logic-map] missing evidence for modified function internal/strategyevidence/source_test.go:TestAdapterEnforcesResponseBytesWindowAndRetryAfter
[logic-map] missing evidence for modified function internal/strategyevidence/source_test.go:TestAdapterRejectsConcurrentCallBeforeSecondTransportRequest
[logic-map] missing evidence for modified function internal/strategymarket/bars.go:aggregateClosedKRXFiveMinute
[logic-map] missing evidence for modified function internal/strategymarket/bars_test.go:minutes
[logic-map] missing evidence for modified function internal/strategymarket/bars_test.go:TestNoPositionProofRequiresFreshAuthoritativeZeroPositionAndOrders
[logic-map] missing evidence for modified function internal/strategyrouter/dependency_test.go:TestDescriptorsShipKRAndUSTogetherDefaultOFF
[logic-map] missing evidence for modified function internal/strategyrouter/registry.go:Descriptors
[logic-map] missing evidence for modified function internal/strategyrouter/registry.go:ValidateDescriptors
[logic-map] missing evidence for modified function internal/verifylive/abort.go:AbortTargets
[logic-map] missing evidence for modified function internal/verifylive/cleanup.go:Runner.cleanupTargets
[logic-map] missing evidence for modified function internal/verifylive/cleanup.go:PendingCleanup
[logic-map] missing evidence for modified function internal/verifylive/fake_broker_test.go:fakeBroker.OrderRawByID
[logic-map] missing evidence for modified function internal/verifylive/fake_broker_test.go:fakeBroker.ConditionalOrders
[logic-map] missing evidence for modified function internal/verifylive/fake_broker_test.go:fakeBroker.ConditionalOrder
[logic-map] missing evidence for modified function internal/verifylive/fake_broker_test.go:fakeBroker.CreateConditionalOrder
[logic-map] missing evidence for modified function internal/verifylive/fake_broker_test.go:harness.build
[logic-map] missing evidence for modified function internal/verifylive/mutate.go:Runner.createConditional
[logic-map] missing evidence for modified function internal/verifylive/report.go:BuildReport
[logic-map] missing evidence for modified function internal/verifylive/report.go:BuildProgress
[logic-map] missing evidence for modified function internal/verifylive/report.go:Progress.WriteText
[logic-map] missing evidence for modified function internal/verifylive/runner.go:New
[logic-map] missing evidence for modified function internal/verifylive/runner.go:Runner.Run
[logic-map] missing evidence for modified function internal/verifylive/runner.go:stepRun.resolve
[logic-map] missing evidence for modified function internal/verifylive/runner_test.go:runToCompletion
[logic-map] missing evidence for modified function internal/verifylive/static_test.go:TestNoAutomationBypassExists
[logic-map] missing evidence for modified function internal/verifylive/steps.go:Runner.readOrder
[logic-map] missing evidence for modified function internal/verifylive/steps.go:Runner.readConditional
[logic-map] missing evidence for modified function internal/verifylive/steps_trigger.go:Runner.pollTrigger
[logic-map] missing evidence for modified function internal/verifylive/steps_trigger.go:Runner.finishTrigger
[logic-map] missing evidence for modified function internal/verifylive/steps_trigger_test.go:triggerOptions
[logic-map] missing evidence for modified function internal/verifylive/steps_trigger_test.go:TestTheTriggerStepObservesAFireAndItsChildFilling
[logic-map] missing evidence for modified function internal/verifylive/steps_trigger_test.go:TestTheTriggerBasisIsDecidedByTheOrderOfTwoObservations
[logic-map] missing evidence for modified function internal/verifylive/steps_trigger_test.go:TestTheMarketNeverComingIsNotAFailure
[logic-map] missing evidence for modified function internal/verifylive/steps_trigger_test.go:TestACancelThatRacesATriggerDoesNotReportThatNothingHappened
[logic-map] missing evidence for modified function internal/verifylive/steps_trigger_test.go:TestATriggerWithNoObservableFillLeavesTheChildHeld
[logic-map] missing evidence for modified function internal/verifylive/steps_trigger_test.go:TestAStopWhoseConditionWasMetAndDidNotFireIsAFailure
[logic-map] missing evidence for modified function internal/verifylive/steps_trigger_test.go:TestTheTriggerStepSkipsWhenThereIsNothingLeftToSell
[logic-map] missing evidence for modified function internal/verifylive/steps_trigger_test.go:TestTheTriggerStepSkipsWhenTheGridHasNoRoom
[logic-map] missing evidence for modified function internal/verifylive/steps_trigger_test.go:TestTheTriggerStepMayHoldASecondConditionalAndNothingElseMay
[logic-map] missing evidence for modified function internal/verifylive/steps_trigger_test.go:TestTheOrderCapIsUntouchedByTheTriggerStep

GATE FAIL: a066-add-multi-horizon-risk-buckets — Function Logic Map 산출물 미완료
make: *** [Makefile:169: gate] Error 1
gate rc=2
