$ go test -json -count=1 -tags tossos_testseams -run ^(TestACancelDuringTheProposalLoadClosesTheMarketAtTheDecision|TestADeclaredActivationThatLapsesRollsItsMarketBackInsteadOfWidening|TestAGatedFamilyMustNotShrinkTheMarketIntoTheExactlyOneValve|TestALostProposalClosesTheMarketInsteadOfReleasingTheOtherSymbol|TestAMarketWithMoreScopesThanTheQueueHoldsClosesInsteadOfDroppingOne|TestANilEnvironmentReaderRollsTheGateBackInsteadOfPanicking|TestARefusedArbitrationClosesTheWholeMarketRatherThanReleasingTheOtherSymbol|TestARevocationDuringTheProposalLoadClosesTheMarketAtTheDecision|TestASelectionWithNoLaneToComeBackToClosesInsteadOfShrinkingTheList|TestAnUndeclaredMarketCancelledDuringTheLoadKeepsTheLegacyPath|TestEveryReachableProposalClosureCarriesTheGatesActivationExceptRouteNotReady|TestStrategyProposalAuthorityLoadsKRUSConcurrently|TestTheThirteenProposalClosuresKeepTheirOrderAndTheGateIsComputedRightAfterRouteReadiness)$ ./internal/app/engine
exit=0 passed=13/13
  PASS	TestACancelDuringTheProposalLoadClosesTheMarketAtTheDecision
  PASS	TestADeclaredActivationThatLapsesRollsItsMarketBackInsteadOfWidening
  PASS	TestAGatedFamilyMustNotShrinkTheMarketIntoTheExactlyOneValve
  PASS	TestALostProposalClosesTheMarketInsteadOfReleasingTheOtherSymbol
  PASS	TestAMarketWithMoreScopesThanTheQueueHoldsClosesInsteadOfDroppingOne
  PASS	TestANilEnvironmentReaderRollsTheGateBackInsteadOfPanicking
  PASS	TestARefusedArbitrationClosesTheWholeMarketRatherThanReleasingTheOtherSymbol
  PASS	TestARevocationDuringTheProposalLoadClosesTheMarketAtTheDecision
  PASS	TestASelectionWithNoLaneToComeBackToClosesInsteadOfShrinkingTheList
  PASS	TestAnUndeclaredMarketCancelledDuringTheLoadKeepsTheLegacyPath
  PASS	TestEveryReachableProposalClosureCarriesTheGatesActivationExceptRouteNotReady
  PASS	TestStrategyProposalAuthorityLoadsKRUSConcurrently
  PASS	TestTheThirteenProposalClosuresKeepTheirOrderAndTheGateIsComputedRightAfterRouteReadiness

$ go test -json -count=1 -tags tossos_testseams -run ^(TestACancelledContextPromotesNothing|TestAVerifiedFourFamilyActivationPromotesExactlyTheLanesItNames|TestAnActivationOutsideItsApprovedLifetimePromotesNothing|TestAnActivationWhoseBindingsDoNotMatchPromotesNothing|TestAnActivationWhoseDescriptorSetIsNotExactlyTheFourPromotesNothing|TestBytesThatChangedAfterTheDeploymentPinnedThemPromoteNothing|TestEveryActivationRefusalNamesItsFieldAndKeepsItsSentinel|TestOnlyAnEmptyPinMeansTheActivationWasNeverDeclared|TestTheDocumentPathNamesItsRefusalToo)$ ./internal/strategyrouter
exit=0 passed=9/9
  PASS	TestACancelledContextPromotesNothing
  PASS	TestAVerifiedFourFamilyActivationPromotesExactlyTheLanesItNames
  PASS	TestAnActivationOutsideItsApprovedLifetimePromotesNothing
  PASS	TestAnActivationWhoseBindingsDoNotMatchPromotesNothing
  PASS	TestAnActivationWhoseDescriptorSetIsNotExactlyTheFourPromotesNothing
  PASS	TestBytesThatChangedAfterTheDeploymentPinnedThemPromoteNothing
  PASS	TestEveryActivationRefusalNamesItsFieldAndKeepsItsSentinel
  PASS	TestOnlyAnEmptyPinMeansTheActivationWasNeverDeclared
  PASS	TestTheDocumentPathNamesItsRefusalToo

$ go test -json -count=1 -run ^(TestTheOnePointTwoCounterfactualCountsOnlyACloseBeyondTheATRBuffer|TestTheOnePointTwoCounterfactualSeesALaterBarNotOnlyTheFirst|TestTheOnePointTwoCounterfactualThresholdIsTheGoldensFirstEntry)$ ./internal/breakoutlane
exit=0 passed=3/3
  PASS	TestTheOnePointTwoCounterfactualCountsOnlyACloseBeyondTheATRBuffer
  PASS	TestTheOnePointTwoCounterfactualSeesALaterBarNotOnlyTheFirst
  PASS	TestTheOnePointTwoCounterfactualThresholdIsTheGoldensFirstEntry
