$ go test -json -count=1 -tags tossos_testseams -run ^(TestAFailingShadowStepChangesNothingButItsOwnObservation|TestAStuckShadowStepNeitherLatchesNorRefreshesTheOtherMarket|TestASuccessfulShadowStepLeavesEveryLaneStatusUnchanged|TestAnAbsentShadowBatchStaysAbsentAndNilHoldersStartNothing|TestTheCoordinatorCollectsWithOneStatementAndReturnsTheAbsentValueOnCollision|TestTheProjectionShadowsOnlyAnOffOffObservation|TestTheRouterRuntimeStaysUnobservedAndOnlyTheProjectionAddsShadow|TestTheShadowBindingIsTheActivationBindingFieldByField|TestTheShadowPinLeavesTheDispatchTraceUnchanged|TestTheShadowStepClosureNeverRefreshesCoordinatesDispatchesOrWrites)$ ./internal/app/engine
exit=0 passed=12/12
  PASS	TestTheShadowPinLeavesTheDispatchTraceUnchanged
  PASS	TestTheShadowPinLeavesTheDispatchTraceUnchanged/partial_ON
  PASS	TestASuccessfulShadowStepLeavesEveryLaneStatusUnchanged
  PASS	TestTheShadowStepClosureNeverRefreshesCoordinatesDispatchesOrWrites
  PASS	TestTheCoordinatorCollectsWithOneStatementAndReturnsTheAbsentValueOnCollision
  PASS	TestTheShadowBindingIsTheActivationBindingFieldByField/KR
  PASS	TestTheShadowBindingIsTheActivationBindingFieldByField/US
  PASS	TestTheProjectionShadowsOnlyAnOffOffObservation
  PASS	TestAFailingShadowStepChangesNothingButItsOwnObservation/deadline
  PASS	TestAStuckShadowStepNeitherLatchesNorRefreshesTheOtherMarket
  PASS	TestTheRouterRuntimeStaysUnobservedAndOnlyTheProjectionAddsShadow
  PASS	TestAnAbsentShadowBatchStaysAbsentAndNilHoldersStartNothing
exit=0
$ go test -json -count=1 -run ^(TestAnAbsentShadowBatchStaysAbsentAndNilHoldersStartNothing|TestTheProductionLoadShadowIsTheProductionLoaderOutsideTestSeams|TestTheWorkerShadowVocabularyIsTheProjectionShadowVocabulary)$ ./internal/app/engine
exit=0 passed=3/3
  PASS	TestTheProductionLoadShadowIsTheProductionLoaderOutsideTestSeams
  PASS	TestTheWorkerShadowVocabularyIsTheProjectionShadowVocabulary
  PASS	TestAnAbsentShadowBatchStaysAbsentAndNilHoldersStartNothing
exit=0
$ go test -json -count=1 -run ^(TestActivationDecodeFaultCarriesOnlyTheUnavailableSentinel)$ ./internal/strategyrouter
exit=0 passed=1/1
  PASS	TestActivationDecodeFaultCarriesOnlyTheUnavailableSentinel
exit=0
$ go test -json -count=1 -run ^(TestEveryShadowRefusalNamesExactlyItsFields|TestEveryUnusableShadowManifestIsRefusedWithItsOwnSentinel|TestShadowDecodeFaultCarriesOnlyTheUnavailableSentinel|TestTheShadowEncoderAndLoaderRefuseTheirShortCircuits)$ ./internal/strategyshadow
exit=0 passed=4/4
  PASS	TestShadowDecodeFaultCarriesOnlyTheUnavailableSentinel
  PASS	TestEveryShadowRefusalNamesExactlyItsFields
  PASS	TestTheShadowEncoderAndLoaderRefuseTheirShortCircuits
  PASS	TestEveryUnusableShadowManifestIsRefusedWithItsOwnSentinel
exit=0
$ go test -json -count=1 -run ^(TestParseFamiliesKeepsAnEmptyListAllOff|TestParseMarketKnowsBothMarketsAndNothingElse|TestTheToolNeverOverwritesAnExistingManifest|TestTheToolRefusesUntranslatableArgumentsWithoutWritingAFile|TestTheToolWritesTheCommittedGoldenBytesReadOnlyAndPrintsTheirPin)$ ./tools/a112-family-shadow
exit=0 passed=5/5
  PASS	TestTheToolWritesTheCommittedGoldenBytesReadOnlyAndPrintsTheirPin
  PASS	TestTheToolNeverOverwritesAnExistingManifest
  PASS	TestTheToolRefusesUntranslatableArgumentsWithoutWritingAFile
  PASS	TestParseFamiliesKeepsAnEmptyListAllOff
  PASS	TestParseMarketKnowsBothMarketsAndNothingElse
exit=0
