HEAD 4cbcfb36365c5910a681883841edb9e7fad9cc04 + working tree
2026-10-04T20:48:28Z
--- PASS: TestTheProductionActivationLoaderRunsAndFindsNoManifest (0.00s)
--- PASS: TestWithoutAVerifiedActivationCoordinationIsUnchanged (0.00s)
--- PASS: TestAPromotedLaneAdmitsItsFamilyWhileAnUnpromotedOneStopsIt (0.01s)
--- PASS: TestALatchedLaneStopsItsFamilyAndItsPeersKeepTrading (0.00s)
--- PASS: TestAClosedMarketStillCarriesTheGatesActivation (0.00s)
--- PASS: TestTheFamilyGateAndTheLegacyPathBuildTheSameEnvelope (0.00s)
--- PASS: TestTheOrderPathRefusesAProtectionPostureOlderThanTheSignedFloor (9.11s)
--- PASS: TestAProposalNoLaneOwnsIsStoppedRatherThanPassedThrough (0.00s)
--- PASS: TestTheLanesAreBuiltBeforeTheProposalsAreCollected (0.01s)
--- PASS: TestAGatedFamilyMustNotShrinkTheMarketIntoTheExactlyOneValve (0.00s)
--- PASS: TestTheGateSaysWhichKindOfStopItMade (0.00s)
--- PASS: TestADeclaredActivationThatLapsesRollsItsMarketBackInsteadOfWidening (0.03s)
--- PASS: TestRollingBackLeavesALatchedLaneLatched (0.00s)
--- PASS: TestTheRollbackPathOnlyReads (0.00s)
--- PASS: TestTheOrderLeaseCannotOutliveTheFamilyActivation (15.45s)
--- PASS: TestARolledBackGateClosesTheMarketEvenWithoutLanes (0.00s)
--- PASS: TestAnUndeclaredMarketStaysUndeclaredWhateverItsCalibrationSays (0.00s)
--- PASS: TestAnUnverifiedActivationWithoutAnErrorStillRollsBack (0.00s)
--- PASS: TestADeclaredMarketWhoseCalibrationDoesNotAgreeIsRolledBack (0.00s)
--- PASS: TestSubmittingCannotPassTheFinalCheckAfterTheFamilyActivationExpires (3.36s)
--- PASS: TestAnActivationThatExpiresAfterTheWaveStopsBeforeAdmission (8.68s)
--- PASS: TestTheDispatchJudgesFamilyExpiryBeforeAdmissionAndInsideTheFinalCheck (0.00s)
--- PASS: TestTheProductionAssemblyGivesTheDispatchCycleTheRealClock (0.01s)
--- PASS: TestAVerifiedGateWithoutLanesClosesInsteadOfFallingBackToTheLegacyPath (0.00s)
--- PASS: TestADeclaredMarketWhoseCycleIsCancelledRollsBack (0.00s)
--- PASS: TestAFamilyActivationThatExpiresDuringTheScheduleRevalidationStillStopsTheOrder (3.12s)
--- PASS: TestACancelDuringTheProposalLoadClosesTheMarketAtTheDecision (0.01s)
--- PASS: TestARevocationDuringTheProposalLoadClosesTheMarketAtTheDecision (0.02s)
--- PASS: TestAnUndeclaredMarketCancelledDuringTheLoadKeepsTheLegacyPath (0.01s)
--- PASS: TestANilEnvironmentReaderRollsTheGateBackInsteadOfPanicking (0.01s)
--- PASS: TestALatchedLaneComesBackLatchedAfterTheProcessRestarts (2.85s)
--- PASS: TestALatchOnlyReopensForAStrictlyNewerVerifiedActivation (2.62s)
--- PASS: TestARestoredLatchKeepsTheFirstCauseAcrossTheRestart (2.79s)
--- PASS: TestOneLatchedLaneLeavesItsSevenPeersOpenAcrossARestart (2.65s)
--- PASS: TestADurableLatchThatNamesNoLaneInThisBuildStopsTheCycleLoudlyAndCanBeClosed (2.67s)
--- PASS: TestALedgerThatCannotTakeTheLatchStopsTheCycle (2.71s)
--- PASS: TestTheRecoveryGenerationComesFromTheVerifiedActivationAndNothingElse (0.11s)
--- PASS: TestTheProductionStepNeverLatchesSoTheLedgerStaysEmpty (2.73s)
--- PASS: TestTwoMarketsEvaluateTheirOwnLanesConcurrentlyWithoutTreadingOnEachOther (2.77s)
--- PASS: TestAHungLaneDoesNotDelayItsPeersInTheSameWave (0.00s)
--- PASS: TestAPanicOutsideALaneStepStillReachesTheMarketCycle (0.00s)
--- PASS: TestAProjectedLaneRowIsNeverTorn (0.21s)
--- PASS: TestTheLaneProjectionReadsALaneRowUnderOneLock (0.00s)
--- PASS: TestAStalledRemoteWaveNeverBlocksTheProjectionRead (0.00s)
--- PASS: TestSafetyLoopsKeepTheirCadenceWhileEveryEntryQueueIsSaturated (0.00s)
--- PASS: TestAVerifiedPromotionLetsTheOwningLaneEmitThroughTheLaneRuntime (0.01s)
--- PASS: TestTwoMarketsRideOneAuthorityWaveInsteadOfTakingTurns (0.00s)
--- PASS: TestOnlyOneMarketEverLeadsAWave (0.00s)
--- PASS: TestAFailedWaveReachesEveryMarketAndIsNeverCached (0.00s)
--- PASS: TestAMarketWaitingOnTheWaveLeavesWhenItsOwnCycleIsCancelled (0.00s)
--- PASS: TestTheCacheWindowStillMeasuresFromTheWaveStart (0.00s)
--- PASS: TestAPanickingWaveNeverStrandsTheMarketsWaitingOnIt (0.00s)
--- PASS: TestTheMarketThatLeadsAWaveAlwaysPublishesIt (0.00s)
--- PASS: TestARefreshWithoutAClockRefusesBeforeItCanMintAWave (0.00s)
--- PASS: TestAFailedWaveCarriesNoAssemblyForEitherMarket (0.00s)
--- PASS: TestSafetyLoopsKeepTheirCadenceThroughEveryEntryFailureKind (0.00s)
--- PASS: TestARestartAfterAnObservedPromotionComesBackOffOffUnobservedWithNothingWritten (2.83s)
--- PASS: TestTheRouterRuntimeStaysUnobservedAndOnlyTheProjectionAddsShadow (9.44s)
--- PASS: TestTheShadowStepProjectsWouldEmitForOffLanesAfterTheCycle (3.33s)
--- PASS: TestASuccessfulShadowStepLeavesEveryLaneStatusUnchanged (3.19s)
--- PASS: TestTheShadowPinLeavesTheDispatchTraceUnchanged (13.36s)
--- PASS: TestAFailingShadowStepChangesNothingButItsOwnObservation (13.02s)
--- PASS: TestAStuckShadowStepNeitherLatchesNorRefreshesTheOtherMarket (6.48s)
--- PASS: TestAFailedCycleDiscardsTheShadowAtOnceAndALateStepCannotRevive (2.83s)
--- PASS: TestALateNilCycleIsAFailureAtTheLimit (6.37s)
--- PASS: TestTheShadowDeferNeverRewritesAFirstCycleError (0.00s)
--- PASS: TestCentralIntegrityKeepsItsIdentityThroughTheShadowDefer (2.92s)
--- PASS: TestARestartNeverRestoresShadow (13.03s)
--- PASS: TestOnlyOneShadowStepRunsPerMarket (2.90s)
--- PASS: TestNeitherTheStepNorTheProjectionShadowsAnOnLane (2.73s)
--- PASS: TestTheProjectionShadowsOnlyAnOffOffObservation (2.76s)
--- PASS: TestTheNextWaveClearsAnUnusableShadow (11.15s)
--- PASS: TestWithoutANewWaveExpiryAndAgeStillEndTheShadow (5.60s)
--- PASS: TestTheShadowAgeLimitIsDerivedAndRejectsNoHealthyGap (0.00s)
--- PASS: TestTheGapBetweenRecordAndPublishIsUnobservedByDesign (2.85s)
--- PASS: TestAMarketWhoseEvaluationWasAbandonedShowsNoShadow (2.79s)
PASS
ok  	github.com/JungHoonGhae/tossinvest-cli/internal/app/engine	172.814s
	Elapsed (wall clock) time (h:mm:ss or m:ss): 3:02.94
	Maximum resident set size (kbytes): 944816
