mode: set
github.com/JungHoonGhae/tossinvest-cli/internal/obs/event.go:347.39,348.23 1 1
github.com/JungHoonGhae/tossinvest-cli/internal/obs/event.go:348.23,350.3 1 1
github.com/JungHoonGhae/tossinvest-cli/internal/obs/event.go:351.2,351.23 1 1
github.com/JungHoonGhae/tossinvest-cli/internal/obs/event.go:355.35,357.32 2 1
github.com/JungHoonGhae/tossinvest-cli/internal/obs/event.go:357.32,359.3 1 1
github.com/JungHoonGhae/tossinvest-cli/internal/obs/event.go:360.2,360.12 1 1
github.com/JungHoonGhae/tossinvest-cli/internal/obs/event.go:364.37,366.42 2 1
github.com/JungHoonGhae/tossinvest-cli/internal/obs/event.go:366.42,368.3 1 1
github.com/JungHoonGhae/tossinvest-cli/internal/obs/event.go:369.2,369.13 1 0
github.com/JungHoonGhae/tossinvest-cli/internal/obs/notifier.go:130.63,134.34 3 1
github.com/JungHoonGhae/tossinvest-cli/internal/obs/notifier.go:134.34,137.3 2 1
github.com/JungHoonGhae/tossinvest-cli/internal/obs/notifier.go:138.2,138.33 1 1
github.com/JungHoonGhae/tossinvest-cli/internal/obs/notifier.go:142.57,143.18 1 1
github.com/JungHoonGhae/tossinvest-cli/internal/obs/notifier.go:143.18,145.3 1 1
github.com/JungHoonGhae/tossinvest-cli/internal/obs/notifier.go:146.2,147.29 2 1
github.com/JungHoonGhae/tossinvest-cli/internal/obs/notifier.go:147.29,149.3 1 1
github.com/JungHoonGhae/tossinvest-cli/internal/obs/notifier.go:150.2,150.37 1 1
github.com/JungHoonGhae/tossinvest-cli/internal/obs/notifier.go:150.37,152.3 1 1
github.com/JungHoonGhae/tossinvest-cli/internal/obs/notifier.go:153.2,153.34 1 1
github.com/JungHoonGhae/tossinvest-cli/internal/obs/notifier.go:153.34,156.3 2 1
github.com/JungHoonGhae/tossinvest-cli/internal/obs/notifier.go:157.2,157.30 1 1
github.com/JungHoonGhae/tossinvest-cli/internal/obs/notifier.go:161.87,162.24 1 1
github.com/JungHoonGhae/tossinvest-cli/internal/obs/notifier.go:162.24,164.3 1 1
github.com/JungHoonGhae/tossinvest-cli/internal/obs/notifier.go:165.2,165.95 1 1
github.com/JungHoonGhae/tossinvest-cli/internal/obs/notifier.go:165.95,172.3 1 1
github.com/JungHoonGhae/tossinvest-cli/internal/obs/notifier.go:176.71,177.22 1 1
github.com/JungHoonGhae/tossinvest-cli/internal/obs/notifier.go:177.22,181.19 1 1
github.com/JungHoonGhae/tossinvest-cli/internal/obs/notifier.go:181.19,185.4 1 1
github.com/JungHoonGhae/tossinvest-cli/internal/obs/notifier.go:186.3,187.13 2 1
github.com/JungHoonGhae/tossinvest-cli/internal/obs/notifier.go:190.2,201.16 3 1
github.com/JungHoonGhae/tossinvest-cli/internal/obs/notifier.go:201.16,221.3 2 1
github.com/JungHoonGhae/tossinvest-cli/internal/obs/notifier.go:223.2,223.19 1 1
github.com/JungHoonGhae/tossinvest-cli/internal/obs/notifier.go:223.19,229.3 1 1
github.com/JungHoonGhae/tossinvest-cli/internal/obs/notifier.go:230.2,230.12 1 1
github.com/JungHoonGhae/tossinvest-cli/internal/obs/notifier.go:253.37,263.16 5 1
github.com/JungHoonGhae/tossinvest-cli/internal/obs/notifier.go:263.16,276.19 2 1
github.com/JungHoonGhae/tossinvest-cli/internal/obs/notifier.go:276.19,278.4 1 1
github.com/JungHoonGhae/tossinvest-cli/internal/obs/notifier.go:279.3,279.20 1 1
github.com/JungHoonGhae/tossinvest-cli/internal/obs/notifier.go:279.20,281.4 1 1
github.com/JungHoonGhae/tossinvest-cli/internal/obs/notifier.go:282.3,282.27 1 1
github.com/JungHoonGhae/tossinvest-cli/internal/obs/notifier.go:284.2,284.27 1 1
github.com/JungHoonGhae/tossinvest-cli/internal/obs/notifier.go:285.28,293.27 1 1
github.com/JungHoonGhae/tossinvest-cli/internal/obs/notifier.go:294.34,305.27 2 1
github.com/JungHoonGhae/tossinvest-cli/internal/obs/notifier.go:308.2,310.10 3 1
github.com/JungHoonGhae/tossinvest-cli/internal/obs/notifier.go:310.10,315.3 1 1
github.com/JungHoonGhae/tossinvest-cli/internal/obs/notifier.go:316.2,316.24 1 1
github.com/JungHoonGhae/tossinvest-cli/internal/obs/notifier.go:321.38,322.57 1 1
github.com/JungHoonGhae/tossinvest-cli/internal/obs/notifier.go:322.57,324.3 1 1
github.com/JungHoonGhae/tossinvest-cli/internal/obs/notifier.go:325.2,325.19 1 1
github.com/JungHoonGhae/tossinvest-cli/internal/obs/notifier.go:329.36,330.20 1 1
github.com/JungHoonGhae/tossinvest-cli/internal/obs/notifier.go:330.20,332.3 1 1
github.com/JungHoonGhae/tossinvest-cli/internal/obs/notifier.go:333.2,333.29 1 0
github.com/JungHoonGhae/tossinvest-cli/internal/obs/notifier.go:338.45,339.20 1 1
github.com/JungHoonGhae/tossinvest-cli/internal/obs/notifier.go:339.20,341.3 1 0
github.com/JungHoonGhae/tossinvest-cli/internal/obs/notifier.go:342.2,343.13 2 1
github.com/JungHoonGhae/tossinvest-cli/internal/obs/notifier.go:343.13,345.3 1 0
github.com/JungHoonGhae/tossinvest-cli/internal/obs/notifier.go:346.2,346.27 1 1
github.com/JungHoonGhae/tossinvest-cli/internal/obs/notifier.go:350.48,351.23 1 1
github.com/JungHoonGhae/tossinvest-cli/internal/obs/notifier.go:351.23,353.3 1 1
github.com/JungHoonGhae/tossinvest-cli/internal/obs/notifier.go:354.2,354.27 1 1
github.com/JungHoonGhae/tossinvest-cli/internal/obs/notifier.go:378.59,379.63 1 1
github.com/JungHoonGhae/tossinvest-cli/internal/obs/notifier.go:379.63,381.3 1 1
github.com/JungHoonGhae/tossinvest-cli/internal/obs/notifier.go:382.2,384.9 2 1
github.com/JungHoonGhae/tossinvest-cli/internal/obs/notifier.go:385.34,390.41 1 1
github.com/JungHoonGhae/tossinvest-cli/internal/obs/notifier.go:391.31,397.92 1 1
github.com/JungHoonGhae/tossinvest-cli/internal/obs/notifier.go:420.105,422.19 2 1
github.com/JungHoonGhae/tossinvest-cli/internal/obs/notifier.go:422.19,424.3 1 0
github.com/JungHoonGhae/tossinvest-cli/internal/obs/notifier.go:425.2,428.51 3 1
github.com/JungHoonGhae/tossinvest-cli/internal/obs/notifier.go:428.51,429.25 1 1
github.com/JungHoonGhae/tossinvest-cli/internal/obs/notifier.go:429.25,431.9 2 0
github.com/JungHoonGhae/tossinvest-cli/internal/obs/notifier.go:433.3,434.17 2 1
github.com/JungHoonGhae/tossinvest-cli/internal/obs/notifier.go:434.17,436.22 2 1
github.com/JungHoonGhae/tossinvest-cli/internal/obs/notifier.go:436.22,437.28 1 1
github.com/JungHoonGhae/tossinvest-cli/internal/obs/notifier.go:438.32,439.24 1 1
github.com/JungHoonGhae/tossinvest-cli/internal/obs/notifier.go:440.64,451.23 2 0
github.com/JungHoonGhae/tossinvest-cli/internal/obs/notifier.go:452.33,453.85 1 0
github.com/JungHoonGhae/tossinvest-cli/internal/obs/notifier.go:454.13,462.23 1 0
github.com/JungHoonGhae/tossinvest-cli/internal/obs/notifier.go:475.4,478.20 2 1
github.com/JungHoonGhae/tossinvest-cli/internal/obs/notifier.go:478.20,482.5 1 1
github.com/JungHoonGhae/tossinvest-cli/internal/obs/notifier.go:483.4,483.21 1 1
github.com/JungHoonGhae/tossinvest-cli/internal/obs/notifier.go:483.21,485.5 1 1
github.com/JungHoonGhae/tossinvest-cli/internal/obs/notifier.go:491.4,491.23 1 1
github.com/JungHoonGhae/tossinvest-cli/internal/obs/notifier.go:493.3,495.21 3 1
github.com/JungHoonGhae/tossinvest-cli/internal/obs/notifier.go:495.21,496.20 1 1
github.com/JungHoonGhae/tossinvest-cli/internal/obs/notifier.go:496.20,498.5 1 1
github.com/JungHoonGhae/tossinvest-cli/internal/obs/notifier.go:499.9,499.53 1 1
github.com/JungHoonGhae/tossinvest-cli/internal/obs/notifier.go:499.53,509.20 1 1
github.com/JungHoonGhae/tossinvest-cli/internal/obs/notifier.go:509.20,513.5 1 1
github.com/JungHoonGhae/tossinvest-cli/internal/obs/notifier.go:514.4,519.65 2 1
github.com/JungHoonGhae/tossinvest-cli/internal/obs/notifier.go:519.65,522.5 1 1
github.com/JungHoonGhae/tossinvest-cli/internal/obs/notifier.go:523.4,523.22 1 1
github.com/JungHoonGhae/tossinvest-cli/internal/obs/notifier.go:525.3,525.25 1 1
github.com/JungHoonGhae/tossinvest-cli/internal/obs/notifier.go:525.25,526.20 1 1
github.com/JungHoonGhae/tossinvest-cli/internal/obs/notifier.go:526.20,527.10 1 1
github.com/JungHoonGhae/tossinvest-cli/internal/obs/notifier.go:540.2,543.9 4 1
github.com/JungHoonGhae/tossinvest-cli/internal/obs/notifier.go:544.21,545.19 1 0
github.com/JungHoonGhae/tossinvest-cli/internal/obs/notifier.go:545.19,547.4 1 0
github.com/JungHoonGhae/tossinvest-cli/internal/obs/notifier.go:548.49,548.49 0 1
github.com/JungHoonGhae/tossinvest-cli/internal/obs/notifier.go:551.10,561.21 2 0
github.com/JungHoonGhae/tossinvest-cli/internal/obs/notifier.go:563.2,565.18 2 1
github.com/JungHoonGhae/tossinvest-cli/internal/obs/notifier.go:565.18,569.3 1 1
github.com/JungHoonGhae/tossinvest-cli/internal/obs/notifier.go:570.2,570.19 1 1
github.com/JungHoonGhae/tossinvest-cli/internal/obs/notifier.go:570.19,572.3 1 1
github.com/JungHoonGhae/tossinvest-cli/internal/obs/notifier.go:573.2,573.21 1 1
github.com/JungHoonGhae/tossinvest-cli/internal/obs/notifier.go:590.78,591.18 1 1
github.com/JungHoonGhae/tossinvest-cli/internal/obs/notifier.go:591.18,593.3 1 0
github.com/JungHoonGhae/tossinvest-cli/internal/obs/notifier.go:594.2,594.9 1 1
github.com/JungHoonGhae/tossinvest-cli/internal/obs/notifier.go:595.45,603.19 1 1
github.com/JungHoonGhae/tossinvest-cli/internal/obs/notifier.go:604.51,608.77 1 0
github.com/JungHoonGhae/tossinvest-cli/internal/obs/notifier.go:609.27,616.77 1 0
github.com/JungHoonGhae/tossinvest-cli/internal/obs/notifier.go:617.10,622.55 1 1
github.com/JungHoonGhae/tossinvest-cli/internal/obs/notifier.go:636.78,637.18 1 1
github.com/JungHoonGhae/tossinvest-cli/internal/obs/notifier.go:637.18,639.3 1 0
github.com/JungHoonGhae/tossinvest-cli/internal/obs/notifier.go:640.2,645.56 1 1
github.com/JungHoonGhae/tossinvest-cli/internal/obs/notifier.go:653.80,654.34 1 1
github.com/JungHoonGhae/tossinvest-cli/internal/obs/notifier.go:654.34,656.3 1 1
github.com/JungHoonGhae/tossinvest-cli/internal/obs/notifier.go:657.2,661.54 1 1
github.com/JungHoonGhae/tossinvest-cli/internal/obs/notifier.go:676.76,678.2 1 1
github.com/JungHoonGhae/tossinvest-cli/internal/obs/notifier.go:692.38,693.24 1 1
github.com/JungHoonGhae/tossinvest-cli/internal/obs/notifier.go:693.24,694.39 1 1
github.com/JungHoonGhae/tossinvest-cli/internal/obs/notifier.go:694.39,696.4 1 1
github.com/JungHoonGhae/tossinvest-cli/internal/obs/notifier.go:697.3,699.21 3 1
github.com/JungHoonGhae/tossinvest-cli/internal/obs/notifier.go:699.21,701.4 1 1
github.com/JungHoonGhae/tossinvest-cli/internal/obs/notifier.go:702.3,705.43 1 1
github.com/JungHoonGhae/tossinvest-cli/internal/obs/notifier.go:710.51,712.16 2 1
github.com/JungHoonGhae/tossinvest-cli/internal/obs/notifier.go:712.16,714.3 1 0
github.com/JungHoonGhae/tossinvest-cli/internal/obs/notifier.go:715.2,716.16 2 1
github.com/JungHoonGhae/tossinvest-cli/internal/obs/notifier.go:716.16,718.3 1 0
github.com/JungHoonGhae/tossinvest-cli/internal/obs/notifier.go:719.2,719.37 1 1
github.com/JungHoonGhae/tossinvest-cli/internal/obs/notifier.go:727.89,728.22 1 1
github.com/JungHoonGhae/tossinvest-cli/internal/obs/notifier.go:728.22,730.3 1 0
github.com/JungHoonGhae/tossinvest-cli/internal/obs/notifier.go:734.2,738.16 4 1
github.com/JungHoonGhae/tossinvest-cli/internal/obs/notifier.go:738.16,740.3 1 0
github.com/JungHoonGhae/tossinvest-cli/internal/obs/notifier.go:741.2,741.32 1 1
github.com/JungHoonGhae/tossinvest-cli/internal/obs/notifier.go:741.32,742.25 1 1
github.com/JungHoonGhae/tossinvest-cli/internal/obs/notifier.go:742.25,743.9 1 0
github.com/JungHoonGhae/tossinvest-cli/internal/obs/notifier.go:752.3,753.18 2 1
github.com/JungHoonGhae/tossinvest-cli/internal/obs/notifier.go:753.18,759.20 1 0
github.com/JungHoonGhae/tossinvest-cli/internal/obs/notifier.go:759.20,761.5 1 0
github.com/JungHoonGhae/tossinvest-cli/internal/obs/notifier.go:762.4,762.12 1 0
github.com/JungHoonGhae/tossinvest-cli/internal/obs/notifier.go:764.3,764.49 1 1
github.com/JungHoonGhae/tossinvest-cli/internal/obs/notifier.go:764.49,767.55 1 1
github.com/JungHoonGhae/tossinvest-cli/internal/obs/notifier.go:767.55,769.5 1 1
github.com/JungHoonGhae/tossinvest-cli/internal/obs/notifier.go:770.4,770.12 1 1
github.com/JungHoonGhae/tossinvest-cli/internal/obs/notifier.go:772.3,779.57 3 1
github.com/JungHoonGhae/tossinvest-cli/internal/obs/notifier.go:779.57,782.19 3 1
github.com/JungHoonGhae/tossinvest-cli/internal/obs/notifier.go:782.19,783.21 1 0
github.com/JungHoonGhae/tossinvest-cli/internal/obs/notifier.go:783.21,785.6 1 0
github.com/JungHoonGhae/tossinvest-cli/internal/obs/notifier.go:786.10,786.54 1 1
github.com/JungHoonGhae/tossinvest-cli/internal/obs/notifier.go:786.54,788.5 1 0
github.com/JungHoonGhae/tossinvest-cli/internal/obs/notifier.go:800.4,803.19 4 1
github.com/JungHoonGhae/tossinvest-cli/internal/obs/notifier.go:803.19,804.21 1 0
github.com/JungHoonGhae/tossinvest-cli/internal/obs/notifier.go:804.21,806.6 1 0
github.com/JungHoonGhae/tossinvest-cli/internal/obs/notifier.go:807.10,807.56 1 1
github.com/JungHoonGhae/tossinvest-cli/internal/obs/notifier.go:807.56,809.5 1 0
github.com/JungHoonGhae/tossinvest-cli/internal/obs/notifier.go:810.4,810.12 1 1
github.com/JungHoonGhae/tossinvest-cli/internal/obs/notifier.go:812.3,813.18 2 1
github.com/JungHoonGhae/tossinvest-cli/internal/obs/notifier.go:813.18,815.4 1 0
github.com/JungHoonGhae/tossinvest-cli/internal/obs/notifier.go:816.3,816.47 1 1
github.com/JungHoonGhae/tossinvest-cli/internal/obs/notifier.go:816.47,820.12 2 0
github.com/JungHoonGhae/tossinvest-cli/internal/obs/notifier.go:822.3,822.14 1 1
github.com/JungHoonGhae/tossinvest-cli/internal/obs/notifier.go:824.2,825.34 2 1
github.com/JungHoonGhae/tossinvest-cli/internal/obs/notifier.go:840.90,841.39 1 1
github.com/JungHoonGhae/tossinvest-cli/internal/obs/notifier.go:841.39,843.3 1 1
github.com/JungHoonGhae/tossinvest-cli/internal/obs/notifier.go:844.2,844.22 1 1
github.com/JungHoonGhae/tossinvest-cli/internal/obs/notifier.go:844.22,845.20 1 0
github.com/JungHoonGhae/tossinvest-cli/internal/obs/notifier.go:845.20,847.4 1 0
github.com/JungHoonGhae/tossinvest-cli/internal/obs/notifier.go:848.3,848.13 1 0
github.com/JungHoonGhae/tossinvest-cli/internal/obs/notifier.go:851.2,854.19 3 1
github.com/JungHoonGhae/tossinvest-cli/internal/obs/notifier.go:854.19,856.17 2 1
github.com/JungHoonGhae/tossinvest-cli/internal/obs/notifier.go:856.17,858.4 1 0
github.com/JungHoonGhae/tossinvest-cli/internal/obs/notifier.go:859.3,859.33 1 1
github.com/JungHoonGhae/tossinvest-cli/internal/obs/notifier.go:859.33,861.4 1 0
github.com/JungHoonGhae/tossinvest-cli/internal/obs/notifier.go:863.2,863.25 1 1
github.com/JungHoonGhae/tossinvest-cli/internal/obs/notifier.go:863.25,865.46 1 1
github.com/JungHoonGhae/tossinvest-cli/internal/obs/notifier.go:865.46,867.4 1 0
github.com/JungHoonGhae/tossinvest-cli/internal/obs/notifier.go:870.2,871.16 2 1
github.com/JungHoonGhae/tossinvest-cli/internal/obs/notifier.go:871.16,873.3 1 0
github.com/JungHoonGhae/tossinvest-cli/internal/obs/notifier.go:874.2,874.37 1 1
github.com/JungHoonGhae/tossinvest-cli/internal/obs/notifier.go:874.37,876.3 1 1
github.com/JungHoonGhae/tossinvest-cli/internal/obs/notifier.go:877.2,877.12 1 1
github.com/JungHoonGhae/tossinvest-cli/internal/obs/notifier.go:885.45,886.48 1 1
github.com/JungHoonGhae/tossinvest-cli/internal/obs/notifier.go:886.48,888.3 1 1
github.com/JungHoonGhae/tossinvest-cli/internal/obs/notifier.go:889.2,890.76 2 1
github.com/JungHoonGhae/tossinvest-cli/internal/obs/notifier.go:890.76,891.35 1 1
github.com/JungHoonGhae/tossinvest-cli/internal/obs/notifier.go:891.35,893.4 1 1
github.com/JungHoonGhae/tossinvest-cli/internal/obs/notifier.go:895.2,895.33 1 1
github.com/JungHoonGhae/tossinvest-cli/internal/obs/notifier.go:898.63,900.17 2 1
github.com/JungHoonGhae/tossinvest-cli/internal/obs/notifier.go:900.17,902.3 1 1
github.com/JungHoonGhae/tossinvest-cli/internal/obs/notifier.go:903.2,904.23 2 1
github.com/JungHoonGhae/tossinvest-cli/internal/obs/notifier.go:904.23,906.3 1 1
github.com/JungHoonGhae/tossinvest-cli/internal/obs/notifier.go:907.2,907.81 1 1
github.com/JungHoonGhae/tossinvest-cli/internal/obs/notifier.go:910.49,911.22 1 1
github.com/JungHoonGhae/tossinvest-cli/internal/obs/notifier.go:911.22,913.3 1 1
github.com/JungHoonGhae/tossinvest-cli/internal/obs/notifier.go:914.2,915.16 2 1
github.com/JungHoonGhae/tossinvest-cli/internal/obs/notifier.go:915.16,917.3 1 0
github.com/JungHoonGhae/tossinvest-cli/internal/obs/notifier.go:918.2,918.21 1 1
github.com/JungHoonGhae/tossinvest-cli/internal/obs/notifier.go:923.49,925.24 2 1
github.com/JungHoonGhae/tossinvest-cli/internal/obs/notifier.go:925.24,927.3 1 1
github.com/JungHoonGhae/tossinvest-cli/internal/obs/notifier.go:928.2,931.25 3 1
github.com/JungHoonGhae/tossinvest-cli/internal/obs/notifier.go:931.25,933.3 1 1
github.com/JungHoonGhae/tossinvest-cli/internal/obs/notifier.go:934.2,934.44 1 1
github.com/JungHoonGhae/tossinvest-cli/internal/obs/notifier.go:937.30,938.30 1 1
github.com/JungHoonGhae/tossinvest-cli/internal/obs/notifier.go:938.30,939.43 1 1
github.com/JungHoonGhae/tossinvest-cli/internal/obs/notifier.go:939.43,941.4 1 1
