mode: set
github.com/JungHoonGhae/tossinvest-cli/internal/app/engine/alertdelivery.go:212.57,213.6 1 1
github.com/JungHoonGhae/tossinvest-cli/internal/app/engine/alertdelivery.go:213.6,214.38 1 1
github.com/JungHoonGhae/tossinvest-cli/internal/app/engine/alertdelivery.go:214.38,215.24 1 0
github.com/JungHoonGhae/tossinvest-cli/internal/app/engine/alertdelivery.go:215.24,217.5 1 0
github.com/JungHoonGhae/tossinvest-cli/internal/app/engine/alertdelivery.go:218.4,218.69 1 0
github.com/JungHoonGhae/tossinvest-cli/internal/app/engine/alertdelivery.go:223.3,223.58 1 1
github.com/JungHoonGhae/tossinvest-cli/internal/app/engine/alertdelivery.go:223.58,225.4 1 1
github.com/JungHoonGhae/tossinvest-cli/internal/app/engine/alertdelivery.go:235.59,243.16 3 1
github.com/JungHoonGhae/tossinvest-cli/internal/app/engine/alertdelivery.go:243.16,247.3 2 1
github.com/JungHoonGhae/tossinvest-cli/internal/app/engine/alertdelivery.go:248.2,249.30 2 1
github.com/JungHoonGhae/tossinvest-cli/internal/app/engine/alertdelivery.go:249.30,253.3 1 1
github.com/JungHoonGhae/tossinvest-cli/internal/app/engine/alertdelivery.go:254.2,254.32 1 1
github.com/JungHoonGhae/tossinvest-cli/internal/app/engine/alertdelivery.go:254.32,258.23 1 1
github.com/JungHoonGhae/tossinvest-cli/internal/app/engine/alertdelivery.go:258.23,260.4 1 1
github.com/JungHoonGhae/tossinvest-cli/internal/app/engine/alertdelivery.go:261.3,261.27 1 1
github.com/JungHoonGhae/tossinvest-cli/internal/app/engine/alertdelivery.go:263.2,263.12 1 1
github.com/JungHoonGhae/tossinvest-cli/internal/app/engine/alertdelivery.go:270.79,272.16 2 1
github.com/JungHoonGhae/tossinvest-cli/internal/app/engine/alertdelivery.go:272.16,277.3 3 1
github.com/JungHoonGhae/tossinvest-cli/internal/app/engine/alertdelivery.go:278.2,278.27 1 1
github.com/JungHoonGhae/tossinvest-cli/internal/app/engine/alertdelivery.go:279.29,282.25 1 1
github.com/JungHoonGhae/tossinvest-cli/internal/app/engine/alertdelivery.go:283.34,292.46 1 1
github.com/JungHoonGhae/tossinvest-cli/internal/app/engine/alertdelivery.go:292.46,296.4 1 1
github.com/JungHoonGhae/tossinvest-cli/internal/app/engine/alertdelivery.go:297.3,297.9 1 1
github.com/JungHoonGhae/tossinvest-cli/internal/app/engine/alertdelivery.go:298.10,303.9 3 1
github.com/JungHoonGhae/tossinvest-cli/internal/app/engine/alertdelivery.go:305.2,305.17 1 1
github.com/JungHoonGhae/tossinvest-cli/internal/app/engine/alertdelivery.go:305.17,310.3 1 1
github.com/JungHoonGhae/tossinvest-cli/internal/app/engine/alertdelivery.go:312.2,314.24 3 1
github.com/JungHoonGhae/tossinvest-cli/internal/app/engine/alertdelivery.go:314.24,324.3 2 1
github.com/JungHoonGhae/tossinvest-cli/internal/app/engine/alertdelivery.go:324.8,331.18 2 1
github.com/JungHoonGhae/tossinvest-cli/internal/app/engine/alertdelivery.go:331.18,333.4 1 1
github.com/JungHoonGhae/tossinvest-cli/internal/app/engine/alertdelivery.go:335.2,335.17 1 1
github.com/JungHoonGhae/tossinvest-cli/internal/app/engine/alertdelivery.go:335.17,338.3 2 1
github.com/JungHoonGhae/tossinvest-cli/internal/app/engine/alertdelivery.go:339.2,339.46 1 1
github.com/JungHoonGhae/tossinvest-cli/internal/app/engine/alertdelivery.go:346.98,348.16 2 1
github.com/JungHoonGhae/tossinvest-cli/internal/app/engine/alertdelivery.go:348.16,350.3 1 1
github.com/JungHoonGhae/tossinvest-cli/internal/app/engine/alertdelivery.go:351.2,353.16 3 1
github.com/JungHoonGhae/tossinvest-cli/internal/app/engine/alertdelivery.go:353.16,358.3 2 1
github.com/JungHoonGhae/tossinvest-cli/internal/app/engine/alertdelivery.go:359.2,359.21 1 1
github.com/JungHoonGhae/tossinvest-cli/internal/app/engine/alertdelivery.go:360.29,363.39 2 1
github.com/JungHoonGhae/tossinvest-cli/internal/app/engine/alertdelivery.go:363.39,365.4 1 1
github.com/JungHoonGhae/tossinvest-cli/internal/app/engine/alertdelivery.go:366.3,366.98 1 1
github.com/JungHoonGhae/tossinvest-cli/internal/app/engine/alertdelivery.go:367.61,367.61 0 1
github.com/JungHoonGhae/tossinvest-cli/internal/app/engine/alertdelivery.go:369.10,372.66 1 1
github.com/JungHoonGhae/tossinvest-cli/internal/app/engine/alertdelivery.go:378.86,381.16 3 1
github.com/JungHoonGhae/tossinvest-cli/internal/app/engine/alertdelivery.go:381.16,390.3 3 1
github.com/JungHoonGhae/tossinvest-cli/internal/app/engine/alertdelivery.go:391.2,391.46 1 1
github.com/JungHoonGhae/tossinvest-cli/internal/app/engine/alertdelivery.go:391.46,394.3 2 1
github.com/JungHoonGhae/tossinvest-cli/internal/app/engine/alertdelivery.go:395.2,395.25 1 1
github.com/JungHoonGhae/tossinvest-cli/internal/app/engine/alertdelivery.go:396.61,400.56 1 1
github.com/JungHoonGhae/tossinvest-cli/internal/app/engine/alertdelivery.go:401.10,405.64 2 1
github.com/JungHoonGhae/tossinvest-cli/internal/app/engine/alertdelivery.go:411.53,413.19 2 1
github.com/JungHoonGhae/tossinvest-cli/internal/app/engine/alertdelivery.go:413.19,415.3 1 1
github.com/JungHoonGhae/tossinvest-cli/internal/app/engine/alertdelivery.go:416.2,417.14 2 1
github.com/JungHoonGhae/tossinvest-cli/internal/app/engine/alertdelivery.go:427.107,428.19 1 1
github.com/JungHoonGhae/tossinvest-cli/internal/app/engine/alertdelivery.go:428.19,429.108 1 1
github.com/JungHoonGhae/tossinvest-cli/internal/app/engine/alertdelivery.go:429.108,431.4 1 1
github.com/JungHoonGhae/tossinvest-cli/internal/app/engine/alertdelivery.go:433.2,434.15 2 1
github.com/JungHoonGhae/tossinvest-cli/internal/app/engine/alertdelivery.go:434.15,436.3 1 1
github.com/JungHoonGhae/tossinvest-cli/internal/app/engine/alertdelivery.go:437.2,437.61 1 1
github.com/JungHoonGhae/tossinvest-cli/internal/app/engine/alertdelivery.go:437.61,439.3 1 1
github.com/JungHoonGhae/tossinvest-cli/internal/app/engine/alertdelivery.go:447.72,448.43 1 1
github.com/JungHoonGhae/tossinvest-cli/internal/app/engine/alertdelivery.go:448.43,450.3 1 1
github.com/JungHoonGhae/tossinvest-cli/internal/app/engine/alertdelivery.go:451.2,453.16 2 1
github.com/JungHoonGhae/tossinvest-cli/internal/app/engine/alertdelivery.go:453.16,454.19 1 1
github.com/JungHoonGhae/tossinvest-cli/internal/app/engine/alertdelivery.go:454.19,456.84 2 1
github.com/JungHoonGhae/tossinvest-cli/internal/app/engine/alertdelivery.go:456.84,458.5 1 1
github.com/JungHoonGhae/tossinvest-cli/internal/app/engine/alertdelivery.go:459.4,463.14 1 1
github.com/JungHoonGhae/tossinvest-cli/internal/app/engine/alertdelivery.go:465.3,465.13 1 1
github.com/JungHoonGhae/tossinvest-cli/internal/app/engine/alertdelivery.go:467.2,467.29 1 1
github.com/JungHoonGhae/tossinvest-cli/internal/app/engine/alertdelivery.go:467.29,474.3 1 1
github.com/JungHoonGhae/tossinvest-cli/internal/app/engine/alertdelivery.go:475.2,475.12 1 1
github.com/JungHoonGhae/tossinvest-cli/internal/app/engine/alertdelivery.go:480.63,481.18 1 1
github.com/JungHoonGhae/tossinvest-cli/internal/app/engine/alertdelivery.go:481.18,483.3 1 1
github.com/JungHoonGhae/tossinvest-cli/internal/app/engine/alertdelivery.go:484.2,488.12 1 1
github.com/JungHoonGhae/tossinvest-cli/internal/app/engine/alertdelivery.go:492.48,493.22 1 1
github.com/JungHoonGhae/tossinvest-cli/internal/app/engine/alertdelivery.go:493.22,495.3 1 1
github.com/JungHoonGhae/tossinvest-cli/internal/app/engine/alertdelivery.go:496.2,496.39 1 1
github.com/JungHoonGhae/tossinvest-cli/internal/app/engine/alertdelivery.go:503.76,504.22 1 1
github.com/JungHoonGhae/tossinvest-cli/internal/app/engine/alertdelivery.go:504.22,506.3 1 1
github.com/JungHoonGhae/tossinvest-cli/internal/app/engine/alertdelivery.go:507.2,508.25 2 1
github.com/JungHoonGhae/tossinvest-cli/internal/app/engine/alertdelivery.go:508.25,510.3 1 1
github.com/JungHoonGhae/tossinvest-cli/internal/app/engine/alertdelivery.go:511.2,512.13 2 1
github.com/JungHoonGhae/tossinvest-cli/internal/app/engine/alertdelivery.go:512.13,515.3 2 1
github.com/JungHoonGhae/tossinvest-cli/internal/app/engine/alertdelivery.go:516.2,517.89 2 1
github.com/JungHoonGhae/tossinvest-cli/internal/app/engine/alertdelivery.go:521.64,522.22 1 1
github.com/JungHoonGhae/tossinvest-cli/internal/app/engine/alertdelivery.go:522.22,524.3 1 1
github.com/JungHoonGhae/tossinvest-cli/internal/app/engine/alertdelivery.go:525.2,527.13 3 1
github.com/JungHoonGhae/tossinvest-cli/internal/app/engine/alertdelivery.go:527.13,530.3 2 1
github.com/JungHoonGhae/tossinvest-cli/internal/app/engine/alertdelivery.go:531.2,532.95 2 1
github.com/JungHoonGhae/tossinvest-cli/internal/app/engine/alertdelivery.go:542.114,544.20 1 1
github.com/JungHoonGhae/tossinvest-cli/internal/app/engine/alertdelivery.go:544.20,545.29 1 1
github.com/JungHoonGhae/tossinvest-cli/internal/app/engine/alertdelivery.go:545.29,547.4 1 0
github.com/JungHoonGhae/tossinvest-cli/internal/app/engine/alertdelivery.go:548.3,548.59 1 1
github.com/JungHoonGhae/tossinvest-cli/internal/app/engine/alertdelivery.go:550.2,550.38 1 1
github.com/JungHoonGhae/tossinvest-cli/internal/app/engine/alertdelivery.go:550.38,552.3 1 1
github.com/JungHoonGhae/tossinvest-cli/internal/app/engine/alertdelivery.go:553.2,553.24 1 1
github.com/JungHoonGhae/tossinvest-cli/internal/app/engine/alertdelivery.go:553.24,555.3 1 1
github.com/JungHoonGhae/tossinvest-cli/internal/app/engine/alertdelivery.go:556.2,556.70 1 1
github.com/JungHoonGhae/tossinvest-cli/internal/app/engine/alertdelivery.go:561.52,563.2 1 1
github.com/JungHoonGhae/tossinvest-cli/internal/app/engine/alertdelivery.go:566.67,567.28 1 1
github.com/JungHoonGhae/tossinvest-cli/internal/app/engine/alertdelivery.go:567.28,569.3 1 1
github.com/JungHoonGhae/tossinvest-cli/internal/app/engine/alertdelivery.go:570.2,571.28 2 1
github.com/JungHoonGhae/tossinvest-cli/internal/app/engine/alertdelivery.go:571.28,573.3 1 1
github.com/JungHoonGhae/tossinvest-cli/internal/app/engine/alertdelivery.go:574.2,574.31 1 1
github.com/JungHoonGhae/tossinvest-cli/internal/app/engine/alertdelivery.go:574.31,575.32 1 1
github.com/JungHoonGhae/tossinvest-cli/internal/app/engine/alertdelivery.go:575.32,577.4 1 1
github.com/JungHoonGhae/tossinvest-cli/internal/app/engine/alertdelivery.go:581.64,582.24 1 1
github.com/JungHoonGhae/tossinvest-cli/internal/app/engine/alertdelivery.go:582.24,584.3 1 1
github.com/JungHoonGhae/tossinvest-cli/internal/app/engine/alertdelivery.go:588.44,589.21 1 1
github.com/JungHoonGhae/tossinvest-cli/internal/app/engine/alertdelivery.go:589.21,591.3 1 1
github.com/JungHoonGhae/tossinvest-cli/internal/app/engine/alertdelivery.go:592.2,592.18 1 1
github.com/JungHoonGhae/tossinvest-cli/internal/app/engine/alertdelivery.go:600.79,603.72 3 1
github.com/JungHoonGhae/tossinvest-cli/internal/app/engine/alertdelivery.go:603.72,605.3 1 0
github.com/JungHoonGhae/tossinvest-cli/internal/app/engine/alertdelivery.go:614.71,615.27 1 1
github.com/JungHoonGhae/tossinvest-cli/internal/app/engine/alertdelivery.go:615.27,617.3 1 1
github.com/JungHoonGhae/tossinvest-cli/internal/app/engine/alertdelivery.go:618.2,618.63 1 1
github.com/JungHoonGhae/tossinvest-cli/internal/app/engine/alertdelivery.go:618.63,620.3 1 1
github.com/JungHoonGhae/tossinvest-cli/internal/app/engine/alertdelivery.go:621.2,622.13 2 1
github.com/JungHoonGhae/tossinvest-cli/internal/app/engine/alertdelivery.go:625.47,627.2 1 1
github.com/JungHoonGhae/tossinvest-cli/internal/app/engine/alertdelivery.go:634.58,635.42 1 1
github.com/JungHoonGhae/tossinvest-cli/internal/app/engine/alertdelivery.go:635.42,636.26 1 1
github.com/JungHoonGhae/tossinvest-cli/internal/app/engine/alertdelivery.go:636.26,638.4 1 1
github.com/JungHoonGhae/tossinvest-cli/internal/app/engine/alertdelivery.go:642.51,643.21 1 1
github.com/JungHoonGhae/tossinvest-cli/internal/app/engine/alertdelivery.go:643.21,645.3 1 1
github.com/JungHoonGhae/tossinvest-cli/internal/app/engine/alertdelivery.go:646.2,646.19 1 1
github.com/JungHoonGhae/tossinvest-cli/internal/app/engine/alertdelivery.go:649.38,650.18 1 1
github.com/JungHoonGhae/tossinvest-cli/internal/app/engine/alertdelivery.go:650.18,652.3 1 1
github.com/JungHoonGhae/tossinvest-cli/internal/app/engine/alertdelivery.go:653.2,653.16 1 1
github.com/JungHoonGhae/tossinvest-cli/internal/app/engine/alertdelivery.go:656.44,657.22 1 1
github.com/JungHoonGhae/tossinvest-cli/internal/app/engine/alertdelivery.go:657.22,659.3 1 1
github.com/JungHoonGhae/tossinvest-cli/internal/app/engine/alertdelivery.go:660.2,660.19 1 1
github.com/JungHoonGhae/tossinvest-cli/internal/app/engine/alertdelivery.go:665.91,666.18 1 1
github.com/JungHoonGhae/tossinvest-cli/internal/app/engine/alertdelivery.go:666.18,668.3 1 1
github.com/JungHoonGhae/tossinvest-cli/internal/app/engine/alertdelivery.go:669.2,670.16 2 1
github.com/JungHoonGhae/tossinvest-cli/internal/app/engine/alertdelivery.go:670.16,673.3 2 1
github.com/JungHoonGhae/tossinvest-cli/internal/app/engine/alertdelivery.go:674.2,674.28 1 1
