mode: set
github.com/JungHoonGhae/tossinvest-cli/internal/exitpolicy/recovery.go:81.89,83.36 2 1
github.com/JungHoonGhae/tossinvest-cli/internal/exitpolicy/recovery.go:83.36,86.3 2 1
github.com/JungHoonGhae/tossinvest-cli/internal/exitpolicy/recovery.go:87.2,87.88 1 1
github.com/JungHoonGhae/tossinvest-cli/internal/exitpolicy/recovery.go:90.87,94.2 3 1
github.com/JungHoonGhae/tossinvest-cli/internal/exitpolicy/recovery.go:99.99,100.55 1 1
github.com/JungHoonGhae/tossinvest-cli/internal/exitpolicy/recovery.go:100.55,102.3 1 1
github.com/JungHoonGhae/tossinvest-cli/internal/exitpolicy/recovery.go:103.2,103.63 1 1
github.com/JungHoonGhae/tossinvest-cli/internal/exitpolicy/recovery.go:103.63,105.3 1 0
github.com/JungHoonGhae/tossinvest-cli/internal/exitpolicy/recovery.go:106.2,108.51 3 1
github.com/JungHoonGhae/tossinvest-cli/internal/exitpolicy/recovery.go:108.51,110.17 2 1
github.com/JungHoonGhae/tossinvest-cli/internal/exitpolicy/recovery.go:110.17,113.4 2 1
github.com/JungHoonGhae/tossinvest-cli/internal/exitpolicy/recovery.go:114.8,117.17 3 1
github.com/JungHoonGhae/tossinvest-cli/internal/exitpolicy/recovery.go:117.17,121.4 2 1
github.com/JungHoonGhae/tossinvest-cli/internal/exitpolicy/recovery.go:123.2,123.16 1 1
github.com/JungHoonGhae/tossinvest-cli/internal/exitpolicy/recovery.go:123.16,125.3 1 0
github.com/JungHoonGhae/tossinvest-cli/internal/exitpolicy/recovery.go:126.2,126.40 1 1
github.com/JungHoonGhae/tossinvest-cli/internal/exitpolicy/recovery.go:126.40,128.3 1 1
github.com/JungHoonGhae/tossinvest-cli/internal/exitpolicy/recovery.go:129.2,129.12 1 1
github.com/JungHoonGhae/tossinvest-cli/internal/exitpolicy/recovery.go:134.125,135.61 1 1
github.com/JungHoonGhae/tossinvest-cli/internal/exitpolicy/recovery.go:135.61,137.3 1 1
github.com/JungHoonGhae/tossinvest-cli/internal/exitpolicy/recovery.go:138.2,138.18 1 1
github.com/JungHoonGhae/tossinvest-cli/internal/exitpolicy/recovery.go:138.18,140.3 1 0
github.com/JungHoonGhae/tossinvest-cli/internal/exitpolicy/recovery.go:141.2,141.57 1 1
github.com/JungHoonGhae/tossinvest-cli/internal/exitpolicy/recovery.go:141.57,143.3 1 0
github.com/JungHoonGhae/tossinvest-cli/internal/exitpolicy/recovery.go:144.2,147.51 1 1
github.com/JungHoonGhae/tossinvest-cli/internal/exitpolicy/recovery.go:147.51,149.3 1 1
github.com/JungHoonGhae/tossinvest-cli/internal/exitpolicy/recovery.go:150.2,151.16 2 1
github.com/JungHoonGhae/tossinvest-cli/internal/exitpolicy/recovery.go:151.16,153.3 1 0
github.com/JungHoonGhae/tossinvest-cli/internal/exitpolicy/recovery.go:154.2,155.16 2 1
github.com/JungHoonGhae/tossinvest-cli/internal/exitpolicy/recovery.go:155.16,157.3 1 0
github.com/JungHoonGhae/tossinvest-cli/internal/exitpolicy/recovery.go:158.2,159.16 2 1
github.com/JungHoonGhae/tossinvest-cli/internal/exitpolicy/recovery.go:159.16,161.3 1 0
github.com/JungHoonGhae/tossinvest-cli/internal/exitpolicy/recovery.go:162.2,162.116 1 1
github.com/JungHoonGhae/tossinvest-cli/internal/exitpolicy/recovery.go:162.116,164.3 1 1
github.com/JungHoonGhae/tossinvest-cli/internal/exitpolicy/recovery.go:165.2,165.48 1 1
github.com/JungHoonGhae/tossinvest-cli/internal/exitpolicy/recovery.go:165.48,167.3 1 1
github.com/JungHoonGhae/tossinvest-cli/internal/exitpolicy/recovery.go:168.2,168.48 1 1
github.com/JungHoonGhae/tossinvest-cli/internal/exitpolicy/recovery.go:168.48,170.3 1 1
github.com/JungHoonGhae/tossinvest-cli/internal/exitpolicy/recovery.go:171.2,171.53 1 1
github.com/JungHoonGhae/tossinvest-cli/internal/exitpolicy/recovery.go:174.57,176.113 1 1
github.com/JungHoonGhae/tossinvest-cli/internal/exitpolicy/recovery.go:176.113,178.3 1 0
github.com/JungHoonGhae/tossinvest-cli/internal/exitpolicy/recovery.go:179.2,179.44 1 1
github.com/JungHoonGhae/tossinvest-cli/internal/exitpolicy/recovery.go:179.44,181.3 1 0
github.com/JungHoonGhae/tossinvest-cli/internal/exitpolicy/recovery.go:182.2,182.41 1 1
github.com/JungHoonGhae/tossinvest-cli/internal/exitpolicy/recovery.go:182.41,184.3 1 0
github.com/JungHoonGhae/tossinvest-cli/internal/exitpolicy/recovery.go:185.2,187.80 3 1
github.com/JungHoonGhae/tossinvest-cli/internal/exitpolicy/recovery.go:187.80,189.3 1 1
github.com/JungHoonGhae/tossinvest-cli/internal/exitpolicy/recovery.go:190.2,191.16 2 1
github.com/JungHoonGhae/tossinvest-cli/internal/exitpolicy/recovery.go:191.16,193.3 1 0
github.com/JungHoonGhae/tossinvest-cli/internal/exitpolicy/recovery.go:194.2,195.16 2 1
github.com/JungHoonGhae/tossinvest-cli/internal/exitpolicy/recovery.go:195.16,197.3 1 0
github.com/JungHoonGhae/tossinvest-cli/internal/exitpolicy/recovery.go:198.2,198.26 1 1
github.com/JungHoonGhae/tossinvest-cli/internal/exitpolicy/recovery.go:198.26,200.3 1 0
github.com/JungHoonGhae/tossinvest-cli/internal/exitpolicy/recovery.go:201.2,201.80 1 1
github.com/JungHoonGhae/tossinvest-cli/internal/exitpolicy/recovery.go:201.80,203.3 1 0
github.com/JungHoonGhae/tossinvest-cli/internal/exitpolicy/recovery.go:204.2,204.80 1 1
github.com/JungHoonGhae/tossinvest-cli/internal/exitpolicy/recovery.go:204.80,206.3 1 0
github.com/JungHoonGhae/tossinvest-cli/internal/exitpolicy/recovery.go:207.2,207.72 1 1
github.com/JungHoonGhae/tossinvest-cli/internal/exitpolicy/recovery.go:207.72,209.3 1 0
github.com/JungHoonGhae/tossinvest-cli/internal/exitpolicy/recovery.go:210.2,210.124 1 1
github.com/JungHoonGhae/tossinvest-cli/internal/exitpolicy/recovery.go:210.124,211.42 1 1
github.com/JungHoonGhae/tossinvest-cli/internal/exitpolicy/recovery.go:211.42,212.61 1 1
github.com/JungHoonGhae/tossinvest-cli/internal/exitpolicy/recovery.go:212.61,214.5 1 0
github.com/JungHoonGhae/tossinvest-cli/internal/exitpolicy/recovery.go:217.2,217.27 1 1
github.com/JungHoonGhae/tossinvest-cli/internal/exitpolicy/recovery.go:217.27,219.3 1 1
github.com/JungHoonGhae/tossinvest-cli/internal/exitpolicy/recovery.go:220.2,220.55 1 1
github.com/JungHoonGhae/tossinvest-cli/internal/exitpolicy/recovery.go:220.55,222.3 1 1
github.com/JungHoonGhae/tossinvest-cli/internal/exitpolicy/recovery.go:223.2,224.18 2 1
github.com/JungHoonGhae/tossinvest-cli/internal/exitpolicy/recovery.go:224.18,226.3 1 0
github.com/JungHoonGhae/tossinvest-cli/internal/exitpolicy/recovery.go:227.2,227.26 1 1
github.com/JungHoonGhae/tossinvest-cli/internal/exitpolicy/recovery.go:227.26,228.87 1 1
github.com/JungHoonGhae/tossinvest-cli/internal/exitpolicy/recovery.go:228.87,230.4 1 0
github.com/JungHoonGhae/tossinvest-cli/internal/exitpolicy/recovery.go:231.3,232.65 2 1
github.com/JungHoonGhae/tossinvest-cli/internal/exitpolicy/recovery.go:232.65,234.4 1 1
github.com/JungHoonGhae/tossinvest-cli/internal/exitpolicy/recovery.go:235.8,235.73 1 1
github.com/JungHoonGhae/tossinvest-cli/internal/exitpolicy/recovery.go:235.73,237.3 1 0
github.com/JungHoonGhae/tossinvest-cli/internal/exitpolicy/recovery.go:238.2,238.12 1 1
github.com/JungHoonGhae/tossinvest-cli/internal/exitpolicy/recovery.go:241.45,243.77 2 1
github.com/JungHoonGhae/tossinvest-cli/internal/exitpolicy/recovery.go:243.77,245.3 1 0
github.com/JungHoonGhae/tossinvest-cli/internal/exitpolicy/recovery.go:246.2,246.57 1 1
github.com/JungHoonGhae/tossinvest-cli/internal/exitpolicy/recovery.go:246.57,247.58 1 1
github.com/JungHoonGhae/tossinvest-cli/internal/exitpolicy/recovery.go:247.58,249.4 1 0
github.com/JungHoonGhae/tossinvest-cli/internal/exitpolicy/recovery.go:251.2,251.13 1 1
github.com/JungHoonGhae/tossinvest-cli/internal/exitpolicy/recovery.go:254.55,256.16 2 1
github.com/JungHoonGhae/tossinvest-cli/internal/exitpolicy/recovery.go:256.16,258.3 1 0
github.com/JungHoonGhae/tossinvest-cli/internal/exitpolicy/recovery.go:259.2,260.16 2 1
github.com/JungHoonGhae/tossinvest-cli/internal/exitpolicy/recovery.go:260.16,262.3 1 0
github.com/JungHoonGhae/tossinvest-cli/internal/exitpolicy/recovery.go:263.2,263.24 1 1
github.com/JungHoonGhae/tossinvest-cli/internal/exitpolicy/recovery.go:284.63,285.54 1 1
github.com/JungHoonGhae/tossinvest-cli/internal/exitpolicy/recovery.go:285.54,286.10 1 1
github.com/JungHoonGhae/tossinvest-cli/internal/exitpolicy/recovery.go:287.36,288.18 1 1
github.com/JungHoonGhae/tossinvest-cli/internal/exitpolicy/recovery.go:289.36,290.17 1 1
github.com/JungHoonGhae/tossinvest-cli/internal/exitpolicy/recovery.go:291.11,292.17 1 1
github.com/JungHoonGhae/tossinvest-cli/internal/exitpolicy/recovery.go:295.2,295.40 1 1
github.com/JungHoonGhae/tossinvest-cli/internal/exitpolicy/recovery.go:295.40,296.114 1 1
github.com/JungHoonGhae/tossinvest-cli/internal/exitpolicy/recovery.go:296.114,297.26 1 1
github.com/JungHoonGhae/tossinvest-cli/internal/exitpolicy/recovery.go:297.26,299.5 1 1
github.com/JungHoonGhae/tossinvest-cli/internal/exitpolicy/recovery.go:301.3,301.18 1 0
github.com/JungHoonGhae/tossinvest-cli/internal/exitpolicy/recovery.go:303.2,305.18 3 1
github.com/JungHoonGhae/tossinvest-cli/internal/exitpolicy/recovery.go:305.18,307.3 1 0
github.com/JungHoonGhae/tossinvest-cli/internal/exitpolicy/recovery.go:308.2,308.9 1 1
github.com/JungHoonGhae/tossinvest-cli/internal/exitpolicy/recovery.go:309.15,310.17 1 1
github.com/JungHoonGhae/tossinvest-cli/internal/exitpolicy/recovery.go:311.15,312.16 1 1
github.com/JungHoonGhae/tossinvest-cli/internal/exitpolicy/recovery.go:313.10,314.16 1 1
github.com/JungHoonGhae/tossinvest-cli/internal/exitpolicy/recovery.go:318.51,322.2 1 1
