mode: set
github.com/JungHoonGhae/tossinvest-cli/internal/journal/outbox.go:131.77,133.16 2 1
github.com/JungHoonGhae/tossinvest-cli/internal/journal/outbox.go:133.16,135.3 1 1
github.com/JungHoonGhae/tossinvest-cli/internal/journal/outbox.go:136.2,137.16 2 1
github.com/JungHoonGhae/tossinvest-cli/internal/journal/outbox.go:137.16,139.3 1 0
github.com/JungHoonGhae/tossinvest-cli/internal/journal/outbox.go:140.2,147.16 3 1
github.com/JungHoonGhae/tossinvest-cli/internal/journal/outbox.go:147.16,149.3 1 0
github.com/JungHoonGhae/tossinvest-cli/internal/journal/outbox.go:150.2,150.36 1 1
github.com/JungHoonGhae/tossinvest-cli/internal/journal/outbox.go:150.36,152.3 1 0
github.com/JungHoonGhae/tossinvest-cli/internal/journal/outbox.go:153.2,153.16 1 1
github.com/JungHoonGhae/tossinvest-cli/internal/journal/outbox.go:160.40,162.15 2 1
github.com/JungHoonGhae/tossinvest-cli/internal/journal/outbox.go:162.15,164.3 1 1
github.com/JungHoonGhae/tossinvest-cli/internal/journal/outbox.go:165.2,165.37 1 1
github.com/JungHoonGhae/tossinvest-cli/internal/journal/outbox.go:165.37,167.3 1 1
github.com/JungHoonGhae/tossinvest-cli/internal/journal/outbox.go:168.2,168.17 1 1
github.com/JungHoonGhae/tossinvest-cli/internal/journal/outbox.go:233.24,235.16 2 1
github.com/JungHoonGhae/tossinvest-cli/internal/journal/outbox.go:235.16,237.3 1 0
github.com/JungHoonGhae/tossinvest-cli/internal/journal/outbox.go:238.2,238.39 1 1
github.com/JungHoonGhae/tossinvest-cli/internal/journal/outbox.go:238.39,240.3 1 1
github.com/JungHoonGhae/tossinvest-cli/internal/journal/outbox.go:241.2,242.16 2 1
github.com/JungHoonGhae/tossinvest-cli/internal/journal/outbox.go:242.16,244.3 1 0
github.com/JungHoonGhae/tossinvest-cli/internal/journal/outbox.go:245.2,248.16 3 1
github.com/JungHoonGhae/tossinvest-cli/internal/journal/outbox.go:248.16,250.3 1 0
github.com/JungHoonGhae/tossinvest-cli/internal/journal/outbox.go:251.2,251.11 1 1
github.com/JungHoonGhae/tossinvest-cli/internal/journal/outbox.go:251.11,252.37 1 1
github.com/JungHoonGhae/tossinvest-cli/internal/journal/outbox.go:252.37,254.4 1 0
github.com/JungHoonGhae/tossinvest-cli/internal/journal/outbox.go:257.3,257.61 1 1
github.com/JungHoonGhae/tossinvest-cli/internal/journal/outbox.go:259.2,260.16 2 1
github.com/JungHoonGhae/tossinvest-cli/internal/journal/outbox.go:260.16,262.3 1 0
github.com/JungHoonGhae/tossinvest-cli/internal/journal/outbox.go:263.2,263.36 1 1
github.com/JungHoonGhae/tossinvest-cli/internal/journal/outbox.go:263.36,265.3 1 0
github.com/JungHoonGhae/tossinvest-cli/internal/journal/outbox.go:266.2,266.17 1 1
github.com/JungHoonGhae/tossinvest-cli/internal/journal/outbox.go:278.24,280.16 2 1
github.com/JungHoonGhae/tossinvest-cli/internal/journal/outbox.go:280.16,282.3 1 0
github.com/JungHoonGhae/tossinvest-cli/internal/journal/outbox.go:283.2,292.9 7 1
github.com/JungHoonGhae/tossinvest-cli/internal/journal/outbox.go:293.18,295.12 2 1
github.com/JungHoonGhae/tossinvest-cli/internal/journal/outbox.go:295.12,342.70 1 1
github.com/JungHoonGhae/tossinvest-cli/internal/journal/outbox.go:342.70,344.5 1 0
github.com/JungHoonGhae/tossinvest-cli/internal/journal/outbox.go:346.3,346.29 1 1
github.com/JungHoonGhae/tossinvest-cli/internal/journal/outbox.go:347.38,348.76 1 0
github.com/JungHoonGhae/tossinvest-cli/internal/journal/outbox.go:351.2,355.16 2 1
github.com/JungHoonGhae/tossinvest-cli/internal/journal/outbox.go:355.16,357.3 1 0
github.com/JungHoonGhae/tossinvest-cli/internal/journal/outbox.go:358.2,359.16 2 1
github.com/JungHoonGhae/tossinvest-cli/internal/journal/outbox.go:359.16,361.3 1 0
github.com/JungHoonGhae/tossinvest-cli/internal/journal/outbox.go:363.2,363.22 1 1
github.com/JungHoonGhae/tossinvest-cli/internal/journal/outbox.go:377.27,378.15 1 1
github.com/JungHoonGhae/tossinvest-cli/internal/journal/outbox.go:379.20,381.21 1 1
github.com/JungHoonGhae/tossinvest-cli/internal/journal/outbox.go:382.41,383.23 1 1
github.com/JungHoonGhae/tossinvest-cli/internal/journal/outbox.go:383.23,385.4 1 1
github.com/JungHoonGhae/tossinvest-cli/internal/journal/outbox.go:386.3,387.10 2 1
github.com/JungHoonGhae/tossinvest-cli/internal/journal/outbox.go:387.10,391.4 1 0
github.com/JungHoonGhae/tossinvest-cli/internal/journal/outbox.go:392.3,393.18 2 1
github.com/JungHoonGhae/tossinvest-cli/internal/journal/outbox.go:393.18,406.4 1 1
github.com/JungHoonGhae/tossinvest-cli/internal/journal/outbox.go:407.3,407.28 1 1
github.com/JungHoonGhae/tossinvest-cli/internal/journal/outbox.go:407.28,409.4 1 1
github.com/JungHoonGhae/tossinvest-cli/internal/journal/outbox.go:410.3,410.20 1 1
github.com/JungHoonGhae/tossinvest-cli/internal/journal/outbox.go:411.10,416.20 1 1
github.com/JungHoonGhae/tossinvest-cli/internal/journal/outbox.go:421.62,424.27 3 1
github.com/JungHoonGhae/tossinvest-cli/internal/journal/outbox.go:424.27,425.52 1 1
github.com/JungHoonGhae/tossinvest-cli/internal/journal/outbox.go:425.52,426.12 1 1
github.com/JungHoonGhae/tossinvest-cli/internal/journal/outbox.go:428.3,429.17 2 1
github.com/JungHoonGhae/tossinvest-cli/internal/journal/outbox.go:429.17,430.12 1 0
github.com/JungHoonGhae/tossinvest-cli/internal/journal/outbox.go:432.3,432.33 1 1
github.com/JungHoonGhae/tossinvest-cli/internal/journal/outbox.go:432.33,434.4 1 1
github.com/JungHoonGhae/tossinvest-cli/internal/journal/outbox.go:436.2,436.22 1 1
github.com/JungHoonGhae/tossinvest-cli/internal/journal/outbox.go:449.105,457.2 2 1
github.com/JungHoonGhae/tossinvest-cli/internal/journal/outbox.go:467.116,474.2 2 1
github.com/JungHoonGhae/tossinvest-cli/internal/journal/outbox.go:481.90,482.39 1 1
github.com/JungHoonGhae/tossinvest-cli/internal/journal/outbox.go:482.39,484.3 1 1
github.com/JungHoonGhae/tossinvest-cli/internal/journal/outbox.go:485.2,500.16 3 1
github.com/JungHoonGhae/tossinvest-cli/internal/journal/outbox.go:500.16,502.3 1 0
github.com/JungHoonGhae/tossinvest-cli/internal/journal/outbox.go:503.2,503.31 1 1
github.com/JungHoonGhae/tossinvest-cli/internal/journal/outbox.go:522.107,525.15 3 1
github.com/JungHoonGhae/tossinvest-cli/internal/journal/outbox.go:525.15,528.3 2 1
github.com/JungHoonGhae/tossinvest-cli/internal/journal/outbox.go:529.2,530.16 2 1
github.com/JungHoonGhae/tossinvest-cli/internal/journal/outbox.go:530.16,532.3 1 0
github.com/JungHoonGhae/tossinvest-cli/internal/journal/outbox.go:533.2,534.25 2 1
github.com/JungHoonGhae/tossinvest-cli/internal/journal/outbox.go:539.82,542.15 3 1
github.com/JungHoonGhae/tossinvest-cli/internal/journal/outbox.go:542.15,545.3 2 1
github.com/JungHoonGhae/tossinvest-cli/internal/journal/outbox.go:546.2,547.16 2 1
github.com/JungHoonGhae/tossinvest-cli/internal/journal/outbox.go:547.16,549.3 1 0
github.com/JungHoonGhae/tossinvest-cli/internal/journal/outbox.go:550.2,551.25 2 1
github.com/JungHoonGhae/tossinvest-cli/internal/journal/outbox.go:555.70,558.91 2 1
github.com/JungHoonGhae/tossinvest-cli/internal/journal/outbox.go:558.91,560.3 1 0
github.com/JungHoonGhae/tossinvest-cli/internal/journal/outbox.go:561.2,561.15 1 1
github.com/JungHoonGhae/tossinvest-cli/internal/journal/outbox.go:565.77,567.16 2 1
github.com/JungHoonGhae/tossinvest-cli/internal/journal/outbox.go:567.16,569.3 1 0
github.com/JungHoonGhae/tossinvest-cli/internal/journal/outbox.go:570.2,572.16 3 1
github.com/JungHoonGhae/tossinvest-cli/internal/journal/outbox.go:572.16,574.3 1 0
github.com/JungHoonGhae/tossinvest-cli/internal/journal/outbox.go:575.2,575.22 1 1
github.com/JungHoonGhae/tossinvest-cli/internal/journal/outbox.go:575.22,577.3 1 0
github.com/JungHoonGhae/tossinvest-cli/internal/journal/outbox.go:578.2,578.23 1 1
github.com/JungHoonGhae/tossinvest-cli/internal/journal/outbox.go:581.50,583.18 2 1
github.com/JungHoonGhae/tossinvest-cli/internal/journal/outbox.go:583.18,598.77 2 1
github.com/JungHoonGhae/tossinvest-cli/internal/journal/outbox.go:598.77,600.4 1 0
github.com/JungHoonGhae/tossinvest-cli/internal/journal/outbox.go:601.3,610.23 10 1
github.com/JungHoonGhae/tossinvest-cli/internal/journal/outbox.go:612.2,612.35 1 1
github.com/JungHoonGhae/tossinvest-cli/internal/journal/outbox.go:612.35,614.3 1 0
github.com/JungHoonGhae/tossinvest-cli/internal/journal/outbox.go:615.2,615.17 1 1
github.com/JungHoonGhae/tossinvest-cli/internal/journal/outbox.go:618.52,620.16 2 1
github.com/JungHoonGhae/tossinvest-cli/internal/journal/outbox.go:620.16,622.3 1 0
github.com/JungHoonGhae/tossinvest-cli/internal/journal/outbox.go:623.2,623.12 1 1
github.com/JungHoonGhae/tossinvest-cli/internal/journal/outbox.go:623.12,625.3 1 0
github.com/JungHoonGhae/tossinvest-cli/internal/journal/outbox.go:626.2,626.12 1 1
github.com/JungHoonGhae/tossinvest-cli/internal/journal/outbox.go:629.37,631.16 2 1
github.com/JungHoonGhae/tossinvest-cli/internal/journal/outbox.go:631.16,633.3 1 0
github.com/JungHoonGhae/tossinvest-cli/internal/journal/outbox.go:634.2,634.17 1 1
github.com/JungHoonGhae/tossinvest-cli/internal/journal/outbox.go:637.54,638.51 1 1
github.com/JungHoonGhae/tossinvest-cli/internal/journal/outbox.go:638.51,640.3 1 1
github.com/JungHoonGhae/tossinvest-cli/internal/journal/outbox.go:641.2,642.17 2 1
github.com/JungHoonGhae/tossinvest-cli/internal/journal/outbox.go:642.17,644.3 1 0
github.com/JungHoonGhae/tossinvest-cli/internal/journal/outbox.go:645.2,645.12 1 1
