mode: set
github.com/JungHoonGhae/tossinvest-cli/internal/app/engine/adoption.go:76.25,78.16 2 1
github.com/JungHoonGhae/tossinvest-cli/internal/app/engine/adoption.go:78.16,80.3 1 1
github.com/JungHoonGhae/tossinvest-cli/internal/app/engine/adoption.go:81.2,87.44 3 1
github.com/JungHoonGhae/tossinvest-cli/internal/app/engine/adoption.go:87.44,89.19 2 1
github.com/JungHoonGhae/tossinvest-cli/internal/app/engine/adoption.go:89.19,91.4 1 0
github.com/JungHoonGhae/tossinvest-cli/internal/app/engine/adoption.go:92.3,93.71 2 1
github.com/JungHoonGhae/tossinvest-cli/internal/app/engine/adoption.go:93.71,94.12 1 0
github.com/JungHoonGhae/tossinvest-cli/internal/app/engine/adoption.go:97.3,98.17 2 1
github.com/JungHoonGhae/tossinvest-cli/internal/app/engine/adoption.go:98.17,102.12 1 0
github.com/JungHoonGhae/tossinvest-cli/internal/app/engine/adoption.go:104.3,104.70 1 1
github.com/JungHoonGhae/tossinvest-cli/internal/app/engine/adoption.go:104.70,105.12 1 0
github.com/JungHoonGhae/tossinvest-cli/internal/app/engine/adoption.go:108.3,108.23 1 1
github.com/JungHoonGhae/tossinvest-cli/internal/app/engine/adoption.go:108.23,109.19 1 1
github.com/JungHoonGhae/tossinvest-cli/internal/app/engine/adoption.go:109.19,111.5 1 1
github.com/JungHoonGhae/tossinvest-cli/internal/app/engine/adoption.go:112.4,112.12 1 1
github.com/JungHoonGhae/tossinvest-cli/internal/app/engine/adoption.go:116.3,116.32 1 1
github.com/JungHoonGhae/tossinvest-cli/internal/app/engine/adoption.go:116.32,117.12 1 1
github.com/JungHoonGhae/tossinvest-cli/internal/app/engine/adoption.go:119.3,119.13 1 1
github.com/JungHoonGhae/tossinvest-cli/internal/app/engine/adoption.go:119.13,120.12 1 0
github.com/JungHoonGhae/tossinvest-cli/internal/app/engine/adoption.go:127.3,127.39 1 1
github.com/JungHoonGhae/tossinvest-cli/internal/app/engine/adoption.go:127.39,129.12 2 1
github.com/JungHoonGhae/tossinvest-cli/internal/app/engine/adoption.go:135.3,135.68 1 1
github.com/JungHoonGhae/tossinvest-cli/internal/app/engine/adoption.go:135.68,137.12 2 1
github.com/JungHoonGhae/tossinvest-cli/internal/app/engine/adoption.go:139.3,139.76 1 1
github.com/JungHoonGhae/tossinvest-cli/internal/app/engine/adoption.go:142.2,143.31 2 1
github.com/JungHoonGhae/tossinvest-cli/internal/app/engine/adoption.go:143.31,144.30 1 1
github.com/JungHoonGhae/tossinvest-cli/internal/app/engine/adoption.go:144.30,149.4 1 1
github.com/JungHoonGhae/tossinvest-cli/internal/app/engine/adoption.go:152.2,152.30 1 1
github.com/JungHoonGhae/tossinvest-cli/internal/app/engine/adoption.go:152.30,155.3 2 1
github.com/JungHoonGhae/tossinvest-cli/internal/app/engine/adoption.go:159.63,160.27 1 1
github.com/JungHoonGhae/tossinvest-cli/internal/app/engine/adoption.go:160.27,162.3 1 0
github.com/JungHoonGhae/tossinvest-cli/internal/app/engine/adoption.go:163.2,163.89 1 1
github.com/JungHoonGhae/tossinvest-cli/internal/app/engine/adoption.go:173.41,175.26 2 1
github.com/JungHoonGhae/tossinvest-cli/internal/app/engine/adoption.go:175.26,177.3 1 1
github.com/JungHoonGhae/tossinvest-cli/internal/app/engine/adoption.go:179.2,180.16 2 1
github.com/JungHoonGhae/tossinvest-cli/internal/app/engine/adoption.go:180.16,182.23 2 0
github.com/JungHoonGhae/tossinvest-cli/internal/app/engine/adoption.go:182.23,184.4 1 0
github.com/JungHoonGhae/tossinvest-cli/internal/app/engine/adoption.go:185.3,185.17 1 0
github.com/JungHoonGhae/tossinvest-cli/internal/app/engine/adoption.go:188.2,189.16 2 1
github.com/JungHoonGhae/tossinvest-cli/internal/app/engine/adoption.go:189.16,191.3 1 1
github.com/JungHoonGhae/tossinvest-cli/internal/app/engine/adoption.go:192.2,192.31 1 1
github.com/JungHoonGhae/tossinvest-cli/internal/app/engine/adoption.go:192.31,195.10 3 1
github.com/JungHoonGhae/tossinvest-cli/internal/app/engine/adoption.go:195.10,199.12 2 1
github.com/JungHoonGhae/tossinvest-cli/internal/app/engine/adoption.go:201.3,201.50 1 1
github.com/JungHoonGhae/tossinvest-cli/internal/app/engine/adoption.go:201.50,209.4 3 1
github.com/JungHoonGhae/tossinvest-cli/internal/app/engine/adoption.go:210.3,210.35 1 1
github.com/JungHoonGhae/tossinvest-cli/internal/app/engine/adoption.go:210.35,213.12 3 1
github.com/JungHoonGhae/tossinvest-cli/internal/app/engine/adoption.go:215.3,215.19 1 0
github.com/JungHoonGhae/tossinvest-cli/internal/app/engine/adoption.go:217.2,217.16 1 1
github.com/JungHoonGhae/tossinvest-cli/internal/app/engine/adoption.go:222.39,225.31 3 1
github.com/JungHoonGhae/tossinvest-cli/internal/app/engine/adoption.go:225.31,228.35 3 1
github.com/JungHoonGhae/tossinvest-cli/internal/app/engine/adoption.go:228.35,229.12 1 0
github.com/JungHoonGhae/tossinvest-cli/internal/app/engine/adoption.go:231.3,232.21 2 1
github.com/JungHoonGhae/tossinvest-cli/internal/app/engine/adoption.go:232.21,236.4 3 1
github.com/JungHoonGhae/tossinvest-cli/internal/app/engine/adoption.go:237.3,237.31 1 1
github.com/JungHoonGhae/tossinvest-cli/internal/app/engine/adoption.go:239.2,251.42 4 1
github.com/JungHoonGhae/tossinvest-cli/internal/app/engine/adoption.go:251.42,255.3 3 1
github.com/JungHoonGhae/tossinvest-cli/internal/app/engine/adoption.go:256.2,257.27 2 1
github.com/JungHoonGhae/tossinvest-cli/internal/app/engine/adoption.go:257.27,259.3 1 0
github.com/JungHoonGhae/tossinvest-cli/internal/app/engine/adoption.go:259.8,261.3 1 1
github.com/JungHoonGhae/tossinvest-cli/internal/app/engine/adoption.go:262.2,262.16 1 1
github.com/JungHoonGhae/tossinvest-cli/internal/app/engine/adoption.go:262.16,265.3 1 0
github.com/JungHoonGhae/tossinvest-cli/internal/app/engine/adoption.go:267.2,268.27 2 1
github.com/JungHoonGhae/tossinvest-cli/internal/app/engine/adoption.go:268.27,269.18 1 1
github.com/JungHoonGhae/tossinvest-cli/internal/app/engine/adoption.go:269.18,272.12 1 0
github.com/JungHoonGhae/tossinvest-cli/internal/app/engine/adoption.go:274.3,276.24 3 1
github.com/JungHoonGhae/tossinvest-cli/internal/app/engine/adoption.go:276.24,279.12 1 1
github.com/JungHoonGhae/tossinvest-cli/internal/app/engine/adoption.go:281.3,282.40 2 1
github.com/JungHoonGhae/tossinvest-cli/internal/app/engine/adoption.go:282.40,284.4 1 1
github.com/JungHoonGhae/tossinvest-cli/internal/app/engine/adoption.go:285.3,286.81 2 1
github.com/JungHoonGhae/tossinvest-cli/internal/app/engine/adoption.go:286.81,287.12 1 1
github.com/JungHoonGhae/tossinvest-cli/internal/app/engine/adoption.go:289.3,289.60 1 1
github.com/JungHoonGhae/tossinvest-cli/internal/app/engine/adoption.go:291.2,291.25 1 1
github.com/JungHoonGhae/tossinvest-cli/internal/app/engine/adoption.go:294.53,297.2 1 1
github.com/JungHoonGhae/tossinvest-cli/internal/app/engine/adoption.go:299.53,300.52 1 1
github.com/JungHoonGhae/tossinvest-cli/internal/app/engine/adoption.go:301.12,302.21 1 1
github.com/JungHoonGhae/tossinvest-cli/internal/app/engine/adoption.go:303.12,304.21 1 1
github.com/JungHoonGhae/tossinvest-cli/internal/app/engine/adoption.go:305.10,306.19 1 1
github.com/JungHoonGhae/tossinvest-cli/internal/app/engine/adoption.go:318.92,320.16 2 1
github.com/JungHoonGhae/tossinvest-cli/internal/app/engine/adoption.go:320.16,323.3 2 0
github.com/JungHoonGhae/tossinvest-cli/internal/app/engine/adoption.go:325.2,339.16 2 1
github.com/JungHoonGhae/tossinvest-cli/internal/app/engine/adoption.go:339.16,342.3 2 0
github.com/JungHoonGhae/tossinvest-cli/internal/app/engine/adoption.go:344.2,344.83 1 1
github.com/JungHoonGhae/tossinvest-cli/internal/app/engine/adoption.go:344.83,351.3 1 0
github.com/JungHoonGhae/tossinvest-cli/internal/app/engine/adoption.go:353.2,379.13 3 1
github.com/JungHoonGhae/tossinvest-cli/internal/app/engine/adoption.go:392.83,393.23 1 1
github.com/JungHoonGhae/tossinvest-cli/internal/app/engine/adoption.go:393.23,395.3 1 1
github.com/JungHoonGhae/tossinvest-cli/internal/app/engine/adoption.go:396.2,404.9 3 1
github.com/JungHoonGhae/tossinvest-cli/internal/app/engine/adoption.go:405.38,406.94 1 1
github.com/JungHoonGhae/tossinvest-cli/internal/app/engine/adoption.go:407.42,408.92 1 1
github.com/JungHoonGhae/tossinvest-cli/internal/app/engine/adoption.go:409.31,411.21 1 1
github.com/JungHoonGhae/tossinvest-cli/internal/app/engine/adoption.go:412.42,414.65 1 1
github.com/JungHoonGhae/tossinvest-cli/internal/app/engine/adoption.go:417.2,431.4 1 1
github.com/JungHoonGhae/tossinvest-cli/internal/app/engine/adoption.go:441.90,442.19 1 1
github.com/JungHoonGhae/tossinvest-cli/internal/app/engine/adoption.go:442.19,444.3 1 0
github.com/JungHoonGhae/tossinvest-cli/internal/app/engine/adoption.go:445.2,446.16 2 1
github.com/JungHoonGhae/tossinvest-cli/internal/app/engine/adoption.go:446.16,448.3 1 0
github.com/JungHoonGhae/tossinvest-cli/internal/app/engine/adoption.go:449.2,450.28 2 1
github.com/JungHoonGhae/tossinvest-cli/internal/app/engine/adoption.go:450.28,452.3 1 1
github.com/JungHoonGhae/tossinvest-cli/internal/app/engine/adoption.go:453.2,471.4 2 1
github.com/JungHoonGhae/tossinvest-cli/internal/app/engine/adoption.go:474.71,475.23 1 1
github.com/JungHoonGhae/tossinvest-cli/internal/app/engine/adoption.go:475.23,477.3 1 1
github.com/JungHoonGhae/tossinvest-cli/internal/app/engine/adoption.go:478.2,482.54 1 0
github.com/JungHoonGhae/tossinvest-cli/internal/app/engine/notifications.go:68.70,69.19 1 1
github.com/JungHoonGhae/tossinvest-cli/internal/app/engine/notifications.go:69.19,71.3 1 1
github.com/JungHoonGhae/tossinvest-cli/internal/app/engine/notifications.go:72.2,77.30 2 1
github.com/JungHoonGhae/tossinvest-cli/internal/app/engine/notifications.go:77.30,82.3 1 1
github.com/JungHoonGhae/tossinvest-cli/internal/app/engine/notifications.go:83.2,83.18 1 1
github.com/JungHoonGhae/tossinvest-cli/internal/app/engine/notifications.go:83.18,88.3 1 1
github.com/JungHoonGhae/tossinvest-cli/internal/app/engine/notifications.go:90.2,91.17 2 1
github.com/JungHoonGhae/tossinvest-cli/internal/app/engine/notifications.go:91.17,93.3 1 1
github.com/JungHoonGhae/tossinvest-cli/internal/app/engine/notifications.go:94.2,94.17 1 1
github.com/JungHoonGhae/tossinvest-cli/internal/app/engine/notifications.go:94.17,98.3 2 1
github.com/JungHoonGhae/tossinvest-cli/internal/app/engine/notifications.go:99.2,105.25 6 1
