mode: set
github.com/JungHoonGhae/tossinvest-cli/internal/app/engine/reconcileloop.go:267.47,267.71 1 0
github.com/JungHoonGhae/tossinvest-cli/internal/app/engine/reconcileloop.go:270.47,274.2 3 1
github.com/JungHoonGhae/tossinvest-cli/internal/app/engine/reconcileloop.go:278.53,278.86 1 1
github.com/JungHoonGhae/tossinvest-cli/internal/app/engine/reconcileloop.go:281.54,285.22 4 1
github.com/JungHoonGhae/tossinvest-cli/internal/app/engine/reconcileloop.go:285.22,290.3 4 1
github.com/JungHoonGhae/tossinvest-cli/internal/app/engine/reconcileloop.go:291.2,291.31 1 1
github.com/JungHoonGhae/tossinvest-cli/internal/app/engine/reconcileloop.go:291.31,293.3 1 1
github.com/JungHoonGhae/tossinvest-cli/internal/app/engine/reconcileloop.go:294.2,295.32 2 1
github.com/JungHoonGhae/tossinvest-cli/internal/app/engine/reconcileloop.go:299.80,300.9 1 1
github.com/JungHoonGhae/tossinvest-cli/internal/app/engine/reconcileloop.go:301.27,302.74 1 0
github.com/JungHoonGhae/tossinvest-cli/internal/app/engine/reconcileloop.go:303.29,304.85 1 0
github.com/JungHoonGhae/tossinvest-cli/internal/app/engine/reconcileloop.go:305.27,306.83 1 0
github.com/JungHoonGhae/tossinvest-cli/internal/app/engine/reconcileloop.go:307.50,308.85 1 0
github.com/JungHoonGhae/tossinvest-cli/internal/app/engine/reconcileloop.go:309.48,311.34 1 0
github.com/JungHoonGhae/tossinvest-cli/internal/app/engine/reconcileloop.go:312.94,314.75 1 1
github.com/JungHoonGhae/tossinvest-cli/internal/app/engine/reconcileloop.go:316.2,316.58 1 1
github.com/JungHoonGhae/tossinvest-cli/internal/app/engine/reconcileloop.go:316.58,317.52 1 1
github.com/JungHoonGhae/tossinvest-cli/internal/app/engine/reconcileloop.go:317.52,319.4 1 0
github.com/JungHoonGhae/tossinvest-cli/internal/app/engine/reconcileloop.go:320.3,320.25 1 1
github.com/JungHoonGhae/tossinvest-cli/internal/app/engine/reconcileloop.go:323.2,329.18 2 1
github.com/JungHoonGhae/tossinvest-cli/internal/app/engine/reconcileloop.go:329.18,331.3 1 0
github.com/JungHoonGhae/tossinvest-cli/internal/app/engine/reconcileloop.go:332.2,339.15 4 1
github.com/JungHoonGhae/tossinvest-cli/internal/app/engine/reconcileloop.go:348.90,349.14 1 1
github.com/JungHoonGhae/tossinvest-cli/internal/app/engine/reconcileloop.go:349.14,351.3 1 0
github.com/JungHoonGhae/tossinvest-cli/internal/app/engine/reconcileloop.go:352.2,352.28 1 1
github.com/JungHoonGhae/tossinvest-cli/internal/app/engine/reconcileloop.go:352.28,354.3 1 1
github.com/JungHoonGhae/tossinvest-cli/internal/app/engine/reconcileloop.go:355.2,364.24 10 0
github.com/JungHoonGhae/tossinvest-cli/internal/app/engine/reconcileloop.go:364.24,366.3 1 0
github.com/JungHoonGhae/tossinvest-cli/internal/app/engine/reconcileloop.go:367.2,367.45 1 0
github.com/JungHoonGhae/tossinvest-cli/internal/app/engine/reconcileloop.go:367.45,369.3 1 0
github.com/JungHoonGhae/tossinvest-cli/internal/app/engine/reconcileloop.go:370.2,370.21 1 0
github.com/JungHoonGhae/tossinvest-cli/internal/app/engine/reconcileloop.go:370.21,372.3 1 0
github.com/JungHoonGhae/tossinvest-cli/internal/app/engine/reconcileloop.go:373.2,373.33 1 0
github.com/JungHoonGhae/tossinvest-cli/internal/app/engine/reconcileloop.go:382.58,384.17 2 1
github.com/JungHoonGhae/tossinvest-cli/internal/app/engine/reconcileloop.go:384.17,386.3 1 1
github.com/JungHoonGhae/tossinvest-cli/internal/app/engine/reconcileloop.go:387.2,387.6 1 1
github.com/JungHoonGhae/tossinvest-cli/internal/app/engine/reconcileloop.go:387.6,388.35 1 1
github.com/JungHoonGhae/tossinvest-cli/internal/app/engine/reconcileloop.go:388.35,390.4 1 0
github.com/JungHoonGhae/tossinvest-cli/internal/app/engine/reconcileloop.go:391.3,393.50 3 1
github.com/JungHoonGhae/tossinvest-cli/internal/app/engine/reconcileloop.go:393.50,395.4 1 1
github.com/JungHoonGhae/tossinvest-cli/internal/app/engine/reconcileloop.go:404.79,405.15 1 1
github.com/JungHoonGhae/tossinvest-cli/internal/app/engine/reconcileloop.go:405.15,405.32 1 1
github.com/JungHoonGhae/tossinvest-cli/internal/app/engine/reconcileloop.go:407.2,408.9 2 1
github.com/JungHoonGhae/tossinvest-cli/internal/app/engine/reconcileloop.go:408.9,410.3 1 1
github.com/JungHoonGhae/tossinvest-cli/internal/app/engine/reconcileloop.go:411.2,414.16 3 1
github.com/JungHoonGhae/tossinvest-cli/internal/app/engine/reconcileloop.go:414.16,417.3 2 0
github.com/JungHoonGhae/tossinvest-cli/internal/app/engine/reconcileloop.go:418.2,425.36 3 1
github.com/JungHoonGhae/tossinvest-cli/internal/app/engine/reconcileloop.go:425.36,427.3 1 0
github.com/JungHoonGhae/tossinvest-cli/internal/app/engine/reconcileloop.go:428.2,431.36 3 1
github.com/JungHoonGhae/tossinvest-cli/internal/app/engine/reconcileloop.go:431.36,433.3 1 0
github.com/JungHoonGhae/tossinvest-cli/internal/app/engine/reconcileloop.go:434.2,437.52 3 1
github.com/JungHoonGhae/tossinvest-cli/internal/app/engine/reconcileloop.go:437.52,438.23 1 0
github.com/JungHoonGhae/tossinvest-cli/internal/app/engine/reconcileloop.go:438.23,440.4 1 0
github.com/JungHoonGhae/tossinvest-cli/internal/app/engine/reconcileloop.go:441.3,441.15 1 0
github.com/JungHoonGhae/tossinvest-cli/internal/app/engine/reconcileloop.go:443.2,447.16 5 1
github.com/JungHoonGhae/tossinvest-cli/internal/app/engine/reconcileloop.go:447.16,448.23 1 1
github.com/JungHoonGhae/tossinvest-cli/internal/app/engine/reconcileloop.go:448.23,450.4 1 1
github.com/JungHoonGhae/tossinvest-cli/internal/app/engine/reconcileloop.go:451.3,451.15 1 1
github.com/JungHoonGhae/tossinvest-cli/internal/app/engine/reconcileloop.go:454.2,455.14 2 1
github.com/JungHoonGhae/tossinvest-cli/internal/app/engine/reconcileloop.go:469.67,470.25 1 1
github.com/JungHoonGhae/tossinvest-cli/internal/app/engine/reconcileloop.go:470.25,472.3 1 0
github.com/JungHoonGhae/tossinvest-cli/internal/app/engine/reconcileloop.go:473.2,473.44 1 1
github.com/JungHoonGhae/tossinvest-cli/internal/app/engine/reconcileloop.go:473.44,475.3 1 1
github.com/JungHoonGhae/tossinvest-cli/internal/app/engine/reconcileloop.go:485.108,487.19 2 1
github.com/JungHoonGhae/tossinvest-cli/internal/app/engine/reconcileloop.go:487.19,489.3 1 1
github.com/JungHoonGhae/tossinvest-cli/internal/app/engine/reconcileloop.go:491.2,492.16 2 1
github.com/JungHoonGhae/tossinvest-cli/internal/app/engine/reconcileloop.go:492.16,495.3 2 1
github.com/JungHoonGhae/tossinvest-cli/internal/app/engine/reconcileloop.go:496.2,500.51 4 1
github.com/JungHoonGhae/tossinvest-cli/internal/app/engine/reconcileloop.go:500.51,503.3 2 1
github.com/JungHoonGhae/tossinvest-cli/internal/app/engine/reconcileloop.go:505.2,506.16 2 1
github.com/JungHoonGhae/tossinvest-cli/internal/app/engine/reconcileloop.go:506.16,509.3 2 0
github.com/JungHoonGhae/tossinvest-cli/internal/app/engine/reconcileloop.go:510.2,513.20 4 1
github.com/JungHoonGhae/tossinvest-cli/internal/app/engine/reconcileloop.go:513.20,518.3 1 1
github.com/JungHoonGhae/tossinvest-cli/internal/app/engine/reconcileloop.go:521.2,522.21 2 1
github.com/JungHoonGhae/tossinvest-cli/internal/app/engine/reconcileloop.go:525.58,526.23 1 1
github.com/JungHoonGhae/tossinvest-cli/internal/app/engine/reconcileloop.go:526.23,528.3 1 1
github.com/JungHoonGhae/tossinvest-cli/internal/app/engine/reconcileloop.go:529.2,529.22 1 0
github.com/JungHoonGhae/tossinvest-cli/internal/app/engine/reconcileloop.go:529.22,534.3 2 0
github.com/JungHoonGhae/tossinvest-cli/internal/app/engine/reconcileloop.go:535.2,545.30 1 0
github.com/JungHoonGhae/tossinvest-cli/internal/app/engine/reconcileloop.go:550.55,550.92 1 1
github.com/JungHoonGhae/tossinvest-cli/internal/app/engine/reconcileloop.go:552.67,553.26 1 1
github.com/JungHoonGhae/tossinvest-cli/internal/app/engine/reconcileloop.go:553.26,555.3 1 0
github.com/JungHoonGhae/tossinvest-cli/internal/app/engine/reconcileloop.go:556.2,556.74 1 1
github.com/JungHoonGhae/tossinvest-cli/internal/app/engine/reconcileloop.go:556.74,559.3 1 0
