mode: set
github.com/JungHoonGhae/tossinvest-cli/internal/app/engine/adoption.go:100.25,102.16 2 1
github.com/JungHoonGhae/tossinvest-cli/internal/app/engine/adoption.go:102.16,104.3 1 1
github.com/JungHoonGhae/tossinvest-cli/internal/app/engine/adoption.go:105.2,111.44 3 1
github.com/JungHoonGhae/tossinvest-cli/internal/app/engine/adoption.go:111.44,113.19 2 1
github.com/JungHoonGhae/tossinvest-cli/internal/app/engine/adoption.go:113.19,115.4 1 0
github.com/JungHoonGhae/tossinvest-cli/internal/app/engine/adoption.go:116.3,117.71 2 1
github.com/JungHoonGhae/tossinvest-cli/internal/app/engine/adoption.go:117.71,118.12 1 0
github.com/JungHoonGhae/tossinvest-cli/internal/app/engine/adoption.go:121.3,122.17 2 1
github.com/JungHoonGhae/tossinvest-cli/internal/app/engine/adoption.go:122.17,126.12 1 0
github.com/JungHoonGhae/tossinvest-cli/internal/app/engine/adoption.go:128.3,128.70 1 1
github.com/JungHoonGhae/tossinvest-cli/internal/app/engine/adoption.go:128.70,129.12 1 0
github.com/JungHoonGhae/tossinvest-cli/internal/app/engine/adoption.go:132.3,132.23 1 1
github.com/JungHoonGhae/tossinvest-cli/internal/app/engine/adoption.go:132.23,135.19 1 1
github.com/JungHoonGhae/tossinvest-cli/internal/app/engine/adoption.go:135.19,137.5 1 1
github.com/JungHoonGhae/tossinvest-cli/internal/app/engine/adoption.go:137.10,139.5 1 1
github.com/JungHoonGhae/tossinvest-cli/internal/app/engine/adoption.go:140.4,140.12 1 1
github.com/JungHoonGhae/tossinvest-cli/internal/app/engine/adoption.go:144.3,144.32 1 1
github.com/JungHoonGhae/tossinvest-cli/internal/app/engine/adoption.go:144.32,145.12 1 1
github.com/JungHoonGhae/tossinvest-cli/internal/app/engine/adoption.go:147.3,147.13 1 1
github.com/JungHoonGhae/tossinvest-cli/internal/app/engine/adoption.go:147.13,148.12 1 1
github.com/JungHoonGhae/tossinvest-cli/internal/app/engine/adoption.go:155.3,155.39 1 1
github.com/JungHoonGhae/tossinvest-cli/internal/app/engine/adoption.go:155.39,157.12 2 1
github.com/JungHoonGhae/tossinvest-cli/internal/app/engine/adoption.go:163.3,163.68 1 1
github.com/JungHoonGhae/tossinvest-cli/internal/app/engine/adoption.go:163.68,165.12 2 1
github.com/JungHoonGhae/tossinvest-cli/internal/app/engine/adoption.go:167.3,167.76 1 1
github.com/JungHoonGhae/tossinvest-cli/internal/app/engine/adoption.go:170.2,171.31 2 1
github.com/JungHoonGhae/tossinvest-cli/internal/app/engine/adoption.go:171.31,172.45 1 1
github.com/JungHoonGhae/tossinvest-cli/internal/app/engine/adoption.go:172.45,177.4 1 1
github.com/JungHoonGhae/tossinvest-cli/internal/app/engine/adoption.go:180.2,180.30 1 1
github.com/JungHoonGhae/tossinvest-cli/internal/app/engine/adoption.go:180.30,184.3 2 1
github.com/JungHoonGhae/tossinvest-cli/internal/app/engine/adoption.go:188.63,189.27 1 1
github.com/JungHoonGhae/tossinvest-cli/internal/app/engine/adoption.go:189.27,191.3 1 0
github.com/JungHoonGhae/tossinvest-cli/internal/app/engine/adoption.go:192.2,192.89 1 1
github.com/JungHoonGhae/tossinvest-cli/internal/app/engine/adoption.go:203.48,205.26 2 1
github.com/JungHoonGhae/tossinvest-cli/internal/app/engine/adoption.go:205.26,207.3 1 1
github.com/JungHoonGhae/tossinvest-cli/internal/app/engine/adoption.go:209.2,210.16 2 1
github.com/JungHoonGhae/tossinvest-cli/internal/app/engine/adoption.go:210.16,212.23 2 1
github.com/JungHoonGhae/tossinvest-cli/internal/app/engine/adoption.go:212.23,214.4 1 1
github.com/JungHoonGhae/tossinvest-cli/internal/app/engine/adoption.go:215.3,215.17 1 1
github.com/JungHoonGhae/tossinvest-cli/internal/app/engine/adoption.go:218.2,219.16 2 1
github.com/JungHoonGhae/tossinvest-cli/internal/app/engine/adoption.go:219.16,221.3 1 1
github.com/JungHoonGhae/tossinvest-cli/internal/app/engine/adoption.go:222.2,222.31 1 1
github.com/JungHoonGhae/tossinvest-cli/internal/app/engine/adoption.go:222.31,225.10 3 1
github.com/JungHoonGhae/tossinvest-cli/internal/app/engine/adoption.go:225.10,229.12 2 1
github.com/JungHoonGhae/tossinvest-cli/internal/app/engine/adoption.go:231.3,231.50 1 1
github.com/JungHoonGhae/tossinvest-cli/internal/app/engine/adoption.go:231.50,239.4 3 1
github.com/JungHoonGhae/tossinvest-cli/internal/app/engine/adoption.go:240.3,240.35 1 1
github.com/JungHoonGhae/tossinvest-cli/internal/app/engine/adoption.go:240.35,243.12 3 1
github.com/JungHoonGhae/tossinvest-cli/internal/app/engine/adoption.go:245.3,246.19 2 1
github.com/JungHoonGhae/tossinvest-cli/internal/app/engine/adoption.go:248.2,248.16 1 1
github.com/JungHoonGhae/tossinvest-cli/internal/app/engine/adoption.go:252.55,254.28 2 1
github.com/JungHoonGhae/tossinvest-cli/internal/app/engine/adoption.go:254.28,255.24 1 1
github.com/JungHoonGhae/tossinvest-cli/internal/app/engine/adoption.go:255.24,257.4 1 0
github.com/JungHoonGhae/tossinvest-cli/internal/app/engine/adoption.go:259.2,259.10 1 1
github.com/JungHoonGhae/tossinvest-cli/internal/app/engine/adoption.go:264.39,267.31 3 1
github.com/JungHoonGhae/tossinvest-cli/internal/app/engine/adoption.go:267.31,270.35 3 1
github.com/JungHoonGhae/tossinvest-cli/internal/app/engine/adoption.go:270.35,271.12 1 0
github.com/JungHoonGhae/tossinvest-cli/internal/app/engine/adoption.go:273.3,274.21 2 1
github.com/JungHoonGhae/tossinvest-cli/internal/app/engine/adoption.go:274.21,278.4 3 1
github.com/JungHoonGhae/tossinvest-cli/internal/app/engine/adoption.go:279.3,279.31 1 1
github.com/JungHoonGhae/tossinvest-cli/internal/app/engine/adoption.go:281.2,293.42 4 1
github.com/JungHoonGhae/tossinvest-cli/internal/app/engine/adoption.go:293.42,297.3 3 1
github.com/JungHoonGhae/tossinvest-cli/internal/app/engine/adoption.go:298.2,299.27 2 1
github.com/JungHoonGhae/tossinvest-cli/internal/app/engine/adoption.go:299.27,301.3 1 0
github.com/JungHoonGhae/tossinvest-cli/internal/app/engine/adoption.go:301.8,303.3 1 1
github.com/JungHoonGhae/tossinvest-cli/internal/app/engine/adoption.go:304.2,304.16 1 1
github.com/JungHoonGhae/tossinvest-cli/internal/app/engine/adoption.go:304.16,307.3 1 1
github.com/JungHoonGhae/tossinvest-cli/internal/app/engine/adoption.go:309.2,310.27 2 1
github.com/JungHoonGhae/tossinvest-cli/internal/app/engine/adoption.go:310.27,311.18 1 1
github.com/JungHoonGhae/tossinvest-cli/internal/app/engine/adoption.go:311.18,314.12 1 0
github.com/JungHoonGhae/tossinvest-cli/internal/app/engine/adoption.go:316.3,318.24 3 1
github.com/JungHoonGhae/tossinvest-cli/internal/app/engine/adoption.go:318.24,321.12 1 1
github.com/JungHoonGhae/tossinvest-cli/internal/app/engine/adoption.go:323.3,324.40 2 1
github.com/JungHoonGhae/tossinvest-cli/internal/app/engine/adoption.go:324.40,326.4 1 1
github.com/JungHoonGhae/tossinvest-cli/internal/app/engine/adoption.go:327.3,328.81 2 1
github.com/JungHoonGhae/tossinvest-cli/internal/app/engine/adoption.go:328.81,329.12 1 1
github.com/JungHoonGhae/tossinvest-cli/internal/app/engine/adoption.go:331.3,331.60 1 1
github.com/JungHoonGhae/tossinvest-cli/internal/app/engine/adoption.go:333.2,333.25 1 1
github.com/JungHoonGhae/tossinvest-cli/internal/app/engine/adoption.go:336.53,339.2 1 1
github.com/JungHoonGhae/tossinvest-cli/internal/app/engine/adoption.go:341.53,342.52 1 1
github.com/JungHoonGhae/tossinvest-cli/internal/app/engine/adoption.go:343.12,344.21 1 1
github.com/JungHoonGhae/tossinvest-cli/internal/app/engine/adoption.go:345.12,346.21 1 1
github.com/JungHoonGhae/tossinvest-cli/internal/app/engine/adoption.go:347.10,348.19 1 1
github.com/JungHoonGhae/tossinvest-cli/internal/app/engine/adoption.go:360.92,362.16 2 1
github.com/JungHoonGhae/tossinvest-cli/internal/app/engine/adoption.go:362.16,365.3 2 1
github.com/JungHoonGhae/tossinvest-cli/internal/app/engine/adoption.go:367.2,381.16 2 1
github.com/JungHoonGhae/tossinvest-cli/internal/app/engine/adoption.go:381.16,384.3 2 1
github.com/JungHoonGhae/tossinvest-cli/internal/app/engine/adoption.go:386.2,386.83 1 1
github.com/JungHoonGhae/tossinvest-cli/internal/app/engine/adoption.go:386.83,393.3 1 1
github.com/JungHoonGhae/tossinvest-cli/internal/app/engine/adoption.go:395.2,421.13 3 1
github.com/JungHoonGhae/tossinvest-cli/internal/app/engine/adoption.go:439.103,441.62 2 1
github.com/JungHoonGhae/tossinvest-cli/internal/app/engine/adoption.go:441.62,444.3 2 1
github.com/JungHoonGhae/tossinvest-cli/internal/app/engine/adoption.go:445.2,445.29 1 1
github.com/JungHoonGhae/tossinvest-cli/internal/app/engine/adoption.go:445.29,447.3 1 1
github.com/JungHoonGhae/tossinvest-cli/internal/app/engine/adoption.go:448.2,448.30 1 1
github.com/JungHoonGhae/tossinvest-cli/internal/app/engine/adoption.go:448.30,450.3 1 1
github.com/JungHoonGhae/tossinvest-cli/internal/app/engine/adoption.go:451.2,468.4 2 1
github.com/JungHoonGhae/tossinvest-cli/internal/app/engine/adoption.go:476.88,495.2 2 1
github.com/JungHoonGhae/tossinvest-cli/internal/app/engine/adoption.go:501.100,502.9 1 1
github.com/JungHoonGhae/tossinvest-cli/internal/app/engine/adoption.go:503.38,504.109 1 1
github.com/JungHoonGhae/tossinvest-cli/internal/app/engine/adoption.go:505.42,506.107 1 1
github.com/JungHoonGhae/tossinvest-cli/internal/app/engine/adoption.go:507.31,508.28 1 1
github.com/JungHoonGhae/tossinvest-cli/internal/app/engine/adoption.go:508.28,511.4 1 1
github.com/JungHoonGhae/tossinvest-cli/internal/app/engine/adoption.go:512.3,513.67 1 1
github.com/JungHoonGhae/tossinvest-cli/internal/app/engine/adoption.go:514.42,515.28 1 1
github.com/JungHoonGhae/tossinvest-cli/internal/app/engine/adoption.go:515.28,518.4 1 1
github.com/JungHoonGhae/tossinvest-cli/internal/app/engine/adoption.go:519.3,520.95 1 1
github.com/JungHoonGhae/tossinvest-cli/internal/app/engine/adoption.go:522.2,523.32 1 1
github.com/JungHoonGhae/tossinvest-cli/internal/app/engine/adoption.go:529.77,531.2 1 1
github.com/JungHoonGhae/tossinvest-cli/internal/app/engine/adoption.go:543.90,545.16 2 1
github.com/JungHoonGhae/tossinvest-cli/internal/app/engine/adoption.go:545.16,547.3 1 1
github.com/JungHoonGhae/tossinvest-cli/internal/app/engine/adoption.go:548.2,549.28 2 1
github.com/JungHoonGhae/tossinvest-cli/internal/app/engine/adoption.go:549.28,551.3 1 1
github.com/JungHoonGhae/tossinvest-cli/internal/app/engine/adoption.go:552.2,552.28 1 1
github.com/JungHoonGhae/tossinvest-cli/internal/app/engine/adoption.go:552.28,554.3 1 1
github.com/JungHoonGhae/tossinvest-cli/internal/app/engine/adoption.go:556.2,572.4 1 1
github.com/JungHoonGhae/tossinvest-cli/internal/app/engine/adoption.go:582.94,584.41 2 1
github.com/JungHoonGhae/tossinvest-cli/internal/app/engine/adoption.go:584.41,586.3 1 1
github.com/JungHoonGhae/tossinvest-cli/internal/app/engine/adoption.go:587.2,588.16 2 1
github.com/JungHoonGhae/tossinvest-cli/internal/app/engine/adoption.go:588.16,590.3 1 0
github.com/JungHoonGhae/tossinvest-cli/internal/app/engine/adoption.go:591.2,592.28 2 1
github.com/JungHoonGhae/tossinvest-cli/internal/app/engine/adoption.go:592.28,594.3 1 1
github.com/JungHoonGhae/tossinvest-cli/internal/app/engine/adoption.go:595.2,595.28 1 1
github.com/JungHoonGhae/tossinvest-cli/internal/app/engine/adoption.go:595.28,597.3 1 1
github.com/JungHoonGhae/tossinvest-cli/internal/app/engine/adoption.go:599.2,614.4 1 1
github.com/JungHoonGhae/tossinvest-cli/internal/app/engine/adoption.go:618.76,620.32 2 1
github.com/JungHoonGhae/tossinvest-cli/internal/app/engine/adoption.go:620.32,622.17 2 1
github.com/JungHoonGhae/tossinvest-cli/internal/app/engine/adoption.go:622.17,624.4 1 0
github.com/JungHoonGhae/tossinvest-cli/internal/app/engine/adoption.go:625.3,625.61 1 1
github.com/JungHoonGhae/tossinvest-cli/internal/app/engine/adoption.go:625.61,627.4 1 0
github.com/JungHoonGhae/tossinvest-cli/internal/app/engine/adoption.go:629.2,629.17 1 1
github.com/JungHoonGhae/tossinvest-cli/internal/app/engine/adoption.go:634.69,635.35 1 1
github.com/JungHoonGhae/tossinvest-cli/internal/app/engine/adoption.go:635.35,637.29 2 1
github.com/JungHoonGhae/tossinvest-cli/internal/app/engine/adoption.go:637.29,639.4 1 1
github.com/JungHoonGhae/tossinvest-cli/internal/app/engine/adoption.go:641.2,642.13 2 1
github.com/JungHoonGhae/tossinvest-cli/internal/app/engine/adoption.go:645.71,646.23 1 1
github.com/JungHoonGhae/tossinvest-cli/internal/app/engine/adoption.go:646.23,648.3 1 1
github.com/JungHoonGhae/tossinvest-cli/internal/app/engine/adoption.go:649.2,653.54 1 1
github.com/JungHoonGhae/tossinvest-cli/internal/app/engine/alertdelivery.go:212.57,213.6 1 1
github.com/JungHoonGhae/tossinvest-cli/internal/app/engine/alertdelivery.go:213.6,214.38 1 1
github.com/JungHoonGhae/tossinvest-cli/internal/app/engine/alertdelivery.go:214.38,215.24 1 0
github.com/JungHoonGhae/tossinvest-cli/internal/app/engine/alertdelivery.go:215.24,217.5 1 0
github.com/JungHoonGhae/tossinvest-cli/internal/app/engine/alertdelivery.go:218.4,218.69 1 0
github.com/JungHoonGhae/tossinvest-cli/internal/app/engine/alertdelivery.go:223.3,223.58 1 1
github.com/JungHoonGhae/tossinvest-cli/internal/app/engine/alertdelivery.go:223.58,225.4 1 1
github.com/JungHoonGhae/tossinvest-cli/internal/app/engine/alertdelivery.go:235.59,243.16 3 1
github.com/JungHoonGhae/tossinvest-cli/internal/app/engine/alertdelivery.go:243.16,247.3 2 1
github.com/JungHoonGhae/tossinvest-cli/internal/app/engine/alertdelivery.go:248.2,249.30 2 1
github.com/JungHoonGhae/tossinvest-cli/internal/app/engine/alertdelivery.go:249.30,253.3 1 1
github.com/JungHoonGhae/tossinvest-cli/internal/app/engine/alertdelivery.go:254.2,254.32 1 1
github.com/JungHoonGhae/tossinvest-cli/internal/app/engine/alertdelivery.go:254.32,258.23 1 1
github.com/JungHoonGhae/tossinvest-cli/internal/app/engine/alertdelivery.go:258.23,260.4 1 1
github.com/JungHoonGhae/tossinvest-cli/internal/app/engine/alertdelivery.go:261.3,261.27 1 1
github.com/JungHoonGhae/tossinvest-cli/internal/app/engine/alertdelivery.go:263.2,263.12 1 1
github.com/JungHoonGhae/tossinvest-cli/internal/app/engine/alertdelivery.go:270.79,272.16 2 1
github.com/JungHoonGhae/tossinvest-cli/internal/app/engine/alertdelivery.go:272.16,277.3 3 1
github.com/JungHoonGhae/tossinvest-cli/internal/app/engine/alertdelivery.go:278.2,278.27 1 1
github.com/JungHoonGhae/tossinvest-cli/internal/app/engine/alertdelivery.go:279.29,282.25 1 1
github.com/JungHoonGhae/tossinvest-cli/internal/app/engine/alertdelivery.go:283.34,292.46 1 1
github.com/JungHoonGhae/tossinvest-cli/internal/app/engine/alertdelivery.go:292.46,296.4 1 1
github.com/JungHoonGhae/tossinvest-cli/internal/app/engine/alertdelivery.go:297.3,297.9 1 1
github.com/JungHoonGhae/tossinvest-cli/internal/app/engine/alertdelivery.go:298.10,303.9 3 1
github.com/JungHoonGhae/tossinvest-cli/internal/app/engine/alertdelivery.go:305.2,305.17 1 1
github.com/JungHoonGhae/tossinvest-cli/internal/app/engine/alertdelivery.go:305.17,312.3 1 1
github.com/JungHoonGhae/tossinvest-cli/internal/app/engine/alertdelivery.go:314.2,316.24 3 1
github.com/JungHoonGhae/tossinvest-cli/internal/app/engine/alertdelivery.go:316.24,326.3 2 1
github.com/JungHoonGhae/tossinvest-cli/internal/app/engine/alertdelivery.go:326.8,333.18 2 1
github.com/JungHoonGhae/tossinvest-cli/internal/app/engine/alertdelivery.go:333.18,335.4 1 1
github.com/JungHoonGhae/tossinvest-cli/internal/app/engine/alertdelivery.go:337.2,337.17 1 1
github.com/JungHoonGhae/tossinvest-cli/internal/app/engine/alertdelivery.go:337.17,340.3 2 1
github.com/JungHoonGhae/tossinvest-cli/internal/app/engine/alertdelivery.go:341.2,341.46 1 1
github.com/JungHoonGhae/tossinvest-cli/internal/app/engine/alertdelivery.go:348.98,350.16 2 1
github.com/JungHoonGhae/tossinvest-cli/internal/app/engine/alertdelivery.go:350.16,352.3 1 1
github.com/JungHoonGhae/tossinvest-cli/internal/app/engine/alertdelivery.go:353.2,358.47 3 1
github.com/JungHoonGhae/tossinvest-cli/internal/app/engine/alertdelivery.go:358.47,362.3 2 1
github.com/JungHoonGhae/tossinvest-cli/internal/app/engine/alertdelivery.go:365.2,365.116 1 1
github.com/JungHoonGhae/tossinvest-cli/internal/app/engine/alertdelivery.go:365.116,368.3 1 1
github.com/JungHoonGhae/tossinvest-cli/internal/app/engine/alertdelivery.go:369.2,369.16 1 1
github.com/JungHoonGhae/tossinvest-cli/internal/app/engine/alertdelivery.go:369.16,374.3 2 1
github.com/JungHoonGhae/tossinvest-cli/internal/app/engine/alertdelivery.go:375.2,375.21 1 1
github.com/JungHoonGhae/tossinvest-cli/internal/app/engine/alertdelivery.go:376.29,379.39 2 1
github.com/JungHoonGhae/tossinvest-cli/internal/app/engine/alertdelivery.go:379.39,381.4 1 1
github.com/JungHoonGhae/tossinvest-cli/internal/app/engine/alertdelivery.go:382.3,382.98 1 1
github.com/JungHoonGhae/tossinvest-cli/internal/app/engine/alertdelivery.go:383.61,387.52 1 1
github.com/JungHoonGhae/tossinvest-cli/internal/app/engine/alertdelivery.go:388.10,391.66 1 1
github.com/JungHoonGhae/tossinvest-cli/internal/app/engine/alertdelivery.go:397.86,400.16 3 1
github.com/JungHoonGhae/tossinvest-cli/internal/app/engine/alertdelivery.go:400.16,409.3 3 1
github.com/JungHoonGhae/tossinvest-cli/internal/app/engine/alertdelivery.go:410.2,410.46 1 1
github.com/JungHoonGhae/tossinvest-cli/internal/app/engine/alertdelivery.go:410.46,413.3 2 1
github.com/JungHoonGhae/tossinvest-cli/internal/app/engine/alertdelivery.go:414.2,414.25 1 1
github.com/JungHoonGhae/tossinvest-cli/internal/app/engine/alertdelivery.go:415.61,419.56 1 1
github.com/JungHoonGhae/tossinvest-cli/internal/app/engine/alertdelivery.go:420.10,424.64 2 1
github.com/JungHoonGhae/tossinvest-cli/internal/app/engine/alertdelivery.go:430.53,432.19 2 1
github.com/JungHoonGhae/tossinvest-cli/internal/app/engine/alertdelivery.go:432.19,434.3 1 1
github.com/JungHoonGhae/tossinvest-cli/internal/app/engine/alertdelivery.go:435.2,436.14 2 1
github.com/JungHoonGhae/tossinvest-cli/internal/app/engine/alertdelivery.go:446.107,447.19 1 1
github.com/JungHoonGhae/tossinvest-cli/internal/app/engine/alertdelivery.go:447.19,448.108 1 1
github.com/JungHoonGhae/tossinvest-cli/internal/app/engine/alertdelivery.go:448.108,450.4 1 1
github.com/JungHoonGhae/tossinvest-cli/internal/app/engine/alertdelivery.go:452.2,453.15 2 1
github.com/JungHoonGhae/tossinvest-cli/internal/app/engine/alertdelivery.go:453.15,455.3 1 1
github.com/JungHoonGhae/tossinvest-cli/internal/app/engine/alertdelivery.go:456.2,456.61 1 1
github.com/JungHoonGhae/tossinvest-cli/internal/app/engine/alertdelivery.go:456.61,458.3 1 1
github.com/JungHoonGhae/tossinvest-cli/internal/app/engine/alertdelivery.go:466.72,467.43 1 1
github.com/JungHoonGhae/tossinvest-cli/internal/app/engine/alertdelivery.go:467.43,469.3 1 1
github.com/JungHoonGhae/tossinvest-cli/internal/app/engine/alertdelivery.go:470.2,472.16 2 1
github.com/JungHoonGhae/tossinvest-cli/internal/app/engine/alertdelivery.go:472.16,473.19 1 1
github.com/JungHoonGhae/tossinvest-cli/internal/app/engine/alertdelivery.go:473.19,475.84 2 1
github.com/JungHoonGhae/tossinvest-cli/internal/app/engine/alertdelivery.go:475.84,477.5 1 1
github.com/JungHoonGhae/tossinvest-cli/internal/app/engine/alertdelivery.go:478.4,482.14 1 1
github.com/JungHoonGhae/tossinvest-cli/internal/app/engine/alertdelivery.go:484.3,484.13 1 1
github.com/JungHoonGhae/tossinvest-cli/internal/app/engine/alertdelivery.go:486.2,486.29 1 1
github.com/JungHoonGhae/tossinvest-cli/internal/app/engine/alertdelivery.go:486.29,493.3 1 1
github.com/JungHoonGhae/tossinvest-cli/internal/app/engine/alertdelivery.go:494.2,494.12 1 1
github.com/JungHoonGhae/tossinvest-cli/internal/app/engine/alertdelivery.go:499.63,500.18 1 1
github.com/JungHoonGhae/tossinvest-cli/internal/app/engine/alertdelivery.go:500.18,502.3 1 1
github.com/JungHoonGhae/tossinvest-cli/internal/app/engine/alertdelivery.go:503.2,507.12 1 1
github.com/JungHoonGhae/tossinvest-cli/internal/app/engine/alertdelivery.go:511.48,512.22 1 1
github.com/JungHoonGhae/tossinvest-cli/internal/app/engine/alertdelivery.go:512.22,514.3 1 1
github.com/JungHoonGhae/tossinvest-cli/internal/app/engine/alertdelivery.go:515.2,515.39 1 1
github.com/JungHoonGhae/tossinvest-cli/internal/app/engine/alertdelivery.go:522.76,523.22 1 1
github.com/JungHoonGhae/tossinvest-cli/internal/app/engine/alertdelivery.go:523.22,525.3 1 1
github.com/JungHoonGhae/tossinvest-cli/internal/app/engine/alertdelivery.go:526.2,527.25 2 1
github.com/JungHoonGhae/tossinvest-cli/internal/app/engine/alertdelivery.go:527.25,529.3 1 1
github.com/JungHoonGhae/tossinvest-cli/internal/app/engine/alertdelivery.go:530.2,531.13 2 1
github.com/JungHoonGhae/tossinvest-cli/internal/app/engine/alertdelivery.go:531.13,534.3 2 1
github.com/JungHoonGhae/tossinvest-cli/internal/app/engine/alertdelivery.go:535.2,536.89 2 1
github.com/JungHoonGhae/tossinvest-cli/internal/app/engine/alertdelivery.go:540.64,541.22 1 1
github.com/JungHoonGhae/tossinvest-cli/internal/app/engine/alertdelivery.go:541.22,543.3 1 1
github.com/JungHoonGhae/tossinvest-cli/internal/app/engine/alertdelivery.go:544.2,546.13 3 1
github.com/JungHoonGhae/tossinvest-cli/internal/app/engine/alertdelivery.go:546.13,549.3 2 1
github.com/JungHoonGhae/tossinvest-cli/internal/app/engine/alertdelivery.go:550.2,551.95 2 1
github.com/JungHoonGhae/tossinvest-cli/internal/app/engine/alertdelivery.go:561.114,563.20 1 1
github.com/JungHoonGhae/tossinvest-cli/internal/app/engine/alertdelivery.go:563.20,564.29 1 1
github.com/JungHoonGhae/tossinvest-cli/internal/app/engine/alertdelivery.go:564.29,566.4 1 0
github.com/JungHoonGhae/tossinvest-cli/internal/app/engine/alertdelivery.go:567.3,567.59 1 1
github.com/JungHoonGhae/tossinvest-cli/internal/app/engine/alertdelivery.go:569.2,569.38 1 1
github.com/JungHoonGhae/tossinvest-cli/internal/app/engine/alertdelivery.go:569.38,571.3 1 1
github.com/JungHoonGhae/tossinvest-cli/internal/app/engine/alertdelivery.go:572.2,572.24 1 1
github.com/JungHoonGhae/tossinvest-cli/internal/app/engine/alertdelivery.go:572.24,574.3 1 1
github.com/JungHoonGhae/tossinvest-cli/internal/app/engine/alertdelivery.go:575.2,575.70 1 1
github.com/JungHoonGhae/tossinvest-cli/internal/app/engine/alertdelivery.go:580.52,582.2 1 1
github.com/JungHoonGhae/tossinvest-cli/internal/app/engine/alertdelivery.go:585.67,586.28 1 1
github.com/JungHoonGhae/tossinvest-cli/internal/app/engine/alertdelivery.go:586.28,588.3 1 1
github.com/JungHoonGhae/tossinvest-cli/internal/app/engine/alertdelivery.go:589.2,590.28 2 1
github.com/JungHoonGhae/tossinvest-cli/internal/app/engine/alertdelivery.go:590.28,592.3 1 1
github.com/JungHoonGhae/tossinvest-cli/internal/app/engine/alertdelivery.go:593.2,593.31 1 1
github.com/JungHoonGhae/tossinvest-cli/internal/app/engine/alertdelivery.go:593.31,594.32 1 1
github.com/JungHoonGhae/tossinvest-cli/internal/app/engine/alertdelivery.go:594.32,596.4 1 1
github.com/JungHoonGhae/tossinvest-cli/internal/app/engine/alertdelivery.go:600.64,601.24 1 1
github.com/JungHoonGhae/tossinvest-cli/internal/app/engine/alertdelivery.go:601.24,603.3 1 1
github.com/JungHoonGhae/tossinvest-cli/internal/app/engine/alertdelivery.go:607.44,608.21 1 1
github.com/JungHoonGhae/tossinvest-cli/internal/app/engine/alertdelivery.go:608.21,610.3 1 1
github.com/JungHoonGhae/tossinvest-cli/internal/app/engine/alertdelivery.go:611.2,611.18 1 1
github.com/JungHoonGhae/tossinvest-cli/internal/app/engine/alertdelivery.go:622.115,626.16 4 1
github.com/JungHoonGhae/tossinvest-cli/internal/app/engine/alertdelivery.go:626.16,629.3 2 0
github.com/JungHoonGhae/tossinvest-cli/internal/app/engine/alertdelivery.go:630.2,630.18 1 1
github.com/JungHoonGhae/tossinvest-cli/internal/app/engine/alertdelivery.go:639.71,640.27 1 1
github.com/JungHoonGhae/tossinvest-cli/internal/app/engine/alertdelivery.go:640.27,642.3 1 1
github.com/JungHoonGhae/tossinvest-cli/internal/app/engine/alertdelivery.go:643.2,643.63 1 1
github.com/JungHoonGhae/tossinvest-cli/internal/app/engine/alertdelivery.go:643.63,645.3 1 1
github.com/JungHoonGhae/tossinvest-cli/internal/app/engine/alertdelivery.go:646.2,647.13 2 1
github.com/JungHoonGhae/tossinvest-cli/internal/app/engine/alertdelivery.go:650.47,652.2 1 1
github.com/JungHoonGhae/tossinvest-cli/internal/app/engine/alertdelivery.go:659.58,660.42 1 1
github.com/JungHoonGhae/tossinvest-cli/internal/app/engine/alertdelivery.go:660.42,661.26 1 1
github.com/JungHoonGhae/tossinvest-cli/internal/app/engine/alertdelivery.go:661.26,663.4 1 1
github.com/JungHoonGhae/tossinvest-cli/internal/app/engine/alertdelivery.go:667.51,668.21 1 1
github.com/JungHoonGhae/tossinvest-cli/internal/app/engine/alertdelivery.go:668.21,670.3 1 1
github.com/JungHoonGhae/tossinvest-cli/internal/app/engine/alertdelivery.go:671.2,671.19 1 1
github.com/JungHoonGhae/tossinvest-cli/internal/app/engine/alertdelivery.go:674.38,675.18 1 1
github.com/JungHoonGhae/tossinvest-cli/internal/app/engine/alertdelivery.go:675.18,677.3 1 1
github.com/JungHoonGhae/tossinvest-cli/internal/app/engine/alertdelivery.go:678.2,678.16 1 1
github.com/JungHoonGhae/tossinvest-cli/internal/app/engine/alertdelivery.go:681.44,682.22 1 1
github.com/JungHoonGhae/tossinvest-cli/internal/app/engine/alertdelivery.go:682.22,684.3 1 1
github.com/JungHoonGhae/tossinvest-cli/internal/app/engine/alertdelivery.go:685.2,685.19 1 1
github.com/JungHoonGhae/tossinvest-cli/internal/app/engine/alertdelivery.go:690.91,691.18 1 1
github.com/JungHoonGhae/tossinvest-cli/internal/app/engine/alertdelivery.go:691.18,693.3 1 1
github.com/JungHoonGhae/tossinvest-cli/internal/app/engine/alertdelivery.go:694.2,695.16 2 1
github.com/JungHoonGhae/tossinvest-cli/internal/app/engine/alertdelivery.go:695.16,698.3 2 1
github.com/JungHoonGhae/tossinvest-cli/internal/app/engine/alertdelivery.go:699.2,699.28 1 1
github.com/JungHoonGhae/tossinvest-cli/internal/app/engine/exitloop.go:263.71,264.9 1 1
github.com/JungHoonGhae/tossinvest-cli/internal/app/engine/exitloop.go:265.27,266.106 1 1
github.com/JungHoonGhae/tossinvest-cli/internal/app/engine/exitloop.go:267.26,269.54 1 0
github.com/JungHoonGhae/tossinvest-cli/internal/app/engine/exitloop.go:270.27,272.91 1 0
github.com/JungHoonGhae/tossinvest-cli/internal/app/engine/exitloop.go:273.26,275.45 1 0
github.com/JungHoonGhae/tossinvest-cli/internal/app/engine/exitloop.go:276.26,277.90 1 0
github.com/JungHoonGhae/tossinvest-cli/internal/app/engine/exitloop.go:278.48,279.103 1 0
github.com/JungHoonGhae/tossinvest-cli/internal/app/engine/exitloop.go:280.32,282.91 1 1
github.com/JungHoonGhae/tossinvest-cli/internal/app/engine/exitloop.go:285.2,286.25 2 1
github.com/JungHoonGhae/tossinvest-cli/internal/app/engine/exitloop.go:286.25,288.3 1 0
github.com/JungHoonGhae/tossinvest-cli/internal/app/engine/exitloop.go:289.2,289.43 1 1
github.com/JungHoonGhae/tossinvest-cli/internal/app/engine/exitloop.go:289.43,291.3 1 0
github.com/JungHoonGhae/tossinvest-cli/internal/app/engine/exitloop.go:292.2,293.24 2 1
github.com/JungHoonGhae/tossinvest-cli/internal/app/engine/exitloop.go:293.24,295.3 1 1
github.com/JungHoonGhae/tossinvest-cli/internal/app/engine/exitloop.go:296.2,296.42 1 1
github.com/JungHoonGhae/tossinvest-cli/internal/app/engine/exitloop.go:296.42,298.3 1 0
github.com/JungHoonGhae/tossinvest-cli/internal/app/engine/exitloop.go:299.2,299.58 1 1
github.com/JungHoonGhae/tossinvest-cli/internal/app/engine/exitloop.go:299.58,300.52 1 1
github.com/JungHoonGhae/tossinvest-cli/internal/app/engine/exitloop.go:300.52,302.4 1 0
github.com/JungHoonGhae/tossinvest-cli/internal/app/engine/exitloop.go:303.3,303.25 1 1
github.com/JungHoonGhae/tossinvest-cli/internal/app/engine/exitloop.go:306.2,307.16 2 1
github.com/JungHoonGhae/tossinvest-cli/internal/app/engine/exitloop.go:307.16,309.3 1 1
github.com/JungHoonGhae/tossinvest-cli/internal/app/engine/exitloop.go:310.2,310.23 1 1
github.com/JungHoonGhae/tossinvest-cli/internal/app/engine/exitloop.go:310.23,312.3 1 1
github.com/JungHoonGhae/tossinvest-cli/internal/app/engine/exitloop.go:313.2,323.8 1 1
github.com/JungHoonGhae/tossinvest-cli/internal/app/engine/exitloop.go:327.49,328.25 1 1
github.com/JungHoonGhae/tossinvest-cli/internal/app/engine/exitloop.go:328.25,330.3 1 0
github.com/JungHoonGhae/tossinvest-cli/internal/app/engine/exitloop.go:331.2,331.39 1 1
github.com/JungHoonGhae/tossinvest-cli/internal/app/engine/exitloop.go:334.52,335.28 1 1
github.com/JungHoonGhae/tossinvest-cli/internal/app/engine/exitloop.go:335.28,337.3 1 1
github.com/JungHoonGhae/tossinvest-cli/internal/app/engine/exitloop.go:338.2,338.37 1 1
github.com/JungHoonGhae/tossinvest-cli/internal/app/engine/exitloop.go:341.51,342.27 1 1
github.com/JungHoonGhae/tossinvest-cli/internal/app/engine/exitloop.go:342.27,344.3 1 0
github.com/JungHoonGhae/tossinvest-cli/internal/app/engine/exitloop.go:345.2,345.41 1 1
github.com/JungHoonGhae/tossinvest-cli/internal/app/engine/exitloop.go:354.55,355.6 1 1
github.com/JungHoonGhae/tossinvest-cli/internal/app/engine/exitloop.go:355.6,356.35 1 1
github.com/JungHoonGhae/tossinvest-cli/internal/app/engine/exitloop.go:356.35,358.4 1 1
github.com/JungHoonGhae/tossinvest-cli/internal/app/engine/exitloop.go:359.3,360.56 2 1
github.com/JungHoonGhae/tossinvest-cli/internal/app/engine/exitloop.go:360.56,362.4 1 1
github.com/JungHoonGhae/tossinvest-cli/internal/app/engine/exitloop.go:382.53,383.22 1 1
github.com/JungHoonGhae/tossinvest-cli/internal/app/engine/exitloop.go:383.22,385.3 1 1
github.com/JungHoonGhae/tossinvest-cli/internal/app/engine/exitloop.go:386.2,387.88 1 1
github.com/JungHoonGhae/tossinvest-cli/internal/app/engine/exitloop.go:413.67,417.59 3 1
github.com/JungHoonGhae/tossinvest-cli/internal/app/engine/exitloop.go:417.59,424.3 3 1
github.com/JungHoonGhae/tossinvest-cli/internal/app/engine/exitloop.go:426.2,427.16 2 1
github.com/JungHoonGhae/tossinvest-cli/internal/app/engine/exitloop.go:427.16,430.3 2 0
github.com/JungHoonGhae/tossinvest-cli/internal/app/engine/exitloop.go:431.2,431.22 1 1
github.com/JungHoonGhae/tossinvest-cli/internal/app/engine/exitloop.go:431.22,440.3 3 1
github.com/JungHoonGhae/tossinvest-cli/internal/app/engine/exitloop.go:441.2,442.16 2 1
github.com/JungHoonGhae/tossinvest-cli/internal/app/engine/exitloop.go:442.16,446.3 3 1
github.com/JungHoonGhae/tossinvest-cli/internal/app/engine/exitloop.go:447.2,451.31 4 1
github.com/JungHoonGhae/tossinvest-cli/internal/app/engine/exitloop.go:451.31,453.10 2 1
github.com/JungHoonGhae/tossinvest-cli/internal/app/engine/exitloop.go:453.10,457.12 1 1
github.com/JungHoonGhae/tossinvest-cli/internal/app/engine/exitloop.go:459.3,459.28 1 1
github.com/JungHoonGhae/tossinvest-cli/internal/app/engine/exitloop.go:459.28,462.12 1 1
github.com/JungHoonGhae/tossinvest-cli/internal/app/engine/exitloop.go:464.3,465.93 2 1
github.com/JungHoonGhae/tossinvest-cli/internal/app/engine/exitloop.go:465.93,467.4 1 1
github.com/JungHoonGhae/tossinvest-cli/internal/app/engine/exitloop.go:469.2,469.14 1 1
github.com/JungHoonGhae/tossinvest-cli/internal/app/engine/exitloop.go:493.93,495.16 2 1
github.com/JungHoonGhae/tossinvest-cli/internal/app/engine/exitloop.go:495.16,497.3 1 0
github.com/JungHoonGhae/tossinvest-cli/internal/app/engine/exitloop.go:498.2,499.16 2 1
github.com/JungHoonGhae/tossinvest-cli/internal/app/engine/exitloop.go:499.16,501.3 1 0
github.com/JungHoonGhae/tossinvest-cli/internal/app/engine/exitloop.go:502.2,503.38 2 1
github.com/JungHoonGhae/tossinvest-cli/internal/app/engine/exitloop.go:503.38,505.3 1 1
github.com/JungHoonGhae/tossinvest-cli/internal/app/engine/exitloop.go:507.2,508.30 2 1
github.com/JungHoonGhae/tossinvest-cli/internal/app/engine/exitloop.go:508.30,509.70 1 1
github.com/JungHoonGhae/tossinvest-cli/internal/app/engine/exitloop.go:509.70,510.12 1 1
github.com/JungHoonGhae/tossinvest-cli/internal/app/engine/exitloop.go:512.3,512.24 1 1
github.com/JungHoonGhae/tossinvest-cli/internal/app/engine/exitloop.go:512.24,519.12 3 1
github.com/JungHoonGhae/tossinvest-cli/internal/app/engine/exitloop.go:521.3,525.10 5 1
github.com/JungHoonGhae/tossinvest-cli/internal/app/engine/exitloop.go:525.10,527.18 2 1
github.com/JungHoonGhae/tossinvest-cli/internal/app/engine/exitloop.go:527.18,528.25 1 0
github.com/JungHoonGhae/tossinvest-cli/internal/app/engine/exitloop.go:528.25,530.6 1 0
github.com/JungHoonGhae/tossinvest-cli/internal/app/engine/exitloop.go:531.5,531.13 1 0
github.com/JungHoonGhae/tossinvest-cli/internal/app/engine/exitloop.go:533.4,533.31 1 1
github.com/JungHoonGhae/tossinvest-cli/internal/app/engine/exitloop.go:533.31,537.13 1 0
github.com/JungHoonGhae/tossinvest-cli/internal/app/engine/exitloop.go:539.4,540.18 2 1
github.com/JungHoonGhae/tossinvest-cli/internal/app/engine/exitloop.go:542.3,542.31 1 1
github.com/JungHoonGhae/tossinvest-cli/internal/app/engine/exitloop.go:542.31,545.19 2 1
github.com/JungHoonGhae/tossinvest-cli/internal/app/engine/exitloop.go:545.19,546.25 1 0
github.com/JungHoonGhae/tossinvest-cli/internal/app/engine/exitloop.go:546.25,548.6 1 0
github.com/JungHoonGhae/tossinvest-cli/internal/app/engine/exitloop.go:549.5,549.13 1 0
github.com/JungHoonGhae/tossinvest-cli/internal/app/engine/exitloop.go:551.4,554.12 3 1
github.com/JungHoonGhae/tossinvest-cli/internal/app/engine/exitloop.go:556.3,556.108 1 1
github.com/JungHoonGhae/tossinvest-cli/internal/app/engine/exitloop.go:556.108,557.24 1 0
github.com/JungHoonGhae/tossinvest-cli/internal/app/engine/exitloop.go:557.24,559.5 1 0
github.com/JungHoonGhae/tossinvest-cli/internal/app/engine/exitloop.go:560.4,560.12 1 0
github.com/JungHoonGhae/tossinvest-cli/internal/app/engine/exitloop.go:561.9,561.45 1 1
github.com/JungHoonGhae/tossinvest-cli/internal/app/engine/exitloop.go:561.45,564.12 2 1
github.com/JungHoonGhae/tossinvest-cli/internal/app/engine/exitloop.go:565.9,565.20 1 1
github.com/JungHoonGhae/tossinvest-cli/internal/app/engine/exitloop.go:565.20,587.4 3 1
github.com/JungHoonGhae/tossinvest-cli/internal/app/engine/exitloop.go:588.3,589.25 2 1
github.com/JungHoonGhae/tossinvest-cli/internal/app/engine/exitloop.go:589.25,592.19 2 1
github.com/JungHoonGhae/tossinvest-cli/internal/app/engine/exitloop.go:592.19,593.25 1 0
github.com/JungHoonGhae/tossinvest-cli/internal/app/engine/exitloop.go:593.25,595.6 1 0
github.com/JungHoonGhae/tossinvest-cli/internal/app/engine/exitloop.go:596.5,596.13 1 0
github.com/JungHoonGhae/tossinvest-cli/internal/app/engine/exitloop.go:598.4,601.12 3 1
github.com/JungHoonGhae/tossinvest-cli/internal/app/engine/exitloop.go:603.3,606.5 1 1
github.com/JungHoonGhae/tossinvest-cli/internal/app/engine/exitloop.go:611.2,611.37 1 1
github.com/JungHoonGhae/tossinvest-cli/internal/app/engine/exitloop.go:614.102,617.44 2 1
github.com/JungHoonGhae/tossinvest-cli/internal/app/engine/exitloop.go:617.44,618.45 1 1
github.com/JungHoonGhae/tossinvest-cli/internal/app/engine/exitloop.go:618.45,620.4 1 0
github.com/JungHoonGhae/tossinvest-cli/internal/app/engine/exitloop.go:621.3,621.23 1 1
github.com/JungHoonGhae/tossinvest-cli/internal/app/engine/exitloop.go:623.2,623.50 1 1
github.com/JungHoonGhae/tossinvest-cli/internal/app/engine/exitloop.go:623.50,625.3 1 1
github.com/JungHoonGhae/tossinvest-cli/internal/app/engine/exitloop.go:626.2,626.49 1 0
github.com/JungHoonGhae/tossinvest-cli/internal/app/engine/exitloop.go:653.102,654.17 1 1
github.com/JungHoonGhae/tossinvest-cli/internal/app/engine/exitloop.go:654.17,656.3 1 1
github.com/JungHoonGhae/tossinvest-cli/internal/app/engine/exitloop.go:657.2,658.16 2 1
github.com/JungHoonGhae/tossinvest-cli/internal/app/engine/exitloop.go:658.16,661.3 1 0
github.com/JungHoonGhae/tossinvest-cli/internal/app/engine/exitloop.go:662.2,663.16 2 1
github.com/JungHoonGhae/tossinvest-cli/internal/app/engine/exitloop.go:663.16,666.3 1 0
github.com/JungHoonGhae/tossinvest-cli/internal/app/engine/exitloop.go:667.2,668.9 2 1
github.com/JungHoonGhae/tossinvest-cli/internal/app/engine/exitloop.go:668.9,672.3 1 0
github.com/JungHoonGhae/tossinvest-cli/internal/app/engine/exitloop.go:674.2,675.31 2 1
github.com/JungHoonGhae/tossinvest-cli/internal/app/engine/exitloop.go:675.31,677.3 1 1
github.com/JungHoonGhae/tossinvest-cli/internal/app/engine/exitloop.go:678.2,685.9 2 1
github.com/JungHoonGhae/tossinvest-cli/internal/app/engine/exitloop.go:686.50,688.34 1 0
github.com/JungHoonGhae/tossinvest-cli/internal/app/engine/exitloop.go:689.18,690.96 1 0
github.com/JungHoonGhae/tossinvest-cli/internal/app/engine/exitloop.go:692.2,698.19 2 1
github.com/JungHoonGhae/tossinvest-cli/internal/app/engine/exitloop.go:710.109,712.9 2 1
github.com/JungHoonGhae/tossinvest-cli/internal/app/engine/exitloop.go:713.50,715.34 1 0
github.com/JungHoonGhae/tossinvest-cli/internal/app/engine/exitloop.go:716.18,718.75 1 0
github.com/JungHoonGhae/tossinvest-cli/internal/app/engine/exitloop.go:720.2,727.19 2 1
github.com/JungHoonGhae/tossinvest-cli/internal/app/engine/exitloop.go:743.135,747.86 4 1
github.com/JungHoonGhae/tossinvest-cli/internal/app/engine/exitloop.go:747.86,750.18 3 1
github.com/JungHoonGhae/tossinvest-cli/internal/app/engine/exitloop.go:750.18,752.4 1 1
github.com/JungHoonGhae/tossinvest-cli/internal/app/engine/exitloop.go:756.3,759.34 4 1
github.com/JungHoonGhae/tossinvest-cli/internal/app/engine/exitloop.go:759.34,761.4 1 1
github.com/JungHoonGhae/tossinvest-cli/internal/app/engine/exitloop.go:762.3,763.28 2 1
github.com/JungHoonGhae/tossinvest-cli/internal/app/engine/exitloop.go:763.28,765.106 2 1
github.com/JungHoonGhae/tossinvest-cli/internal/app/engine/exitloop.go:765.106,766.13 1 1
github.com/JungHoonGhae/tossinvest-cli/internal/app/engine/exitloop.go:768.4,769.28 2 1
github.com/JungHoonGhae/tossinvest-cli/internal/app/engine/exitloop.go:769.28,772.5 2 1
github.com/JungHoonGhae/tossinvest-cli/internal/app/engine/exitloop.go:772.10,773.70 1 1
github.com/JungHoonGhae/tossinvest-cli/internal/app/engine/exitloop.go:773.70,774.13 1 1
github.com/JungHoonGhae/tossinvest-cli/internal/app/engine/exitloop.go:776.4,777.46 1 1
github.com/JungHoonGhae/tossinvest-cli/internal/app/engine/exitloop.go:779.3,779.21 1 1
github.com/JungHoonGhae/tossinvest-cli/internal/app/engine/exitloop.go:779.21,781.4 1 1
github.com/JungHoonGhae/tossinvest-cli/internal/app/engine/exitloop.go:782.3,783.13 2 1
github.com/JungHoonGhae/tossinvest-cli/internal/app/engine/exitloop.go:785.2,785.16 1 1
github.com/JungHoonGhae/tossinvest-cli/internal/app/engine/exitloop.go:785.16,787.3 1 1
github.com/JungHoonGhae/tossinvest-cli/internal/app/engine/exitloop.go:788.2,788.19 1 1
github.com/JungHoonGhae/tossinvest-cli/internal/app/engine/exitloop.go:788.19,794.17 2 1
github.com/JungHoonGhae/tossinvest-cli/internal/app/engine/exitloop.go:794.17,796.4 1 0
github.com/JungHoonGhae/tossinvest-cli/internal/app/engine/exitloop.go:797.3,797.7 1 1
github.com/JungHoonGhae/tossinvest-cli/internal/app/engine/exitloop.go:797.7,799.84 2 1
github.com/JungHoonGhae/tossinvest-cli/internal/app/engine/exitloop.go:799.84,800.10 1 1
github.com/JungHoonGhae/tossinvest-cli/internal/app/engine/exitloop.go:803.3,805.34 3 1
github.com/JungHoonGhae/tossinvest-cli/internal/app/engine/exitloop.go:805.34,806.26 1 1
github.com/JungHoonGhae/tossinvest-cli/internal/app/engine/exitloop.go:806.26,807.13 1 0
github.com/JungHoonGhae/tossinvest-cli/internal/app/engine/exitloop.go:809.4,810.23 2 1
github.com/JungHoonGhae/tossinvest-cli/internal/app/engine/exitloop.go:813.2,813.17 1 1
github.com/JungHoonGhae/tossinvest-cli/internal/app/engine/exitloop.go:817.75,819.20 2 1
github.com/JungHoonGhae/tossinvest-cli/internal/app/engine/exitloop.go:819.20,821.3 1 1
github.com/JungHoonGhae/tossinvest-cli/internal/app/engine/exitloop.go:822.2,822.46 1 1
github.com/JungHoonGhae/tossinvest-cli/internal/app/engine/exitloop.go:822.46,824.3 1 1
github.com/JungHoonGhae/tossinvest-cli/internal/app/engine/exitloop.go:825.2,825.20 1 1
github.com/JungHoonGhae/tossinvest-cli/internal/app/engine/exitloop.go:825.20,827.3 1 1
github.com/JungHoonGhae/tossinvest-cli/internal/app/engine/exitloop.go:828.2,843.74 3 1
github.com/JungHoonGhae/tossinvest-cli/internal/app/engine/exitloop.go:843.74,845.3 1 0
github.com/JungHoonGhae/tossinvest-cli/internal/app/engine/exitloop.go:846.2,848.16 2 1
github.com/JungHoonGhae/tossinvest-cli/internal/app/engine/exitloop.go:848.16,849.57 1 1
github.com/JungHoonGhae/tossinvest-cli/internal/app/engine/exitloop.go:849.57,853.4 2 0
github.com/JungHoonGhae/tossinvest-cli/internal/app/engine/exitloop.go:855.3,856.101 1 1
github.com/JungHoonGhae/tossinvest-cli/internal/app/engine/exitloop.go:858.2,858.27 1 1
github.com/JungHoonGhae/tossinvest-cli/internal/app/engine/exitloop.go:863.56,864.27 1 1
github.com/JungHoonGhae/tossinvest-cli/internal/app/engine/exitloop.go:864.27,866.3 1 0
github.com/JungHoonGhae/tossinvest-cli/internal/app/engine/exitloop.go:867.2,867.26 1 1
github.com/JungHoonGhae/tossinvest-cli/internal/app/engine/exitloop.go:867.26,870.3 2 1
github.com/JungHoonGhae/tossinvest-cli/internal/app/engine/exitloop.go:871.2,871.15 1 1
github.com/JungHoonGhae/tossinvest-cli/internal/app/engine/exitloop.go:871.15,882.73 1 1
github.com/JungHoonGhae/tossinvest-cli/internal/app/engine/exitloop.go:882.73,884.4 1 0
github.com/JungHoonGhae/tossinvest-cli/internal/app/engine/exitloop.go:886.2,887.16 2 1
github.com/JungHoonGhae/tossinvest-cli/internal/app/engine/exitloop.go:887.16,890.3 2 0
github.com/JungHoonGhae/tossinvest-cli/internal/app/engine/exitloop.go:892.2,892.28 1 1
github.com/JungHoonGhae/tossinvest-cli/internal/app/engine/exitloop.go:893.32,894.69 1 1
github.com/JungHoonGhae/tossinvest-cli/internal/app/engine/exitloop.go:895.10,896.70 1 1
github.com/JungHoonGhae/tossinvest-cli/internal/app/engine/exitloop.go:907.61,909.16 2 1
github.com/JungHoonGhae/tossinvest-cli/internal/app/engine/exitloop.go:909.16,911.3 1 0
github.com/JungHoonGhae/tossinvest-cli/internal/app/engine/exitloop.go:912.2,913.48 2 1
github.com/JungHoonGhae/tossinvest-cli/internal/app/engine/exitloop.go:913.48,915.3 1 0
github.com/JungHoonGhae/tossinvest-cli/internal/app/engine/exitloop.go:916.2,916.78 1 1
github.com/JungHoonGhae/tossinvest-cli/internal/app/engine/exitloop.go:920.74,922.73 2 1
github.com/JungHoonGhae/tossinvest-cli/internal/app/engine/exitloop.go:922.73,923.17 1 0
github.com/JungHoonGhae/tossinvest-cli/internal/app/engine/exitloop.go:923.17,928.4 1 0
github.com/JungHoonGhae/tossinvest-cli/internal/app/engine/exitloop.go:929.3,930.13 2 0
github.com/JungHoonGhae/tossinvest-cli/internal/app/engine/exitloop.go:932.2,933.16 2 1
github.com/JungHoonGhae/tossinvest-cli/internal/app/engine/exitloop.go:933.16,936.3 2 0
github.com/JungHoonGhae/tossinvest-cli/internal/app/engine/exitloop.go:937.2,953.16 3 1
github.com/JungHoonGhae/tossinvest-cli/internal/app/engine/exitloop.go:953.16,956.3 2 0
github.com/JungHoonGhae/tossinvest-cli/internal/app/engine/exitloop.go:957.2,961.27 3 1
github.com/JungHoonGhae/tossinvest-cli/internal/app/engine/exitloop.go:961.27,963.3 1 1
github.com/JungHoonGhae/tossinvest-cli/internal/app/engine/exitloop.go:964.2,964.43 1 1
github.com/JungHoonGhae/tossinvest-cli/internal/app/engine/exitloop.go:964.43,966.3 1 1
github.com/JungHoonGhae/tossinvest-cli/internal/app/engine/exitloop.go:968.2,970.29 1 1
github.com/JungHoonGhae/tossinvest-cli/internal/app/engine/exitloop.go:974.74,976.16 2 1
github.com/JungHoonGhae/tossinvest-cli/internal/app/engine/exitloop.go:976.16,979.3 2 0
github.com/JungHoonGhae/tossinvest-cli/internal/app/engine/exitloop.go:980.2,980.64 1 1
github.com/JungHoonGhae/tossinvest-cli/internal/app/engine/exitloop.go:980.64,983.3 2 1
github.com/JungHoonGhae/tossinvest-cli/internal/app/engine/exitloop.go:984.2,985.16 2 1
github.com/JungHoonGhae/tossinvest-cli/internal/app/engine/exitloop.go:985.16,988.3 2 0
github.com/JungHoonGhae/tossinvest-cli/internal/app/engine/exitloop.go:989.2,990.32 2 1
github.com/JungHoonGhae/tossinvest-cli/internal/app/engine/exitloop.go:990.32,991.73 1 0
github.com/JungHoonGhae/tossinvest-cli/internal/app/engine/exitloop.go:991.73,993.4 1 0
github.com/JungHoonGhae/tossinvest-cli/internal/app/engine/exitloop.go:995.2,1019.16 3 1
github.com/JungHoonGhae/tossinvest-cli/internal/app/engine/exitloop.go:1019.16,1022.3 2 1
github.com/JungHoonGhae/tossinvest-cli/internal/app/engine/exitloop.go:1023.2,1032.27 3 1
github.com/JungHoonGhae/tossinvest-cli/internal/app/engine/exitloop.go:1032.27,1034.3 1 0
github.com/JungHoonGhae/tossinvest-cli/internal/app/engine/exitloop.go:1035.2,1035.43 1 1
github.com/JungHoonGhae/tossinvest-cli/internal/app/engine/exitloop.go:1035.43,1037.3 1 1
github.com/JungHoonGhae/tossinvest-cli/internal/app/engine/exitloop.go:1038.2,1039.29 1 1
github.com/JungHoonGhae/tossinvest-cli/internal/app/engine/exitloop.go:1045.100,1046.112 1 1
github.com/JungHoonGhae/tossinvest-cli/internal/app/engine/exitloop.go:1046.112,1048.3 1 1
github.com/JungHoonGhae/tossinvest-cli/internal/app/engine/exitloop.go:1049.2,1049.103 1 1
github.com/JungHoonGhae/tossinvest-cli/internal/app/engine/exitloop.go:1054.9,1055.27 1 1
github.com/JungHoonGhae/tossinvest-cli/internal/app/engine/exitloop.go:1055.27,1057.3 1 0
github.com/JungHoonGhae/tossinvest-cli/internal/app/engine/exitloop.go:1058.2,1064.107 2 1
github.com/JungHoonGhae/tossinvest-cli/internal/app/engine/exitloop.go:1064.107,1066.3 1 0
github.com/JungHoonGhae/tossinvest-cli/internal/app/engine/exitloop.go:1067.2,1067.16 1 1
github.com/JungHoonGhae/tossinvest-cli/internal/app/engine/exitloop.go:1067.16,1069.3 1 0
github.com/JungHoonGhae/tossinvest-cli/internal/app/engine/exitloop.go:1070.2,1070.12 1 1
github.com/JungHoonGhae/tossinvest-cli/internal/app/engine/exitloop.go:1073.62,1078.39 2 1
github.com/JungHoonGhae/tossinvest-cli/internal/app/engine/exitloop.go:1078.39,1080.3 1 1
github.com/JungHoonGhae/tossinvest-cli/internal/app/engine/exitloop.go:1081.2,1081.90 1 1
github.com/JungHoonGhae/tossinvest-cli/internal/app/engine/exitloop.go:1085.65,1087.16 2 1
github.com/JungHoonGhae/tossinvest-cli/internal/app/engine/exitloop.go:1087.16,1089.3 1 0
github.com/JungHoonGhae/tossinvest-cli/internal/app/engine/exitloop.go:1090.2,1093.8 1 1
github.com/JungHoonGhae/tossinvest-cli/internal/app/engine/exitloop.go:1097.45,1099.16 2 1
github.com/JungHoonGhae/tossinvest-cli/internal/app/engine/exitloop.go:1099.16,1101.3 1 0
github.com/JungHoonGhae/tossinvest-cli/internal/app/engine/exitloop.go:1102.2,1103.75 2 1
github.com/JungHoonGhae/tossinvest-cli/internal/app/engine/exitloop.go:1103.75,1106.21 3 1
github.com/JungHoonGhae/tossinvest-cli/internal/app/engine/exitloop.go:1106.21,1108.4 1 1
github.com/JungHoonGhae/tossinvest-cli/internal/app/engine/exitloop.go:1110.2,1115.4 2 1
github.com/JungHoonGhae/tossinvest-cli/internal/app/engine/exitloop.go:1115.4,1118.3 2 1
github.com/JungHoonGhae/tossinvest-cli/internal/app/engine/exitloop.go:1119.2,1119.52 1 1
github.com/JungHoonGhae/tossinvest-cli/internal/app/engine/exitloop.go:1122.62,1126.2 1 1
github.com/JungHoonGhae/tossinvest-cli/internal/app/engine/exitloop.go:1131.100,1133.14 2 1
github.com/JungHoonGhae/tossinvest-cli/internal/app/engine/exitloop.go:1133.14,1135.3 1 1
github.com/JungHoonGhae/tossinvest-cli/internal/app/engine/exitloop.go:1136.2,1136.31 1 1
github.com/JungHoonGhae/tossinvest-cli/internal/app/engine/exitloop.go:1136.31,1141.3 1 1
github.com/JungHoonGhae/tossinvest-cli/internal/app/engine/exitloop.go:1142.2,1143.16 2 1
github.com/JungHoonGhae/tossinvest-cli/internal/app/engine/exitloop.go:1143.16,1145.3 1 0
github.com/JungHoonGhae/tossinvest-cli/internal/app/engine/exitloop.go:1146.2,1147.16 2 1
github.com/JungHoonGhae/tossinvest-cli/internal/app/engine/exitloop.go:1147.16,1149.3 1 0
github.com/JungHoonGhae/tossinvest-cli/internal/app/engine/exitloop.go:1150.2,1150.13 1 1
github.com/JungHoonGhae/tossinvest-cli/internal/app/engine/exitloop.go:1150.13,1155.3 1 1
github.com/JungHoonGhae/tossinvest-cli/internal/app/engine/exitloop.go:1156.2,1156.12 1 1
github.com/JungHoonGhae/tossinvest-cli/internal/app/engine/exitloop.go:1159.78,1161.36 2 1
github.com/JungHoonGhae/tossinvest-cli/internal/app/engine/exitloop.go:1161.36,1162.40 1 1
github.com/JungHoonGhae/tossinvest-cli/internal/app/engine/exitloop.go:1162.40,1166.4 1 0
github.com/JungHoonGhae/tossinvest-cli/internal/app/engine/exitloop.go:1167.3,1167.23 1 1
github.com/JungHoonGhae/tossinvest-cli/internal/app/engine/exitloop.go:1169.2,1170.16 2 1
github.com/JungHoonGhae/tossinvest-cli/internal/app/engine/exitloop.go:1170.16,1172.3 1 0
github.com/JungHoonGhae/tossinvest-cli/internal/app/engine/exitloop.go:1173.2,1173.20 1 1
github.com/JungHoonGhae/tossinvest-cli/internal/app/engine/exitloop.go:1184.56,1185.27 1 1
github.com/JungHoonGhae/tossinvest-cli/internal/app/engine/exitloop.go:1185.27,1187.3 1 0
github.com/JungHoonGhae/tossinvest-cli/internal/app/engine/exitloop.go:1188.2,1204.39 6 1
github.com/JungHoonGhae/tossinvest-cli/internal/app/engine/exitloop.go:1204.39,1205.31 1 0
github.com/JungHoonGhae/tossinvest-cli/internal/app/engine/exitloop.go:1205.31,1207.4 1 0
github.com/JungHoonGhae/tossinvest-cli/internal/app/engine/exitloop.go:1207.9,1209.4 1 0
github.com/JungHoonGhae/tossinvest-cli/internal/app/engine/exitloop.go:1228.2,1228.72 1 1
github.com/JungHoonGhae/tossinvest-cli/internal/app/engine/exitloop.go:1228.72,1229.43 1 1
github.com/JungHoonGhae/tossinvest-cli/internal/app/engine/exitloop.go:1229.43,1251.4 2 1
github.com/JungHoonGhae/tossinvest-cli/internal/app/engine/exitloop.go:1251.9,1253.18 2 1
github.com/JungHoonGhae/tossinvest-cli/internal/app/engine/exitloop.go:1253.18,1255.5 1 0
github.com/JungHoonGhae/tossinvest-cli/internal/app/engine/exitloop.go:1256.4,1256.16 1 1
github.com/JungHoonGhae/tossinvest-cli/internal/app/engine/exitloop.go:1256.16,1260.5 3 1
github.com/JungHoonGhae/tossinvest-cli/internal/app/engine/exitloop.go:1260.10,1262.5 1 1
github.com/JungHoonGhae/tossinvest-cli/internal/app/engine/exitloop.go:1266.2,1267.15 2 1
github.com/JungHoonGhae/tossinvest-cli/internal/app/engine/exitloop.go:1267.15,1269.21 2 1
github.com/JungHoonGhae/tossinvest-cli/internal/app/engine/exitloop.go:1269.21,1271.4 1 0
github.com/JungHoonGhae/tossinvest-cli/internal/app/engine/exitloop.go:1272.3,1277.4 1 1
github.com/JungHoonGhae/tossinvest-cli/internal/app/engine/exitloop.go:1280.2,1281.16 2 1
github.com/JungHoonGhae/tossinvest-cli/internal/app/engine/exitloop.go:1281.16,1282.49 1 1
github.com/JungHoonGhae/tossinvest-cli/internal/app/engine/exitloop.go:1282.49,1287.4 1 1
github.com/JungHoonGhae/tossinvest-cli/internal/app/engine/exitloop.go:1288.3,1288.57 1 1
github.com/JungHoonGhae/tossinvest-cli/internal/app/engine/exitloop.go:1288.57,1298.4 1 1
github.com/JungHoonGhae/tossinvest-cli/internal/app/engine/exitloop.go:1299.3,1299.90 1 1
github.com/JungHoonGhae/tossinvest-cli/internal/app/engine/exitloop.go:1301.2,1301.82 1 1
github.com/JungHoonGhae/tossinvest-cli/internal/app/engine/exitloop.go:1301.82,1303.3 1 1
github.com/JungHoonGhae/tossinvest-cli/internal/app/engine/exitloop.go:1304.2,1307.24 3 1
github.com/JungHoonGhae/tossinvest-cli/internal/app/engine/exitloop.go:1310.45,1312.92 2 1
github.com/JungHoonGhae/tossinvest-cli/internal/app/engine/exitloop.go:1312.92,1314.3 1 0
github.com/JungHoonGhae/tossinvest-cli/internal/app/engine/exitloop.go:1315.2,1315.57 1 1
github.com/JungHoonGhae/tossinvest-cli/internal/app/engine/exitloop.go:1319.45,1322.2 1 1
github.com/JungHoonGhae/tossinvest-cli/internal/app/engine/exitloop.go:1328.47,1330.2 1 1
github.com/JungHoonGhae/tossinvest-cli/internal/app/engine/exitloop.go:1340.40,1341.16 1 1
github.com/JungHoonGhae/tossinvest-cli/internal/app/engine/exitloop.go:1341.16,1343.3 1 1
github.com/JungHoonGhae/tossinvest-cli/internal/app/engine/exitloop.go:1344.2,1344.25 1 1
github.com/JungHoonGhae/tossinvest-cli/internal/app/engine/exitloop.go:1349.88,1351.16 2 1
github.com/JungHoonGhae/tossinvest-cli/internal/app/engine/exitloop.go:1351.16,1353.3 1 0
github.com/JungHoonGhae/tossinvest-cli/internal/app/engine/exitloop.go:1354.2,1354.36 1 1
github.com/JungHoonGhae/tossinvest-cli/internal/app/engine/exitloop.go:1354.36,1360.3 1 1
github.com/JungHoonGhae/tossinvest-cli/internal/app/engine/exitloop.go:1362.2,1374.16 2 1
github.com/JungHoonGhae/tossinvest-cli/internal/app/engine/exitloop.go:1374.16,1377.3 2 0
github.com/JungHoonGhae/tossinvest-cli/internal/app/engine/exitloop.go:1383.2,1383.86 1 1
github.com/JungHoonGhae/tossinvest-cli/internal/app/engine/exitloop.go:1383.86,1385.3 1 0
github.com/JungHoonGhae/tossinvest-cli/internal/app/engine/exitloop.go:1387.2,1388.16 2 1
github.com/JungHoonGhae/tossinvest-cli/internal/app/engine/exitloop.go:1388.16,1391.3 2 0
github.com/JungHoonGhae/tossinvest-cli/internal/app/engine/exitloop.go:1392.2,1398.9 2 1
github.com/JungHoonGhae/tossinvest-cli/internal/app/engine/exitloop.go:1399.43,1406.13 2 1
github.com/JungHoonGhae/tossinvest-cli/internal/app/engine/exitloop.go:1407.88,1411.13 1 1
github.com/JungHoonGhae/tossinvest-cli/internal/app/engine/exitloop.go:1412.49,1414.54 2 0
github.com/JungHoonGhae/tossinvest-cli/internal/app/engine/exitloop.go:1415.10,1417.33 2 1
github.com/JungHoonGhae/tossinvest-cli/internal/app/engine/exitloop.go:1417.33,1419.4 1 0
github.com/JungHoonGhae/tossinvest-cli/internal/app/engine/exitloop.go:1420.3,1421.52 2 1
github.com/JungHoonGhae/tossinvest-cli/internal/app/engine/exitloop.go:1427.102,1428.84 1 1
github.com/JungHoonGhae/tossinvest-cli/internal/app/engine/exitloop.go:1428.84,1430.3 1 0
github.com/JungHoonGhae/tossinvest-cli/internal/app/engine/exitloop.go:1431.2,1431.12 1 1
github.com/JungHoonGhae/tossinvest-cli/internal/app/engine/exitloop.go:1445.103,1448.16 2 1
github.com/JungHoonGhae/tossinvest-cli/internal/app/engine/exitloop.go:1448.16,1450.3 1 0
github.com/JungHoonGhae/tossinvest-cli/internal/app/engine/exitloop.go:1451.2,1452.29 2 1
github.com/JungHoonGhae/tossinvest-cli/internal/app/engine/exitloop.go:1452.29,1454.27 2 1
github.com/JungHoonGhae/tossinvest-cli/internal/app/engine/exitloop.go:1454.27,1455.12 1 0
github.com/JungHoonGhae/tossinvest-cli/internal/app/engine/exitloop.go:1457.3,1469.17 2 1
github.com/JungHoonGhae/tossinvest-cli/internal/app/engine/exitloop.go:1469.17,1471.12 2 0
github.com/JungHoonGhae/tossinvest-cli/internal/app/engine/exitloop.go:1473.3,1475.33 3 1
github.com/JungHoonGhae/tossinvest-cli/internal/app/engine/exitloop.go:1475.33,1477.12 2 0
github.com/JungHoonGhae/tossinvest-cli/internal/app/engine/exitloop.go:1479.3,1490.56 2 1
github.com/JungHoonGhae/tossinvest-cli/internal/app/engine/exitloop.go:1490.56,1492.4 1 1
github.com/JungHoonGhae/tossinvest-cli/internal/app/engine/exitloop.go:1494.2,1494.12 1 1
github.com/JungHoonGhae/tossinvest-cli/internal/app/engine/exitloop.go:1494.12,1496.3 1 1
github.com/JungHoonGhae/tossinvest-cli/internal/app/engine/exitloop.go:1497.2,1497.38 1 1
github.com/JungHoonGhae/tossinvest-cli/internal/app/engine/exitloop.go:1497.38,1498.70 1 1
github.com/JungHoonGhae/tossinvest-cli/internal/app/engine/exitloop.go:1498.70,1500.4 1 0
github.com/JungHoonGhae/tossinvest-cli/internal/app/engine/exitloop.go:1502.2,1502.18 1 1
github.com/JungHoonGhae/tossinvest-cli/internal/app/engine/exitloop.go:1514.106,1515.25 1 1
github.com/JungHoonGhae/tossinvest-cli/internal/app/engine/exitloop.go:1515.25,1517.3 1 1
github.com/JungHoonGhae/tossinvest-cli/internal/app/engine/exitloop.go:1518.2,1519.16 2 1
github.com/JungHoonGhae/tossinvest-cli/internal/app/engine/exitloop.go:1519.16,1526.3 2 1
github.com/JungHoonGhae/tossinvest-cli/internal/app/engine/exitloop.go:1527.2,1527.14 1 1
github.com/JungHoonGhae/tossinvest-cli/internal/app/engine/exitloop.go:1527.14,1529.3 1 1
github.com/JungHoonGhae/tossinvest-cli/internal/app/engine/exitloop.go:1530.2,1531.16 2 1
github.com/JungHoonGhae/tossinvest-cli/internal/app/engine/exitloop.go:1531.16,1533.3 1 0
github.com/JungHoonGhae/tossinvest-cli/internal/app/engine/exitloop.go:1534.2,1534.14 1 1
github.com/JungHoonGhae/tossinvest-cli/internal/app/engine/exitloop.go:1534.14,1536.3 1 0
github.com/JungHoonGhae/tossinvest-cli/internal/app/engine/exitloop.go:1537.2,1538.16 2 1
github.com/JungHoonGhae/tossinvest-cli/internal/app/engine/exitloop.go:1538.16,1540.3 1 0
github.com/JungHoonGhae/tossinvest-cli/internal/app/engine/exitloop.go:1541.2,1557.34 2 1
github.com/JungHoonGhae/tossinvest-cli/internal/app/engine/exitloop.go:1576.106,1578.17 2 1
github.com/JungHoonGhae/tossinvest-cli/internal/app/engine/exitloop.go:1578.17,1580.3 1 0
github.com/JungHoonGhae/tossinvest-cli/internal/app/engine/exitloop.go:1581.2,1581.17 1 1
github.com/JungHoonGhae/tossinvest-cli/internal/app/engine/exitloop.go:1581.17,1584.3 1 0
github.com/JungHoonGhae/tossinvest-cli/internal/app/engine/exitloop.go:1585.2,1586.16 2 1
github.com/JungHoonGhae/tossinvest-cli/internal/app/engine/exitloop.go:1586.16,1588.3 1 0
github.com/JungHoonGhae/tossinvest-cli/internal/app/engine/exitloop.go:1589.2,1590.16 2 1
github.com/JungHoonGhae/tossinvest-cli/internal/app/engine/exitloop.go:1590.16,1592.3 1 0
github.com/JungHoonGhae/tossinvest-cli/internal/app/engine/exitloop.go:1593.2,1601.8 1 1
github.com/JungHoonGhae/tossinvest-cli/internal/app/engine/exitloop.go:1606.80,1607.23 1 1
github.com/JungHoonGhae/tossinvest-cli/internal/app/engine/exitloop.go:1607.23,1609.3 1 1
github.com/JungHoonGhae/tossinvest-cli/internal/app/engine/exitloop.go:1610.2,1622.4 2 1
github.com/JungHoonGhae/tossinvest-cli/internal/app/engine/exitloop.go:1627.82,1628.30 1 1
github.com/JungHoonGhae/tossinvest-cli/internal/app/engine/exitloop.go:1628.30,1630.3 1 1
github.com/JungHoonGhae/tossinvest-cli/internal/app/engine/exitloop.go:1631.2,1634.32 4 1
github.com/JungHoonGhae/tossinvest-cli/internal/app/engine/exitloop.go:1634.32,1636.3 1 0
github.com/JungHoonGhae/tossinvest-cli/internal/app/engine/exitloop.go:1637.2,1648.4 1 1
github.com/JungHoonGhae/tossinvest-cli/internal/app/engine/exitloop.go:1651.56,1651.89 1 1
github.com/JungHoonGhae/tossinvest-cli/internal/app/engine/exitloop.go:1657.52,1657.89 1 1
github.com/JungHoonGhae/tossinvest-cli/internal/app/engine/exitloop.go:1660.47,1676.2 1 1
github.com/JungHoonGhae/tossinvest-cli/internal/app/engine/exitloop.go:1680.78,1683.14 3 1
github.com/JungHoonGhae/tossinvest-cli/internal/app/engine/exitloop.go:1683.14,1686.3 2 1
github.com/JungHoonGhae/tossinvest-cli/internal/app/engine/exitloop.go:1687.2,1687.70 1 1
github.com/JungHoonGhae/tossinvest-cli/internal/app/engine/exitloop.go:1687.70,1689.3 1 0
github.com/JungHoonGhae/tossinvest-cli/internal/app/engine/exitloop.go:1690.2,1703.4 2 1
github.com/JungHoonGhae/tossinvest-cli/internal/app/engine/exitloop.go:1706.54,1709.2 2 1
github.com/JungHoonGhae/tossinvest-cli/internal/app/engine/exitloop.go:1711.64,1712.26 1 1
github.com/JungHoonGhae/tossinvest-cli/internal/app/engine/exitloop.go:1712.26,1714.3 1 1
github.com/JungHoonGhae/tossinvest-cli/internal/app/engine/exitloop.go:1715.2,1715.53 1 1
github.com/JungHoonGhae/tossinvest-cli/internal/app/engine/exitloop.go:1715.53,1717.3 1 0
github.com/JungHoonGhae/tossinvest-cli/internal/app/engine/exitloop.go:1720.69,1721.23 1 1
github.com/JungHoonGhae/tossinvest-cli/internal/app/engine/exitloop.go:1721.23,1723.3 1 1
github.com/JungHoonGhae/tossinvest-cli/internal/app/engine/exitloop.go:1724.2,1724.10 1 0
github.com/JungHoonGhae/tossinvest-cli/internal/app/engine/exitloop.go:1724.10,1727.3 2 0
github.com/JungHoonGhae/tossinvest-cli/internal/app/engine/exitloop.go:1728.2,1728.30 1 0
github.com/JungHoonGhae/tossinvest-cli/internal/app/engine/exitloop.go:1731.74,1732.23 1 1
github.com/JungHoonGhae/tossinvest-cli/internal/app/engine/exitloop.go:1732.23,1734.3 1 1
github.com/JungHoonGhae/tossinvest-cli/internal/app/engine/exitloop.go:1735.2,1735.88 1 1
github.com/JungHoonGhae/tossinvest-cli/internal/app/engine/exitloop.go:1740.43,1743.27 3 1
github.com/JungHoonGhae/tossinvest-cli/internal/app/engine/exitloop.go:1743.27,1745.35 2 1
github.com/JungHoonGhae/tossinvest-cli/internal/app/engine/exitloop.go:1745.35,1746.12 1 0
github.com/JungHoonGhae/tossinvest-cli/internal/app/engine/exitloop.go:1748.3,1749.28 2 1
github.com/JungHoonGhae/tossinvest-cli/internal/app/engine/exitloop.go:1751.2,1752.12 2 1
github.com/JungHoonGhae/tossinvest-cli/internal/app/engine/exitloop.go:1764.64,1766.2 1 0
github.com/JungHoonGhae/tossinvest-cli/internal/app/engine/exitloop.go:1768.36,1770.13 2 1
github.com/JungHoonGhae/tossinvest-cli/internal/app/engine/exitloop.go:1770.13,1772.3 1 0
github.com/JungHoonGhae/tossinvest-cli/internal/app/engine/exitloop.go:1773.2,1774.32 2 1
github.com/JungHoonGhae/tossinvest-cli/internal/app/engine/exitloop.go:1778.34,1778.80 1 1
github.com/JungHoonGhae/tossinvest-cli/internal/app/engine/exitloop.go:1784.48,1786.16 2 1
github.com/JungHoonGhae/tossinvest-cli/internal/app/engine/exitloop.go:1786.16,1788.3 1 0
github.com/JungHoonGhae/tossinvest-cli/internal/app/engine/exitloop.go:1789.2,1789.15 1 1
github.com/JungHoonGhae/tossinvest-cli/internal/app/engine/exitloop.go:1792.40,1793.56 1 1
github.com/JungHoonGhae/tossinvest-cli/internal/app/engine/exitloop.go:1793.56,1795.3 1 0
github.com/JungHoonGhae/tossinvest-cli/internal/app/engine/exitloop.go:1796.2,1796.14 1 1
github.com/JungHoonGhae/tossinvest-cli/internal/app/engine/exitloop.go:1799.28,1801.43 2 0
github.com/JungHoonGhae/tossinvest-cli/internal/app/engine/exitloop.go:1801.43,1804.76 1 0
github.com/JungHoonGhae/tossinvest-cli/internal/app/engine/exitloop.go:1806.2,1806.43 1 0
github.com/JungHoonGhae/tossinvest-cli/internal/app/engine/exitwiring.go:46.95,56.2 1 1
github.com/JungHoonGhae/tossinvest-cli/internal/app/engine/exitwiring.go:72.75,81.2 1 1
github.com/JungHoonGhae/tossinvest-cli/internal/app/engine/exitwiring.go:99.47,100.23 1 0
github.com/JungHoonGhae/tossinvest-cli/internal/app/engine/exitwiring.go:100.23,102.3 1 0
github.com/JungHoonGhae/tossinvest-cli/internal/app/engine/exitwiring.go:103.2,120.4 1 0
github.com/JungHoonGhae/tossinvest-cli/internal/app/engine/exitwiring.go:133.43,134.23 1 0
github.com/JungHoonGhae/tossinvest-cli/internal/app/engine/exitwiring.go:134.23,136.3 1 0
github.com/JungHoonGhae/tossinvest-cli/internal/app/engine/exitwiring.go:137.2,138.19 2 0
github.com/JungHoonGhae/tossinvest-cli/internal/app/engine/exitwiring.go:138.19,140.3 1 0
github.com/JungHoonGhae/tossinvest-cli/internal/app/engine/exitwiring.go:141.2,159.4 1 0
github.com/JungHoonGhae/tossinvest-cli/internal/app/engine/exitwiring.go:193.40,194.55 1 0
github.com/JungHoonGhae/tossinvest-cli/internal/app/engine/exitwiring.go:194.55,196.3 1 0
github.com/JungHoonGhae/tossinvest-cli/internal/app/engine/exitwiring.go:197.2,197.77 1 0
github.com/JungHoonGhae/tossinvest-cli/internal/app/engine/exitwiring.go:197.77,201.3 1 0
github.com/JungHoonGhae/tossinvest-cli/internal/app/engine/exitwiring.go:203.2,207.87 2 0
github.com/JungHoonGhae/tossinvest-cli/internal/app/engine/exitwiring.go:207.87,209.17 2 0
github.com/JungHoonGhae/tossinvest-cli/internal/app/engine/exitwiring.go:209.17,211.4 1 0
github.com/JungHoonGhae/tossinvest-cli/internal/app/engine/exitwiring.go:212.3,212.31 1 0
github.com/JungHoonGhae/tossinvest-cli/internal/app/engine/exitwiring.go:212.31,213.82 1 0
github.com/JungHoonGhae/tossinvest-cli/internal/app/engine/exitwiring.go:213.82,214.13 1 0
github.com/JungHoonGhae/tossinvest-cli/internal/app/engine/exitwiring.go:216.4,218.5 1 0
github.com/JungHoonGhae/tossinvest-cli/internal/app/engine/exitwiring.go:220.3,220.22 1 0
github.com/JungHoonGhae/tossinvest-cli/internal/app/engine/exitwiring.go:220.22,224.4 1 0
github.com/JungHoonGhae/tossinvest-cli/internal/app/engine/exitwiring.go:225.3,225.13 1 0
github.com/JungHoonGhae/tossinvest-cli/internal/app/engine/exitwiring.go:226.17,229.3 1 0
github.com/JungHoonGhae/tossinvest-cli/internal/app/engine/exitwiring.go:231.2,231.87 1 0
github.com/JungHoonGhae/tossinvest-cli/internal/app/engine/exitwiring.go:231.87,233.17 2 0
github.com/JungHoonGhae/tossinvest-cli/internal/app/engine/exitwiring.go:233.17,235.4 1 0
github.com/JungHoonGhae/tossinvest-cli/internal/app/engine/exitwiring.go:236.3,237.13 2 0
github.com/JungHoonGhae/tossinvest-cli/internal/app/engine/exitwiring.go:238.17,241.3 1 0
github.com/JungHoonGhae/tossinvest-cli/internal/app/engine/exitwiring.go:243.2,244.16 2 0
github.com/JungHoonGhae/tossinvest-cli/internal/app/engine/exitwiring.go:244.16,246.3 1 0
github.com/JungHoonGhae/tossinvest-cli/internal/app/engine/exitwiring.go:247.2,254.16 2 0
github.com/JungHoonGhae/tossinvest-cli/internal/app/engine/exitwiring.go:254.16,256.3 1 0
github.com/JungHoonGhae/tossinvest-cli/internal/app/engine/exitwiring.go:257.2,257.25 1 0
github.com/JungHoonGhae/tossinvest-cli/internal/app/engine/exitwiring.go:265.101,267.16 2 0
github.com/JungHoonGhae/tossinvest-cli/internal/app/engine/exitwiring.go:267.16,269.3 1 0
github.com/JungHoonGhae/tossinvest-cli/internal/app/engine/exitwiring.go:270.2,271.29 2 0
github.com/JungHoonGhae/tossinvest-cli/internal/app/engine/exitwiring.go:271.29,272.64 1 0
github.com/JungHoonGhae/tossinvest-cli/internal/app/engine/exitwiring.go:272.64,273.12 1 0
github.com/JungHoonGhae/tossinvest-cli/internal/app/engine/exitwiring.go:275.3,276.17 2 0
github.com/JungHoonGhae/tossinvest-cli/internal/app/engine/exitwiring.go:276.17,278.4 1 0
github.com/JungHoonGhae/tossinvest-cli/internal/app/engine/exitwiring.go:280.2,280.19 1 0
github.com/JungHoonGhae/tossinvest-cli/internal/app/engine/exitwiring.go:283.38,284.32 1 0
github.com/JungHoonGhae/tossinvest-cli/internal/app/engine/exitwiring.go:284.32,286.3 1 0
github.com/JungHoonGhae/tossinvest-cli/internal/app/engine/exitwiring.go:287.2,287.29 1 0
github.com/JungHoonGhae/tossinvest-cli/internal/app/engine/exitwiring.go:319.81,320.14 1 1
github.com/JungHoonGhae/tossinvest-cli/internal/app/engine/exitwiring.go:320.14,322.3 1 0
github.com/JungHoonGhae/tossinvest-cli/internal/app/engine/exitwiring.go:323.2,323.28 1 1
github.com/JungHoonGhae/tossinvest-cli/internal/app/engine/exitwiring.go:323.28,325.3 1 1
github.com/JungHoonGhae/tossinvest-cli/internal/app/engine/exitwiring.go:326.2,327.9 2 1
github.com/JungHoonGhae/tossinvest-cli/internal/app/engine/exitwiring.go:327.9,330.3 1 0
github.com/JungHoonGhae/tossinvest-cli/internal/app/engine/exitwiring.go:333.2,343.23 10 1
github.com/JungHoonGhae/tossinvest-cli/internal/app/engine/exitwiring.go:343.23,345.3 1 1
github.com/JungHoonGhae/tossinvest-cli/internal/app/engine/exitwiring.go:348.2,348.23 1 1
github.com/JungHoonGhae/tossinvest-cli/internal/app/engine/exitwiring.go:348.23,351.3 2 1
github.com/JungHoonGhae/tossinvest-cli/internal/app/engine/exitwiring.go:352.2,352.23 1 1
github.com/JungHoonGhae/tossinvest-cli/internal/app/engine/exitwiring.go:352.23,354.3 1 1
github.com/JungHoonGhae/tossinvest-cli/internal/app/engine/exitwiring.go:355.2,355.30 1 1
github.com/JungHoonGhae/tossinvest-cli/internal/app/engine/exitwiring.go:385.32,386.19 1 1
github.com/JungHoonGhae/tossinvest-cli/internal/app/engine/exitwiring.go:386.19,388.3 1 0
github.com/JungHoonGhae/tossinvest-cli/internal/app/engine/exitwiring.go:389.2,389.16 1 1
github.com/JungHoonGhae/tossinvest-cli/internal/app/engine/exitwiring.go:389.16,391.3 1 0
github.com/JungHoonGhae/tossinvest-cli/internal/app/engine/exitwiring.go:392.2,392.6 1 1
github.com/JungHoonGhae/tossinvest-cli/internal/app/engine/exitwiring.go:392.6,393.35 1 1
github.com/JungHoonGhae/tossinvest-cli/internal/app/engine/exitwiring.go:393.35,395.4 1 0
github.com/JungHoonGhae/tossinvest-cli/internal/app/engine/exitwiring.go:396.3,397.50 2 1
github.com/JungHoonGhae/tossinvest-cli/internal/app/engine/exitwiring.go:397.50,399.4 1 1
github.com/JungHoonGhae/tossinvest-cli/internal/app/engine/exitwiring.go:406.81,407.34 1 1
github.com/JungHoonGhae/tossinvest-cli/internal/app/engine/exitwiring.go:407.34,409.3 1 0
github.com/JungHoonGhae/tossinvest-cli/internal/app/engine/exitwiring.go:410.2,411.9 2 1
github.com/JungHoonGhae/tossinvest-cli/internal/app/engine/exitwiring.go:412.18,416.19 1 1
github.com/JungHoonGhae/tossinvest-cli/internal/app/engine/exitwiring.go:416.19,420.4 1 0
github.com/JungHoonGhae/tossinvest-cli/internal/app/engine/exitwiring.go:421.34,425.76 1 0
github.com/JungHoonGhae/tossinvest-cli/internal/app/engine/reconcileloop.go:272.47,272.71 1 0
github.com/JungHoonGhae/tossinvest-cli/internal/app/engine/reconcileloop.go:275.47,279.2 3 1
github.com/JungHoonGhae/tossinvest-cli/internal/app/engine/reconcileloop.go:283.53,283.86 1 1
github.com/JungHoonGhae/tossinvest-cli/internal/app/engine/reconcileloop.go:286.54,290.22 4 1
github.com/JungHoonGhae/tossinvest-cli/internal/app/engine/reconcileloop.go:290.22,295.3 4 1
github.com/JungHoonGhae/tossinvest-cli/internal/app/engine/reconcileloop.go:296.2,296.31 1 1
github.com/JungHoonGhae/tossinvest-cli/internal/app/engine/reconcileloop.go:296.31,298.3 1 1
github.com/JungHoonGhae/tossinvest-cli/internal/app/engine/reconcileloop.go:299.2,300.32 2 1
github.com/JungHoonGhae/tossinvest-cli/internal/app/engine/reconcileloop.go:304.80,305.9 1 1
github.com/JungHoonGhae/tossinvest-cli/internal/app/engine/reconcileloop.go:306.27,307.74 1 0
github.com/JungHoonGhae/tossinvest-cli/internal/app/engine/reconcileloop.go:308.29,309.85 1 0
github.com/JungHoonGhae/tossinvest-cli/internal/app/engine/reconcileloop.go:310.27,311.83 1 0
github.com/JungHoonGhae/tossinvest-cli/internal/app/engine/reconcileloop.go:312.50,313.85 1 0
github.com/JungHoonGhae/tossinvest-cli/internal/app/engine/reconcileloop.go:314.48,316.34 1 0
github.com/JungHoonGhae/tossinvest-cli/internal/app/engine/reconcileloop.go:317.94,319.75 1 1
github.com/JungHoonGhae/tossinvest-cli/internal/app/engine/reconcileloop.go:321.2,321.58 1 1
github.com/JungHoonGhae/tossinvest-cli/internal/app/engine/reconcileloop.go:321.58,322.52 1 1
github.com/JungHoonGhae/tossinvest-cli/internal/app/engine/reconcileloop.go:322.52,324.4 1 0
github.com/JungHoonGhae/tossinvest-cli/internal/app/engine/reconcileloop.go:325.3,325.25 1 1
github.com/JungHoonGhae/tossinvest-cli/internal/app/engine/reconcileloop.go:328.2,334.18 2 1
github.com/JungHoonGhae/tossinvest-cli/internal/app/engine/reconcileloop.go:334.18,336.3 1 0
github.com/JungHoonGhae/tossinvest-cli/internal/app/engine/reconcileloop.go:337.2,344.15 4 1
github.com/JungHoonGhae/tossinvest-cli/internal/app/engine/reconcileloop.go:353.90,354.14 1 1
github.com/JungHoonGhae/tossinvest-cli/internal/app/engine/reconcileloop.go:354.14,356.3 1 0
github.com/JungHoonGhae/tossinvest-cli/internal/app/engine/reconcileloop.go:357.2,357.28 1 1
github.com/JungHoonGhae/tossinvest-cli/internal/app/engine/reconcileloop.go:357.28,359.3 1 1
github.com/JungHoonGhae/tossinvest-cli/internal/app/engine/reconcileloop.go:360.2,371.24 11 1
github.com/JungHoonGhae/tossinvest-cli/internal/app/engine/reconcileloop.go:371.24,373.3 1 0
github.com/JungHoonGhae/tossinvest-cli/internal/app/engine/reconcileloop.go:374.2,374.45 1 1
github.com/JungHoonGhae/tossinvest-cli/internal/app/engine/reconcileloop.go:374.45,376.3 1 1
github.com/JungHoonGhae/tossinvest-cli/internal/app/engine/reconcileloop.go:377.2,377.21 1 1
github.com/JungHoonGhae/tossinvest-cli/internal/app/engine/reconcileloop.go:377.21,379.3 1 1
github.com/JungHoonGhae/tossinvest-cli/internal/app/engine/reconcileloop.go:380.2,380.33 1 1
github.com/JungHoonGhae/tossinvest-cli/internal/app/engine/reconcileloop.go:389.58,391.17 2 1
github.com/JungHoonGhae/tossinvest-cli/internal/app/engine/reconcileloop.go:391.17,393.3 1 1
github.com/JungHoonGhae/tossinvest-cli/internal/app/engine/reconcileloop.go:394.2,394.6 1 1
github.com/JungHoonGhae/tossinvest-cli/internal/app/engine/reconcileloop.go:394.6,395.35 1 1
github.com/JungHoonGhae/tossinvest-cli/internal/app/engine/reconcileloop.go:395.35,397.4 1 0
github.com/JungHoonGhae/tossinvest-cli/internal/app/engine/reconcileloop.go:398.3,400.50 3 1
github.com/JungHoonGhae/tossinvest-cli/internal/app/engine/reconcileloop.go:400.50,402.4 1 1
github.com/JungHoonGhae/tossinvest-cli/internal/app/engine/reconcileloop.go:411.79,412.15 1 1
github.com/JungHoonGhae/tossinvest-cli/internal/app/engine/reconcileloop.go:412.15,412.32 1 1
github.com/JungHoonGhae/tossinvest-cli/internal/app/engine/reconcileloop.go:414.2,415.9 2 1
github.com/JungHoonGhae/tossinvest-cli/internal/app/engine/reconcileloop.go:415.9,417.3 1 1
github.com/JungHoonGhae/tossinvest-cli/internal/app/engine/reconcileloop.go:418.2,421.16 3 1
github.com/JungHoonGhae/tossinvest-cli/internal/app/engine/reconcileloop.go:421.16,424.3 2 0
github.com/JungHoonGhae/tossinvest-cli/internal/app/engine/reconcileloop.go:425.2,432.36 3 1
github.com/JungHoonGhae/tossinvest-cli/internal/app/engine/reconcileloop.go:432.36,434.3 1 0
github.com/JungHoonGhae/tossinvest-cli/internal/app/engine/reconcileloop.go:435.2,438.36 3 1
github.com/JungHoonGhae/tossinvest-cli/internal/app/engine/reconcileloop.go:438.36,440.3 1 0
github.com/JungHoonGhae/tossinvest-cli/internal/app/engine/reconcileloop.go:441.2,444.52 3 1
github.com/JungHoonGhae/tossinvest-cli/internal/app/engine/reconcileloop.go:444.52,445.23 1 0
github.com/JungHoonGhae/tossinvest-cli/internal/app/engine/reconcileloop.go:445.23,447.4 1 0
github.com/JungHoonGhae/tossinvest-cli/internal/app/engine/reconcileloop.go:448.3,448.15 1 0
github.com/JungHoonGhae/tossinvest-cli/internal/app/engine/reconcileloop.go:450.2,454.16 5 1
github.com/JungHoonGhae/tossinvest-cli/internal/app/engine/reconcileloop.go:454.16,455.23 1 1
github.com/JungHoonGhae/tossinvest-cli/internal/app/engine/reconcileloop.go:455.23,457.4 1 1
github.com/JungHoonGhae/tossinvest-cli/internal/app/engine/reconcileloop.go:458.3,458.15 1 1
github.com/JungHoonGhae/tossinvest-cli/internal/app/engine/reconcileloop.go:461.2,462.14 2 1
github.com/JungHoonGhae/tossinvest-cli/internal/app/engine/reconcileloop.go:476.67,477.25 1 1
github.com/JungHoonGhae/tossinvest-cli/internal/app/engine/reconcileloop.go:477.25,479.3 1 0
github.com/JungHoonGhae/tossinvest-cli/internal/app/engine/reconcileloop.go:480.2,480.44 1 1
github.com/JungHoonGhae/tossinvest-cli/internal/app/engine/reconcileloop.go:480.44,482.3 1 1
github.com/JungHoonGhae/tossinvest-cli/internal/app/engine/reconcileloop.go:492.108,494.19 2 1
github.com/JungHoonGhae/tossinvest-cli/internal/app/engine/reconcileloop.go:494.19,496.3 1 1
github.com/JungHoonGhae/tossinvest-cli/internal/app/engine/reconcileloop.go:498.2,499.16 2 1
github.com/JungHoonGhae/tossinvest-cli/internal/app/engine/reconcileloop.go:499.16,502.3 2 1
github.com/JungHoonGhae/tossinvest-cli/internal/app/engine/reconcileloop.go:503.2,507.51 4 1
github.com/JungHoonGhae/tossinvest-cli/internal/app/engine/reconcileloop.go:507.51,510.3 2 1
github.com/JungHoonGhae/tossinvest-cli/internal/app/engine/reconcileloop.go:512.2,513.16 2 1
github.com/JungHoonGhae/tossinvest-cli/internal/app/engine/reconcileloop.go:513.16,516.3 2 0
github.com/JungHoonGhae/tossinvest-cli/internal/app/engine/reconcileloop.go:517.2,520.20 4 1
github.com/JungHoonGhae/tossinvest-cli/internal/app/engine/reconcileloop.go:520.20,525.3 1 1
github.com/JungHoonGhae/tossinvest-cli/internal/app/engine/reconcileloop.go:528.2,529.21 2 1
github.com/JungHoonGhae/tossinvest-cli/internal/app/engine/reconcileloop.go:532.58,533.23 1 1
github.com/JungHoonGhae/tossinvest-cli/internal/app/engine/reconcileloop.go:533.23,535.3 1 1
github.com/JungHoonGhae/tossinvest-cli/internal/app/engine/reconcileloop.go:536.2,536.22 1 0
github.com/JungHoonGhae/tossinvest-cli/internal/app/engine/reconcileloop.go:536.22,541.3 2 0
github.com/JungHoonGhae/tossinvest-cli/internal/app/engine/reconcileloop.go:542.2,552.30 1 0
github.com/JungHoonGhae/tossinvest-cli/internal/app/engine/reconcileloop.go:557.55,557.92 1 1
github.com/JungHoonGhae/tossinvest-cli/internal/app/engine/reconcileloop.go:559.67,560.26 1 1
github.com/JungHoonGhae/tossinvest-cli/internal/app/engine/reconcileloop.go:560.26,562.3 1 0
github.com/JungHoonGhae/tossinvest-cli/internal/app/engine/reconcileloop.go:563.2,563.74 1 1
github.com/JungHoonGhae/tossinvest-cli/internal/app/engine/reconcileloop.go:563.74,566.3 1 0
