mode: set
github.com/JungHoonGhae/tossinvest-cli/internal/obs/event.go:366.39,367.23 1 1
github.com/JungHoonGhae/tossinvest-cli/internal/obs/event.go:367.23,369.3 1 1
github.com/JungHoonGhae/tossinvest-cli/internal/obs/event.go:370.2,370.23 1 1
github.com/JungHoonGhae/tossinvest-cli/internal/obs/event.go:374.35,376.32 2 1
github.com/JungHoonGhae/tossinvest-cli/internal/obs/event.go:376.32,378.3 1 1
github.com/JungHoonGhae/tossinvest-cli/internal/obs/event.go:379.2,379.12 1 1
github.com/JungHoonGhae/tossinvest-cli/internal/obs/event.go:383.37,385.42 2 1
github.com/JungHoonGhae/tossinvest-cli/internal/obs/event.go:385.42,387.3 1 1
github.com/JungHoonGhae/tossinvest-cli/internal/obs/event.go:388.2,388.13 1 0
github.com/JungHoonGhae/tossinvest-cli/internal/obs/notifier.go:148.63,152.34 3 1
github.com/JungHoonGhae/tossinvest-cli/internal/obs/notifier.go:152.34,155.3 2 1
github.com/JungHoonGhae/tossinvest-cli/internal/obs/notifier.go:156.2,156.33 1 1
github.com/JungHoonGhae/tossinvest-cli/internal/obs/notifier.go:160.57,161.18 1 1
github.com/JungHoonGhae/tossinvest-cli/internal/obs/notifier.go:161.18,163.3 1 1
github.com/JungHoonGhae/tossinvest-cli/internal/obs/notifier.go:164.2,165.29 2 1
github.com/JungHoonGhae/tossinvest-cli/internal/obs/notifier.go:165.29,167.3 1 1
github.com/JungHoonGhae/tossinvest-cli/internal/obs/notifier.go:168.2,168.37 1 1
github.com/JungHoonGhae/tossinvest-cli/internal/obs/notifier.go:168.37,170.3 1 1
github.com/JungHoonGhae/tossinvest-cli/internal/obs/notifier.go:171.2,171.34 1 1
github.com/JungHoonGhae/tossinvest-cli/internal/obs/notifier.go:171.34,174.3 2 1
github.com/JungHoonGhae/tossinvest-cli/internal/obs/notifier.go:175.2,175.30 1 1
github.com/JungHoonGhae/tossinvest-cli/internal/obs/notifier.go:179.87,180.24 1 1
github.com/JungHoonGhae/tossinvest-cli/internal/obs/notifier.go:180.24,182.3 1 1
github.com/JungHoonGhae/tossinvest-cli/internal/obs/notifier.go:183.2,183.95 1 1
github.com/JungHoonGhae/tossinvest-cli/internal/obs/notifier.go:183.95,191.3 1 1
github.com/JungHoonGhae/tossinvest-cli/internal/obs/notifier.go:195.71,196.22 1 1
github.com/JungHoonGhae/tossinvest-cli/internal/obs/notifier.go:196.22,200.19 1 1
github.com/JungHoonGhae/tossinvest-cli/internal/obs/notifier.go:200.19,204.4 1 1
github.com/JungHoonGhae/tossinvest-cli/internal/obs/notifier.go:205.3,206.13 2 1
github.com/JungHoonGhae/tossinvest-cli/internal/obs/notifier.go:209.2,220.16 3 1
github.com/JungHoonGhae/tossinvest-cli/internal/obs/notifier.go:220.16,240.3 2 1
github.com/JungHoonGhae/tossinvest-cli/internal/obs/notifier.go:242.2,242.19 1 1
github.com/JungHoonGhae/tossinvest-cli/internal/obs/notifier.go:242.19,248.3 1 1
github.com/JungHoonGhae/tossinvest-cli/internal/obs/notifier.go:249.2,249.12 1 1
github.com/JungHoonGhae/tossinvest-cli/internal/obs/notifier.go:257.72,258.30 1 1
github.com/JungHoonGhae/tossinvest-cli/internal/obs/notifier.go:258.30,260.3 1 1
github.com/JungHoonGhae/tossinvest-cli/internal/obs/notifier.go:261.2,262.45 2 1
github.com/JungHoonGhae/tossinvest-cli/internal/obs/notifier.go:262.45,267.3 1 1
github.com/JungHoonGhae/tossinvest-cli/internal/obs/notifier.go:290.59,301.16 4 1
github.com/JungHoonGhae/tossinvest-cli/internal/obs/notifier.go:301.16,314.19 2 1
github.com/JungHoonGhae/tossinvest-cli/internal/obs/notifier.go:314.19,316.4 1 1
github.com/JungHoonGhae/tossinvest-cli/internal/obs/notifier.go:317.3,317.20 1 1
github.com/JungHoonGhae/tossinvest-cli/internal/obs/notifier.go:317.20,320.4 1 1
github.com/JungHoonGhae/tossinvest-cli/internal/obs/notifier.go:321.3,322.43 2 1
github.com/JungHoonGhae/tossinvest-cli/internal/obs/notifier.go:324.2,324.27 1 1
github.com/JungHoonGhae/tossinvest-cli/internal/obs/notifier.go:325.28,334.43 2 1
github.com/JungHoonGhae/tossinvest-cli/internal/obs/notifier.go:335.34,347.43 3 1
github.com/JungHoonGhae/tossinvest-cli/internal/obs/notifier.go:350.2,354.10 4 1
github.com/JungHoonGhae/tossinvest-cli/internal/obs/notifier.go:354.10,359.3 1 1
github.com/JungHoonGhae/tossinvest-cli/internal/obs/notifier.go:360.2,360.33 1 1
github.com/JungHoonGhae/tossinvest-cli/internal/obs/notifier.go:365.38,366.57 1 1
github.com/JungHoonGhae/tossinvest-cli/internal/obs/notifier.go:366.57,368.3 1 1
github.com/JungHoonGhae/tossinvest-cli/internal/obs/notifier.go:369.2,369.19 1 1
github.com/JungHoonGhae/tossinvest-cli/internal/obs/notifier.go:373.36,374.20 1 1
github.com/JungHoonGhae/tossinvest-cli/internal/obs/notifier.go:374.20,376.3 1 1
github.com/JungHoonGhae/tossinvest-cli/internal/obs/notifier.go:377.2,377.29 1 0
github.com/JungHoonGhae/tossinvest-cli/internal/obs/notifier.go:382.45,383.20 1 1
github.com/JungHoonGhae/tossinvest-cli/internal/obs/notifier.go:383.20,385.3 1 1
github.com/JungHoonGhae/tossinvest-cli/internal/obs/notifier.go:386.2,387.13 2 1
github.com/JungHoonGhae/tossinvest-cli/internal/obs/notifier.go:387.13,389.3 1 0
github.com/JungHoonGhae/tossinvest-cli/internal/obs/notifier.go:390.2,390.27 1 1
github.com/JungHoonGhae/tossinvest-cli/internal/obs/notifier.go:394.48,395.23 1 1
github.com/JungHoonGhae/tossinvest-cli/internal/obs/notifier.go:395.23,397.3 1 1
github.com/JungHoonGhae/tossinvest-cli/internal/obs/notifier.go:398.2,398.27 1 1
github.com/JungHoonGhae/tossinvest-cli/internal/obs/notifier.go:425.86,426.63 1 1
github.com/JungHoonGhae/tossinvest-cli/internal/obs/notifier.go:426.63,428.3 1 1
github.com/JungHoonGhae/tossinvest-cli/internal/obs/notifier.go:429.2,431.9 2 1
github.com/JungHoonGhae/tossinvest-cli/internal/obs/notifier.go:432.34,437.41 1 1
github.com/JungHoonGhae/tossinvest-cli/internal/obs/notifier.go:438.31,444.92 1 1
github.com/JungHoonGhae/tossinvest-cli/internal/obs/notifier.go:446.2,446.18 1 1
github.com/JungHoonGhae/tossinvest-cli/internal/obs/notifier.go:477.127,479.19 2 1
github.com/JungHoonGhae/tossinvest-cli/internal/obs/notifier.go:479.19,481.3 1 0
github.com/JungHoonGhae/tossinvest-cli/internal/obs/notifier.go:482.2,485.51 3 1
github.com/JungHoonGhae/tossinvest-cli/internal/obs/notifier.go:485.51,486.25 1 1
github.com/JungHoonGhae/tossinvest-cli/internal/obs/notifier.go:486.25,488.9 2 0
github.com/JungHoonGhae/tossinvest-cli/internal/obs/notifier.go:490.3,491.17 2 1
github.com/JungHoonGhae/tossinvest-cli/internal/obs/notifier.go:491.17,493.22 2 1
github.com/JungHoonGhae/tossinvest-cli/internal/obs/notifier.go:493.22,494.28 1 1
github.com/JungHoonGhae/tossinvest-cli/internal/obs/notifier.go:495.32,496.40 1 1
github.com/JungHoonGhae/tossinvest-cli/internal/obs/notifier.go:497.64,508.39 2 1
github.com/JungHoonGhae/tossinvest-cli/internal/obs/notifier.go:509.33,510.85 1 1
github.com/JungHoonGhae/tossinvest-cli/internal/obs/notifier.go:511.13,519.23 1 0
github.com/JungHoonGhae/tossinvest-cli/internal/obs/notifier.go:533.4,537.20 3 1
github.com/JungHoonGhae/tossinvest-cli/internal/obs/notifier.go:537.20,541.5 1 1
github.com/JungHoonGhae/tossinvest-cli/internal/obs/notifier.go:547.4,547.32 1 1
github.com/JungHoonGhae/tossinvest-cli/internal/obs/notifier.go:549.3,551.21 3 1
github.com/JungHoonGhae/tossinvest-cli/internal/obs/notifier.go:551.21,552.20 1 1
github.com/JungHoonGhae/tossinvest-cli/internal/obs/notifier.go:552.20,554.5 1 1
github.com/JungHoonGhae/tossinvest-cli/internal/obs/notifier.go:555.9,555.53 1 1
github.com/JungHoonGhae/tossinvest-cli/internal/obs/notifier.go:555.53,565.20 1 1
github.com/JungHoonGhae/tossinvest-cli/internal/obs/notifier.go:565.20,569.5 1 1
github.com/JungHoonGhae/tossinvest-cli/internal/obs/notifier.go:570.4,575.54 2 1
github.com/JungHoonGhae/tossinvest-cli/internal/obs/notifier.go:575.54,581.5 3 1
github.com/JungHoonGhae/tossinvest-cli/internal/obs/notifier.go:582.4,582.38 1 1
github.com/JungHoonGhae/tossinvest-cli/internal/obs/notifier.go:584.3,584.25 1 1
github.com/JungHoonGhae/tossinvest-cli/internal/obs/notifier.go:584.25,585.20 1 1
github.com/JungHoonGhae/tossinvest-cli/internal/obs/notifier.go:585.20,586.10 1 1
github.com/JungHoonGhae/tossinvest-cli/internal/obs/notifier.go:599.2,603.9 5 1
github.com/JungHoonGhae/tossinvest-cli/internal/obs/notifier.go:604.21,605.19 1 0
github.com/JungHoonGhae/tossinvest-cli/internal/obs/notifier.go:605.19,607.4 1 0
github.com/JungHoonGhae/tossinvest-cli/internal/obs/notifier.go:608.49,608.49 0 1
github.com/JungHoonGhae/tossinvest-cli/internal/obs/notifier.go:611.39,616.20 2 1
github.com/JungHoonGhae/tossinvest-cli/internal/obs/notifier.go:616.20,621.4 3 1
github.com/JungHoonGhae/tossinvest-cli/internal/obs/notifier.go:622.3,622.37 1 1
github.com/JungHoonGhae/tossinvest-cli/internal/obs/notifier.go:623.10,633.37 2 0
github.com/JungHoonGhae/tossinvest-cli/internal/obs/notifier.go:636.2,639.18 3 1
github.com/JungHoonGhae/tossinvest-cli/internal/obs/notifier.go:639.18,643.3 1 1
github.com/JungHoonGhae/tossinvest-cli/internal/obs/notifier.go:644.2,644.30 1 1
github.com/JungHoonGhae/tossinvest-cli/internal/obs/notifier.go:649.66,651.19 2 1
github.com/JungHoonGhae/tossinvest-cli/internal/obs/notifier.go:651.19,653.3 1 1
github.com/JungHoonGhae/tossinvest-cli/internal/obs/notifier.go:654.2,655.64 2 1
github.com/JungHoonGhae/tossinvest-cli/internal/obs/notifier.go:659.39,660.27 1 1
github.com/JungHoonGhae/tossinvest-cli/internal/obs/notifier.go:660.27,662.3 1 1
github.com/JungHoonGhae/tossinvest-cli/internal/obs/notifier.go:679.78,680.18 1 1
github.com/JungHoonGhae/tossinvest-cli/internal/obs/notifier.go:680.18,682.3 1 0
github.com/JungHoonGhae/tossinvest-cli/internal/obs/notifier.go:683.2,683.9 1 1
github.com/JungHoonGhae/tossinvest-cli/internal/obs/notifier.go:684.45,692.19 1 1
github.com/JungHoonGhae/tossinvest-cli/internal/obs/notifier.go:693.51,697.77 1 1
github.com/JungHoonGhae/tossinvest-cli/internal/obs/notifier.go:698.46,704.19 1 1
github.com/JungHoonGhae/tossinvest-cli/internal/obs/notifier.go:705.27,712.77 1 1
github.com/JungHoonGhae/tossinvest-cli/internal/obs/notifier.go:713.10,718.55 1 1
github.com/JungHoonGhae/tossinvest-cli/internal/obs/notifier.go:742.78,743.18 1 1
github.com/JungHoonGhae/tossinvest-cli/internal/obs/notifier.go:743.18,745.3 1 0
github.com/JungHoonGhae/tossinvest-cli/internal/obs/notifier.go:746.2,751.56 1 1
github.com/JungHoonGhae/tossinvest-cli/internal/obs/notifier.go:759.80,760.34 1 1
github.com/JungHoonGhae/tossinvest-cli/internal/obs/notifier.go:760.34,762.3 1 1
github.com/JungHoonGhae/tossinvest-cli/internal/obs/notifier.go:763.2,767.54 1 1
github.com/JungHoonGhae/tossinvest-cli/internal/obs/notifier.go:782.76,784.2 1 1
github.com/JungHoonGhae/tossinvest-cli/internal/obs/notifier.go:798.38,799.24 1 1
github.com/JungHoonGhae/tossinvest-cli/internal/obs/notifier.go:799.24,800.39 1 1
github.com/JungHoonGhae/tossinvest-cli/internal/obs/notifier.go:800.39,802.4 1 1
github.com/JungHoonGhae/tossinvest-cli/internal/obs/notifier.go:803.3,805.21 3 1
github.com/JungHoonGhae/tossinvest-cli/internal/obs/notifier.go:805.21,807.4 1 1
github.com/JungHoonGhae/tossinvest-cli/internal/obs/notifier.go:808.3,811.43 1 1
github.com/JungHoonGhae/tossinvest-cli/internal/obs/notifier.go:816.51,818.16 2 1
github.com/JungHoonGhae/tossinvest-cli/internal/obs/notifier.go:818.16,820.3 1 0
github.com/JungHoonGhae/tossinvest-cli/internal/obs/notifier.go:821.2,822.16 2 1
github.com/JungHoonGhae/tossinvest-cli/internal/obs/notifier.go:822.16,824.3 1 0
github.com/JungHoonGhae/tossinvest-cli/internal/obs/notifier.go:825.2,825.37 1 1
github.com/JungHoonGhae/tossinvest-cli/internal/obs/notifier.go:833.89,834.22 1 1
github.com/JungHoonGhae/tossinvest-cli/internal/obs/notifier.go:834.22,836.3 1 0
github.com/JungHoonGhae/tossinvest-cli/internal/obs/notifier.go:840.2,844.16 4 1
github.com/JungHoonGhae/tossinvest-cli/internal/obs/notifier.go:844.16,846.3 1 0
github.com/JungHoonGhae/tossinvest-cli/internal/obs/notifier.go:847.2,847.32 1 1
github.com/JungHoonGhae/tossinvest-cli/internal/obs/notifier.go:847.32,848.25 1 1
github.com/JungHoonGhae/tossinvest-cli/internal/obs/notifier.go:848.25,849.9 1 0
github.com/JungHoonGhae/tossinvest-cli/internal/obs/notifier.go:858.3,859.18 2 1
github.com/JungHoonGhae/tossinvest-cli/internal/obs/notifier.go:859.18,865.20 1 0
github.com/JungHoonGhae/tossinvest-cli/internal/obs/notifier.go:865.20,867.5 1 0
github.com/JungHoonGhae/tossinvest-cli/internal/obs/notifier.go:868.4,868.12 1 0
github.com/JungHoonGhae/tossinvest-cli/internal/obs/notifier.go:870.3,870.49 1 1
github.com/JungHoonGhae/tossinvest-cli/internal/obs/notifier.go:870.49,873.55 1 1
github.com/JungHoonGhae/tossinvest-cli/internal/obs/notifier.go:873.55,875.5 1 1
github.com/JungHoonGhae/tossinvest-cli/internal/obs/notifier.go:876.4,876.12 1 1
github.com/JungHoonGhae/tossinvest-cli/internal/obs/notifier.go:878.3,885.57 3 1
github.com/JungHoonGhae/tossinvest-cli/internal/obs/notifier.go:885.57,888.19 3 1
github.com/JungHoonGhae/tossinvest-cli/internal/obs/notifier.go:888.19,889.21 1 0
github.com/JungHoonGhae/tossinvest-cli/internal/obs/notifier.go:889.21,891.6 1 0
github.com/JungHoonGhae/tossinvest-cli/internal/obs/notifier.go:892.10,892.54 1 1
github.com/JungHoonGhae/tossinvest-cli/internal/obs/notifier.go:892.54,894.5 1 0
github.com/JungHoonGhae/tossinvest-cli/internal/obs/notifier.go:906.4,909.19 4 1
github.com/JungHoonGhae/tossinvest-cli/internal/obs/notifier.go:909.19,910.21 1 0
github.com/JungHoonGhae/tossinvest-cli/internal/obs/notifier.go:910.21,912.6 1 0
github.com/JungHoonGhae/tossinvest-cli/internal/obs/notifier.go:913.10,913.56 1 1
github.com/JungHoonGhae/tossinvest-cli/internal/obs/notifier.go:913.56,915.5 1 0
github.com/JungHoonGhae/tossinvest-cli/internal/obs/notifier.go:916.4,916.12 1 1
github.com/JungHoonGhae/tossinvest-cli/internal/obs/notifier.go:918.3,919.18 2 1
github.com/JungHoonGhae/tossinvest-cli/internal/obs/notifier.go:919.18,921.4 1 0
github.com/JungHoonGhae/tossinvest-cli/internal/obs/notifier.go:922.3,922.47 1 1
github.com/JungHoonGhae/tossinvest-cli/internal/obs/notifier.go:922.47,926.12 2 0
github.com/JungHoonGhae/tossinvest-cli/internal/obs/notifier.go:928.3,928.14 1 1
github.com/JungHoonGhae/tossinvest-cli/internal/obs/notifier.go:930.2,931.34 2 1
github.com/JungHoonGhae/tossinvest-cli/internal/obs/notifier.go:946.90,947.39 1 1
github.com/JungHoonGhae/tossinvest-cli/internal/obs/notifier.go:947.39,949.3 1 1
github.com/JungHoonGhae/tossinvest-cli/internal/obs/notifier.go:950.2,950.22 1 1
github.com/JungHoonGhae/tossinvest-cli/internal/obs/notifier.go:950.22,951.20 1 0
github.com/JungHoonGhae/tossinvest-cli/internal/obs/notifier.go:951.20,953.4 1 0
github.com/JungHoonGhae/tossinvest-cli/internal/obs/notifier.go:954.3,954.13 1 0
github.com/JungHoonGhae/tossinvest-cli/internal/obs/notifier.go:957.2,960.19 3 1
github.com/JungHoonGhae/tossinvest-cli/internal/obs/notifier.go:960.19,962.17 2 1
github.com/JungHoonGhae/tossinvest-cli/internal/obs/notifier.go:962.17,964.4 1 0
github.com/JungHoonGhae/tossinvest-cli/internal/obs/notifier.go:965.3,965.33 1 1
github.com/JungHoonGhae/tossinvest-cli/internal/obs/notifier.go:965.33,967.4 1 1
github.com/JungHoonGhae/tossinvest-cli/internal/obs/notifier.go:969.2,969.25 1 1
github.com/JungHoonGhae/tossinvest-cli/internal/obs/notifier.go:969.25,971.46 1 1
github.com/JungHoonGhae/tossinvest-cli/internal/obs/notifier.go:971.46,973.4 1 0
github.com/JungHoonGhae/tossinvest-cli/internal/obs/notifier.go:976.2,977.16 2 1
github.com/JungHoonGhae/tossinvest-cli/internal/obs/notifier.go:977.16,979.3 1 0
github.com/JungHoonGhae/tossinvest-cli/internal/obs/notifier.go:980.2,980.37 1 1
github.com/JungHoonGhae/tossinvest-cli/internal/obs/notifier.go:980.37,982.3 1 1
github.com/JungHoonGhae/tossinvest-cli/internal/obs/notifier.go:983.2,983.12 1 1
github.com/JungHoonGhae/tossinvest-cli/internal/obs/notifier.go:991.45,992.48 1 1
github.com/JungHoonGhae/tossinvest-cli/internal/obs/notifier.go:992.48,994.3 1 1
github.com/JungHoonGhae/tossinvest-cli/internal/obs/notifier.go:995.2,996.76 2 1
github.com/JungHoonGhae/tossinvest-cli/internal/obs/notifier.go:996.76,997.35 1 1
github.com/JungHoonGhae/tossinvest-cli/internal/obs/notifier.go:997.35,999.4 1 1
github.com/JungHoonGhae/tossinvest-cli/internal/obs/notifier.go:1001.2,1001.33 1 1
github.com/JungHoonGhae/tossinvest-cli/internal/obs/notifier.go:1004.63,1006.17 2 1
github.com/JungHoonGhae/tossinvest-cli/internal/obs/notifier.go:1006.17,1008.3 1 1
github.com/JungHoonGhae/tossinvest-cli/internal/obs/notifier.go:1009.2,1010.23 2 1
github.com/JungHoonGhae/tossinvest-cli/internal/obs/notifier.go:1010.23,1012.3 1 1
github.com/JungHoonGhae/tossinvest-cli/internal/obs/notifier.go:1013.2,1013.81 1 1
github.com/JungHoonGhae/tossinvest-cli/internal/obs/notifier.go:1016.49,1017.22 1 1
github.com/JungHoonGhae/tossinvest-cli/internal/obs/notifier.go:1017.22,1019.3 1 1
github.com/JungHoonGhae/tossinvest-cli/internal/obs/notifier.go:1020.2,1021.16 2 1
github.com/JungHoonGhae/tossinvest-cli/internal/obs/notifier.go:1021.16,1023.3 1 0
github.com/JungHoonGhae/tossinvest-cli/internal/obs/notifier.go:1024.2,1024.21 1 1
github.com/JungHoonGhae/tossinvest-cli/internal/obs/notifier.go:1029.49,1031.24 2 1
github.com/JungHoonGhae/tossinvest-cli/internal/obs/notifier.go:1031.24,1033.3 1 1
github.com/JungHoonGhae/tossinvest-cli/internal/obs/notifier.go:1034.2,1037.25 3 1
github.com/JungHoonGhae/tossinvest-cli/internal/obs/notifier.go:1037.25,1039.3 1 1
github.com/JungHoonGhae/tossinvest-cli/internal/obs/notifier.go:1040.2,1040.44 1 1
github.com/JungHoonGhae/tossinvest-cli/internal/obs/notifier.go:1043.30,1044.30 1 1
github.com/JungHoonGhae/tossinvest-cli/internal/obs/notifier.go:1044.30,1045.43 1 1
github.com/JungHoonGhae/tossinvest-cli/internal/obs/notifier.go:1045.43,1047.4 1 1
