$ go test -json -count=1 -tags tossos_testseams -run ^(TestACancelledContextPromotesNothing|TestAVerifiedFourFamilyActivationPromotesExactlyTheLanesItNames|TestAnActivationOutsideItsApprovedLifetimePromotesNothing|TestAnActivationWhoseBindingsDoNotMatchPromotesNothing|TestAnActivationWhoseBytesAreNotCanonicalPromotesNothing|TestAnActivationWhoseDescriptorSetIsNotExactlyTheFourPromotesNothing|TestBytesThatChangedAfterTheDeploymentPinnedThemPromoteNothing|TestEveryActivationRefusalNamesItsFieldAndKeepsItsSentinel|TestLoadingAndLeasingJudgeExpiryAtTheSameInstant|TestOnlyAnEmptyPinMeansTheActivationWasNeverDeclared|TestTheAuthoringEncoderStillProducesTheCommittedGoldenBytes|TestTheCommittedGoldenManifestMatchesItsPinAndPromotesTheFourLanes|TestTheDocumentPathNamesItsRefusalToo|TestTheLeaseCeilingOnlyEverShrinks)$ ./internal/strategyrouter
exit=0 passed=14/14
  PASS	TestACancelledContextPromotesNothing
  PASS	TestAnActivationOutsideItsApprovedLifetimePromotesNothing
  PASS	TestAnActivationWhoseBindingsDoNotMatchPromotesNothing
  PASS	TestAnActivationWhoseBytesAreNotCanonicalPromotesNothing
  PASS	TestAnActivationWhoseDescriptorSetIsNotExactlyTheFourPromotesNothing
  PASS	TestAVerifiedFourFamilyActivationPromotesExactlyTheLanesItNames
  PASS	TestBytesThatChangedAfterTheDeploymentPinnedThemPromoteNothing
  PASS	TestEveryActivationRefusalNamesItsFieldAndKeepsItsSentinel
  PASS	TestLoadingAndLeasingJudgeExpiryAtTheSameInstant
  PASS	TestOnlyAnEmptyPinMeansTheActivationWasNeverDeclared
  PASS	TestTheAuthoringEncoderStillProducesTheCommittedGoldenBytes
  PASS	TestTheCommittedGoldenManifestMatchesItsPinAndPromotesTheFourLanes
  PASS	TestTheDocumentPathNamesItsRefusalToo
  PASS	TestTheLeaseCeilingOnlyEverShrinks
$ go test -json -count=1 -tags tossos_testseams -run ^(TestAGatedFamilyMustNotShrinkTheMarketIntoTheExactlyOneValve|TestALostProposalClosesTheMarketInsteadOfReleasingTheOtherSymbol|TestAMarketWithMoreScopesThanTheQueueHoldsClosesInsteadOfDroppingOne|TestARefusedArbitrationClosesTheWholeMarketRatherThanReleasingTheOtherSymbol|TestASelectionWithNoLaneToComeBackToClosesInsteadOfShrinkingTheList|TestEveryReachableProposalClosureCarriesTheGatesActivationExceptRouteNotReady|TestStrategyProposalAuthorityLoadsKRUSConcurrently|TestTheThirteenProposalClosuresKeepTheirOrderAndTheGateIsComputedRightAfterRouteReadiness)$ ./internal/app/engine
exit=0 passed=8/8
  PASS	TestAGatedFamilyMustNotShrinkTheMarketIntoTheExactlyOneValve
  PASS	TestALostProposalClosesTheMarketInsteadOfReleasingTheOtherSymbol
  PASS	TestAMarketWithMoreScopesThanTheQueueHoldsClosesInsteadOfDroppingOne
  PASS	TestARefusedArbitrationClosesTheWholeMarketRatherThanReleasingTheOtherSymbol
  PASS	TestASelectionWithNoLaneToComeBackToClosesInsteadOfShrinkingTheList
  PASS	TestEveryReachableProposalClosureCarriesTheGatesActivationExceptRouteNotReady
  PASS	TestStrategyProposalAuthorityLoadsKRUSConcurrently
  PASS	TestTheThirteenProposalClosuresKeepTheirOrderAndTheGateIsComputedRightAfterRouteReadiness
