== RED at HEAD f473d815, production files unedited: c8e2efb9b1a8243b internal/strategyrouter/production_family_activation.go 60e0ef9270e3102b internal/app/engine/strategy_proposal_authority.go
--- FAIL: TestEveryActivationRefusalNamesItsFieldAndKeepsItsSentinel (0.01s)
    --- FAIL: TestEveryActivationRefusalNamesItsFieldAndKeepsItsSentinel/bytes_not_canonical (0.01s)
    --- FAIL: TestEveryActivationRefusalNamesItsFieldAndKeepsItsSentinel/body_binding:_domain (0.00s)
    --- FAIL: TestEveryActivationRefusalNamesItsFieldAndKeepsItsSentinel/descriptor:_unknown_lane (0.00s)
    --- FAIL: TestEveryActivationRefusalNamesItsFieldAndKeepsItsSentinel/descriptor:_horizon_drift (0.00s)
    --- FAIL: TestEveryActivationRefusalNamesItsFieldAndKeepsItsSentinel/descriptor:_three_of_four (0.00s)
    --- FAIL: TestEveryActivationRefusalNamesItsFieldAndKeepsItsSentinel/config_binding:_relative_config_dir (0.00s)
    --- FAIL: TestEveryActivationRefusalNamesItsFieldAndKeepsItsSentinel/config_binding:_malformed_route_manifest_digest (0.00s)
    --- FAIL: TestEveryActivationRefusalNamesItsFieldAndKeepsItsSentinel/config_binding:_malformed_risk_policy_digest (0.00s)
    --- FAIL: TestEveryActivationRefusalNamesItsFieldAndKeepsItsSentinel/pin_does_not_match_the_file_bytes (0.00s)
    --- FAIL: TestEveryActivationRefusalNamesItsFieldAndKeepsItsSentinel/revoked (0.00s)
    --- FAIL: TestEveryActivationRefusalNamesItsFieldAndKeepsItsSentinel/lifetime:_issued_before_approved (0.00s)
    --- FAIL: TestEveryActivationRefusalNamesItsFieldAndKeepsItsSentinel/config_binding:_empty_calibration (0.00s)
    --- FAIL: TestEveryActivationRefusalNamesItsFieldAndKeepsItsSentinel/manifest_file_missing (0.00s)
    --- FAIL: TestEveryActivationRefusalNamesItsFieldAndKeepsItsSentinel/body_binding:_protection_floor (0.00s)
    --- FAIL: TestEveryActivationRefusalNamesItsFieldAndKeepsItsSentinel/lifetime:_issued_in_the_future (0.00s)
    --- FAIL: TestEveryActivationRefusalNamesItsFieldAndKeepsItsSentinel/expired (0.00s)
    --- FAIL: TestEveryActivationRefusalNamesItsFieldAndKeepsItsSentinel/descriptor:_duplicate_lane (0.00s)
    --- FAIL: TestEveryActivationRefusalNamesItsFieldAndKeepsItsSentinel/config_binding:_unknown_market (0.00s)
    --- FAIL: TestEveryActivationRefusalNamesItsFieldAndKeepsItsSentinel/config_binding:_empty_calendar (0.00s)
    --- FAIL: TestEveryActivationRefusalNamesItsFieldAndKeepsItsSentinel/body_binding:_generation_zero (0.00s)
    --- FAIL: TestEveryActivationRefusalNamesItsFieldAndKeepsItsSentinel/body_binding:_risk_policy (0.00s)
    --- FAIL: TestEveryActivationRefusalNamesItsFieldAndKeepsItsSentinel/lifetime:_approved_at_not_a_canonical_instant (0.00s)
    --- FAIL: TestEveryActivationRefusalNamesItsFieldAndKeepsItsSentinel/config_binding:_empty_build (0.00s)
    --- FAIL: TestEveryActivationRefusalNamesItsFieldAndKeepsItsSentinel/config_binding:_three_fields_at_once (0.00s)
    --- FAIL: TestEveryActivationRefusalNamesItsFieldAndKeepsItsSentinel/trailing_data_after_the_document (0.00s)
    --- FAIL: TestEveryActivationRefusalNamesItsFieldAndKeepsItsSentinel/an_unknown_field (0.00s)
    --- FAIL: TestEveryActivationRefusalNamesItsFieldAndKeepsItsSentinel/body_binding:_schema (0.00s)
    --- FAIL: TestEveryActivationRefusalNamesItsFieldAndKeepsItsSentinel/body_binding:_actor (0.00s)
    --- FAIL: TestEveryActivationRefusalNamesItsFieldAndKeepsItsSentinel/config_binding:_zero_observed_instant (0.00s)
    --- FAIL: TestEveryActivationRefusalNamesItsFieldAndKeepsItsSentinel/config_binding:_malformed_digest_pin (0.00s)
    --- FAIL: TestEveryActivationRefusalNamesItsFieldAndKeepsItsSentinel/body_binding:_calibration (0.00s)
    --- FAIL: TestEveryActivationRefusalNamesItsFieldAndKeepsItsSentinel/body_binding:_calendar (0.00s)
    --- FAIL: TestEveryActivationRefusalNamesItsFieldAndKeepsItsSentinel/lifetime:_longer_than_the_ceiling (0.00s)
    --- FAIL: TestEveryActivationRefusalNamesItsFieldAndKeepsItsSentinel/body_binding:_market (0.00s)
    --- FAIL: TestEveryActivationRefusalNamesItsFieldAndKeepsItsSentinel/body_binding:_route_manifest (0.00s)
    --- FAIL: TestEveryActivationRefusalNamesItsFieldAndKeepsItsSentinel/body_binding:_three_fields_at_once (0.00s)
    --- FAIL: TestEveryActivationRefusalNamesItsFieldAndKeepsItsSentinel/undeclared_pin (0.00s)
    --- FAIL: TestEveryActivationRefusalNamesItsFieldAndKeepsItsSentinel/body_binding:_build (0.00s)
    --- FAIL: TestEveryActivationRefusalNamesItsFieldAndKeepsItsSentinel/lifetime:_two_faults_at_once (0.00s)
    --- FAIL: TestEveryActivationRefusalNamesItsFieldAndKeepsItsSentinel/descriptor:_effective_without_desired (0.00s)
--- FAIL: TestTheDocumentPathNamesItsRefusalToo (0.00s)
FAIL
FAIL	github.com/JungHoonGhae/tossinvest-cli/internal/strategyrouter	0.018s
FAIL
--- FAIL: TestTheThirteenProposalClosuresKeepTheirOrderAndTheGateIsComputedRightAfterRouteReadiness (0.00s)
--- FAIL: TestEveryReachableProposalClosureCarriesTheGatesActivationExceptRouteNotReady (0.00s)
    --- PASS: TestEveryReachableProposalClosureCarriesTheGatesActivationExceptRouteNotReady/verified/route_not_ready (0.00s)
    --- FAIL: TestEveryReachableProposalClosureCarriesTheGatesActivationExceptRouteNotReady/verified/fx_not_ready (0.00s)
    --- FAIL: TestEveryReachableProposalClosureCarriesTheGatesActivationExceptRouteNotReady/verified/loader_misconfigured (0.00s)
    --- FAIL: TestEveryReachableProposalClosureCarriesTheGatesActivationExceptRouteNotReady/verified/proposal_public_key_invalid (0.00s)
    --- FAIL: TestEveryReachableProposalClosureCarriesTheGatesActivationExceptRouteNotReady/verified/duplicate_routed_symbol (0.00s)
    --- FAIL: TestEveryReachableProposalClosureCarriesTheGatesActivationExceptRouteNotReady/verified/proposal_load_failed (0.00s)
    --- FAIL: TestEveryReachableProposalClosureCarriesTheGatesActivationExceptRouteNotReady/verified/a_scope_lost_its_proposal (0.00s)
    --- PASS: TestEveryReachableProposalClosureCarriesTheGatesActivationExceptRouteNotReady/verified/no_scope_accepted_(post-gate_control) (0.00s)
    --- PASS: TestEveryReachableProposalClosureCarriesTheGatesActivationExceptRouteNotReady/rolled_back_(declared_but_unusable)/route_not_ready (0.00s)
    --- FAIL: TestEveryReachableProposalClosureCarriesTheGatesActivationExceptRouteNotReady/rolled_back_(declared_but_unusable)/fx_not_ready (0.00s)
    --- FAIL: TestEveryReachableProposalClosureCarriesTheGatesActivationExceptRouteNotReady/rolled_back_(declared_but_unusable)/loader_misconfigured (0.00s)
    --- FAIL: TestEveryReachableProposalClosureCarriesTheGatesActivationExceptRouteNotReady/rolled_back_(declared_but_unusable)/proposal_public_key_invalid (0.00s)
    --- FAIL: TestEveryReachableProposalClosureCarriesTheGatesActivationExceptRouteNotReady/rolled_back_(declared_but_unusable)/duplicate_routed_symbol (0.00s)
    --- FAIL: TestEveryReachableProposalClosureCarriesTheGatesActivationExceptRouteNotReady/rolled_back_(declared_but_unusable)/proposal_load_failed (0.00s)
    --- FAIL: TestEveryReachableProposalClosureCarriesTheGatesActivationExceptRouteNotReady/rolled_back_(declared_but_unusable)/a_scope_lost_its_proposal (0.00s)
    --- PASS: TestEveryReachableProposalClosureCarriesTheGatesActivationExceptRouteNotReady/rolled_back_(declared_but_unusable)/no_scope_accepted_(post-gate_control) (0.00s)
    --- PASS: TestEveryReachableProposalClosureCarriesTheGatesActivationExceptRouteNotReady/undeclared/route_not_ready (0.00s)
    --- FAIL: TestEveryReachableProposalClosureCarriesTheGatesActivationExceptRouteNotReady/undeclared/fx_not_ready (0.00s)
    --- FAIL: TestEveryReachableProposalClosureCarriesTheGatesActivationExceptRouteNotReady/undeclared/loader_misconfigured (0.00s)
    --- FAIL: TestEveryReachableProposalClosureCarriesTheGatesActivationExceptRouteNotReady/undeclared/proposal_public_key_invalid (0.00s)
    --- FAIL: TestEveryReachableProposalClosureCarriesTheGatesActivationExceptRouteNotReady/undeclared/duplicate_routed_symbol (0.00s)
    --- FAIL: TestEveryReachableProposalClosureCarriesTheGatesActivationExceptRouteNotReady/undeclared/proposal_load_failed (0.00s)
    --- FAIL: TestEveryReachableProposalClosureCarriesTheGatesActivationExceptRouteNotReady/undeclared/a_scope_lost_its_proposal (0.00s)
    --- PASS: TestEveryReachableProposalClosureCarriesTheGatesActivationExceptRouteNotReady/undeclared/no_scope_accepted_(post-gate_control) (0.00s)
FAIL
FAIL	github.com/JungHoonGhae/tossinvest-cli/internal/app/engine	0.015s
FAIL
