$ go test -json -count=1 -run ^(TestACorrectionAfterConsumedNeitherResurrectsNorReissues|TestACorrectionCannotResurrectAFailedSetupIntoALowerLeg|TestANonProtectiveStopNeverProposes|TestAProposedSetupNeverReSizesIntoALowerLegOrARetreatedStop|TestAdversarialCorrectionReplaysPreTerminalAndPreservesProposed|TestAdversarialFirstTouchMissingRangeAndBadBarCannotPropose|TestAdversarialQuoteAndFXSealTimeOrderDigestCurrencyDirectionScale|TestAdversarialQuoteFXAndSizingRefusals|TestAdversarialSnapshotEvaluatorRejectsRawTransitionBypass|TestAnInverseFXSealVerifiesTheCallersDigest|TestDuplicateOrReorderedBarsAreRefusedBeforeTheSnapshotSeals|TestFinalRedTeamDuplicateSnapshotIsIdempotent|TestGstackRepairFailedReclaimAndRiskRewardBoundary|TestGstackRepairFrozenVocabularyAndV1Thresholds|TestGstackRepairQuoteAndFXExactBoundaries|TestGstackRepairRetestQualifiesToleranceEndpoints|TestMulDivMatchesTheExactQuotientOrRefuses|TestNoAveragingDownLegAfterAFailedSetup|TestPublicSurfaceCannotAssertEventsOrForgeMachine|TestQuoteVetoMatchesTheGoldenFormulasAtAndBeyondEachLimit|TestRVOLAdmissionAndCounterfactualBoundaries|TestSizingMatchesTheExactRationalOracle|TestSnapshotRejectsSkippedOpeningAndPostBreakoutSequence|TestTerminalCorrectionsRetainTerminalAuthority|TestTheBreakoutTransitionProducersAreExactlyTheCensus|TestTheObservedBreakoutEdgesPlusTheReservedSixAreTheGoldenSet|TestTheSetupIDIsStableAcrossSameSessionCorrectionsAndChangesWithTheSession|TestTimeoutExactBoundaryKRAndUS)$ ./internal/breakoutlane
exit=0 passed=28/28
  PASS	TestACorrectionAfterConsumedNeitherResurrectsNorReissues
  PASS	TestACorrectionCannotResurrectAFailedSetupIntoALowerLeg
  PASS	TestANonProtectiveStopNeverProposes
  PASS	TestAProposedSetupNeverReSizesIntoALowerLegOrARetreatedStop
  PASS	TestAdversarialCorrectionReplaysPreTerminalAndPreservesProposed
  PASS	TestAdversarialFirstTouchMissingRangeAndBadBarCannotPropose
  PASS	TestAdversarialQuoteAndFXSealTimeOrderDigestCurrencyDirectionScale
  PASS	TestAdversarialQuoteFXAndSizingRefusals
  PASS	TestAdversarialSnapshotEvaluatorRejectsRawTransitionBypass
  PASS	TestAnInverseFXSealVerifiesTheCallersDigest
  PASS	TestDuplicateOrReorderedBarsAreRefusedBeforeTheSnapshotSeals
  PASS	TestFinalRedTeamDuplicateSnapshotIsIdempotent
  PASS	TestGstackRepairFailedReclaimAndRiskRewardBoundary
  PASS	TestGstackRepairFrozenVocabularyAndV1Thresholds
  PASS	TestGstackRepairQuoteAndFXExactBoundaries
  PASS	TestGstackRepairRetestQualifiesToleranceEndpoints
  PASS	TestMulDivMatchesTheExactQuotientOrRefuses
  PASS	TestNoAveragingDownLegAfterAFailedSetup
  PASS	TestPublicSurfaceCannotAssertEventsOrForgeMachine
  PASS	TestQuoteVetoMatchesTheGoldenFormulasAtAndBeyondEachLimit
  PASS	TestRVOLAdmissionAndCounterfactualBoundaries
  PASS	TestSizingMatchesTheExactRationalOracle
  PASS	TestSnapshotRejectsSkippedOpeningAndPostBreakoutSequence
  PASS	TestTerminalCorrectionsRetainTerminalAuthority
  PASS	TestTheBreakoutTransitionProducersAreExactlyTheCensus
  PASS	TestTheObservedBreakoutEdgesPlusTheReservedSixAreTheGoldenSet
  PASS	TestTheSetupIDIsStableAcrossSameSessionCorrectionsAndChangesWithTheSession
  PASS	TestTimeoutExactBoundaryKRAndUS
