broker_accepted
broker_auth_rejected
broker_outcome_unknown
broker_rejected
critical_alert_undelivered
currency_balance_insufficient
currency_balance_unavailable
funding_required
fx_consent_required
guardian_decision_expired
guardian_decision_missing
guardian_intent_hash_mismatch
guardian_limit_exceeded
guardian_limits_unset
guardian_nonce_reused
interactive_auth_required
invalid_mutation_request
required_query_stale
symbol_mutation_in_flight
trading_policy_disabled
unresolved_in_doubt
unsupported_order_type
