# a112 6.2 봉인 RED 재기록(6.2 리뷰 보이스 B #5) — 2026-10-01T03:37:17+09:00
# 트리: git archive HEAD 16cb1a1a + 현재(커밋할) 시험 파일 둘 + 새 도우미 파일 둘(authorityForOwnerScope · detachedStrategyProposalPair · strategyProposalSetDigest — 배선 없음) + **편집 전 생산 배선**: strategy_account_first_leg_authority.go · strategy_dispatch_handoff.go 를 a234d8d7 판으로
# = 편집 전 판정(개수 관문 먼저 · entries[0] 선택 · A-lite 없음 · 떼어 내기 없음)에 이 로트의 시험 전부를 댄 것. 스캐폴드는 새 함수의 존재뿐.
$ GOFLAGS=-trimpath go test -tags tossos_testseams -count=1 -v -run "TestTheFirstLegSeal|TestTheScopeSelector|TestAnInPlaceSwap|TestAnActivatedMarketWhose|TestTheProposalSetDigest" ./internal/app/engine/
=== RUN   TestTheFirstLegSealRefusesEveryForgeryAxis
=== RUN   TestTheFirstLegSealRefusesEveryForgeryAxis/same-scope_loser_(another_campaign)
=== RUN   TestTheFirstLegSealRefusesEveryForgeryAxis/gated_lane_(same_scope,_another_family_lane)
=== RUN   TestTheFirstLegSealRefusesEveryForgeryAxis/unselected_scope_(another_symbol)
    a112_first_leg_owner_scope_seal_test.go:135: unselected scope: err=production proposal identity changed, want the owner-scope selection refusal "production proposal identity changed: owner scope is not uniquely authorized by the assembly"
=== RUN   TestTheFirstLegSealRefusesEveryForgeryAxis/other_market_(a_US_result_in_the_KR_slot)
    a112_first_leg_owner_scope_seal_test.go:140: other market: err=production proposal identity changed, want the owner-scope selection refusal "production proposal identity changed: owner scope is not uniquely authorized by the assembly"
=== RUN   TestTheFirstLegSealRefusesEveryForgeryAxis/same_lineage,_rewritten_execution_terms
--- FAIL: TestTheFirstLegSealRefusesEveryForgeryAxis (0.25s)
    --- PASS: TestTheFirstLegSealRefusesEveryForgeryAxis/same-scope_loser_(another_campaign) (0.00s)
    --- PASS: TestTheFirstLegSealRefusesEveryForgeryAxis/gated_lane_(same_scope,_another_family_lane) (0.00s)
    --- FAIL: TestTheFirstLegSealRefusesEveryForgeryAxis/unselected_scope_(another_symbol) (0.00s)
    --- FAIL: TestTheFirstLegSealRefusesEveryForgeryAxis/other_market_(a_US_result_in_the_KR_slot) (0.00s)
    --- PASS: TestTheFirstLegSealRefusesEveryForgeryAxis/same_lineage,_rewritten_execution_terms (0.00s)
=== RUN   TestTheFirstLegSealRefusesAnOwnerScopeTheAssemblyHoldsTwice
    a112_first_leg_owner_scope_seal_test.go:157: scope held twice: err=paired production authority is incomplete for market, want the owner-scope selection refusal "production proposal identity changed: owner scope is not uniquely authorized by the assembly"
--- FAIL: TestTheFirstLegSealRefusesAnOwnerScopeTheAssemblyHoldsTwice (0.24s)
=== RUN   TestTheFirstLegSealSelectsByScopeBeforeTheMarketCountGate
--- PASS: TestTheFirstLegSealSelectsByScopeBeforeTheMarketCountGate (0.22s)
=== RUN   TestAnActivatedMarketWhoseListIsNotTheArbitratedSetIsClosed
    a112_first_leg_owner_scope_seal_test.go:201: a list that is not the arbitrated set: 1 handoffs, first refusal "" — want one MarketClosed
--- FAIL: TestAnActivatedMarketWhoseListIsNotTheArbitratedSetIsClosed (0.24s)
=== RUN   TestTheProposalSetDigestMatchesWhatTheAssemblyRecords
--- PASS: TestTheProposalSetDigestMatchesWhatTheAssemblyRecords (0.00s)
=== RUN   TestTheScopeSelectorReturnsTheInScopeEntry
--- PASS: TestTheScopeSelectorReturnsTheInScopeEntry (0.23s)
=== RUN   TestAnInPlaceSwapInTheDispatchCopyDoesNotReachTheSeal
=== RUN   TestAnInPlaceSwapInTheDispatchCopyDoesNotReachTheSeal/KR
    a112_first_leg_owner_scope_seal_test.go:273: in-place swap in the KR dispatch copy: issued a first leg, want refusal "production proposal identity changed"
=== RUN   TestAnInPlaceSwapInTheDispatchCopyDoesNotReachTheSeal/US
    a112_first_leg_owner_scope_seal_test.go:273: in-place swap in the US dispatch copy: issued a first leg, want refusal "production proposal identity changed"
--- FAIL: TestAnInPlaceSwapInTheDispatchCopyDoesNotReachTheSeal (0.49s)
    --- FAIL: TestAnInPlaceSwapInTheDispatchCopyDoesNotReachTheSeal/KR (0.25s)
    --- FAIL: TestAnInPlaceSwapInTheDispatchCopyDoesNotReachTheSeal/US (0.24s)
=== RUN   TestTheScopeSelectorKeysOnMarketAndAccountToo
    a112_first_leg_owner_scope_seal_test.go:305: market only: err=production proposal identity changed, want the owner-scope selection refusal "production proposal identity changed: owner scope is not uniquely authorized by the assembly"
--- FAIL: TestTheScopeSelectorKeysOnMarketAndAccountToo (0.28s)
FAIL
FAIL	github.com/JungHoonGhae/tossinvest-cli/internal/app/engine	1.958s
FAIL
