# a126 RED 재도출 (1.5 R11) — 상태 (ii) a066 수리만: production_snapshot_authority.go = 9cbc7560^(떠남 없는 reader), 나머지 생산 = 9cbc7560, 시험 = 1.5 확정본
# base 7ab8cd12cda7aed2b0b925fd793149f8bcf93627
    a126_filled_exposure_leaves_the_bucket_test.go:115: strategy/strategy-alpha usage filled=50 held=0, want 0 after the release receipt
    a126_filled_exposure_leaves_the_bucket_test.go:115: sector/sector-tech usage filled=50 held=0, want 0 after the release receipt
    a126_filled_exposure_leaves_the_bucket_test.go:115: symbol/AAPL usage filled=50 held=0, want 0 after the release receipt
    a126_filled_exposure_leaves_the_bucket_test.go:115: horizon/SHORT usage filled=50 held=0, want 0 after the release receipt
    a126_filled_exposure_leaves_the_bucket_test.go:115: market/US usage filled=50 held=0, want 0 after the release receipt
--- FAIL: TestA126AReleasedOwnersFilledLeavesEveryBucket (0.83s)
--- PASS: TestA126AnActiveOwnersFilledStaysInEveryBucket (0.80s)
--- PASS: TestA126AReleaseMarkWithoutAReceiptDoesNotLeave (0.73s)
    a126_filled_exposure_leaves_the_bucket_test.go:201: horizon/SHORT filled=50, want 0
    a126_filled_exposure_leaves_the_bucket_test.go:201: market/US filled=50, want 0
    a126_filled_exposure_leaves_the_bucket_test.go:201: strategy/strategy-alpha filled=50, want 0
    a126_filled_exposure_leaves_the_bucket_test.go:201: sector/sector-tech filled=50, want 0
--- FAIL: TestA126ALateBuyViaRecordFillWithCampaignHookRevertsTheDeparture (0.97s)
    a126_filled_exposure_leaves_the_bucket_test.go:226: horizon/SHORT filled=50, want 0
    a126_filled_exposure_leaves_the_bucket_test.go:226: market/US filled=50, want 0
    a126_filled_exposure_leaves_the_bucket_test.go:226: strategy/strategy-alpha filled=50, want 0
    a126_filled_exposure_leaves_the_bucket_test.go:226: sector/sector-tech filled=50, want 0
--- FAIL: TestA126ALateBuyViaStrategySettlementWithoutCampaignHookRevertsTheDeparture (1.01s)
    a126_filled_exposure_leaves_the_bucket_test.go:284: horizon/SHORT filled=50, want 0
    a126_filled_exposure_leaves_the_bucket_test.go:284: market/US filled=50, want 0
    a126_filled_exposure_leaves_the_bucket_test.go:284: strategy/strategy-alpha filled=50, want 0
    a126_filled_exposure_leaves_the_bucket_test.go:284: sector/sector-tech filled=50, want 0
--- FAIL: TestA126ResidualAmbiguousAndUnreadableLateFillsDoNotRevert (0.93s)
    a126_filled_exposure_leaves_the_bucket_test.go:318: err=BUCKET_USAGE_STALE (horizon): journal: risk bucket usage snapshot is behind the ledger; refused for this cycle and re-evaluated on the next snapshot wave: horizon bucket "SHORT" snapshot claims 0 used, the ledger holds 50, want the recorded 100 to cap a declared 1000
--- FAIL: TestA126ADepartedRowsLimitStillCaps (0.88s)
--- PASS: TestA126WithoutTheDepartureTheSameEntryIsStale (0.75s)
    a126_filled_exposure_leaves_the_bucket_test.go:363: err=<nil>, want ErrJournalUsageInvalid
    a126_filled_exposure_leaves_the_bucket_test.go:363: err=<nil>, want ErrJournalUsageInvalid
    a126_filled_exposure_leaves_the_bucket_test.go:363: err=<nil>, want ErrJournalUsageInvalid
    a126_filled_exposure_leaves_the_bucket_test.go:363: err=<nil>, want ErrJournalUsageInvalid
    a126_filled_exposure_leaves_the_bucket_test.go:363: err=<nil>, want ErrJournalUsageInvalid
    a126_filled_exposure_leaves_the_bucket_test.go:363: err=<nil>, want ErrJournalUsageInvalid
    a126_filled_exposure_leaves_the_bucket_test.go:363: err=<nil>, want ErrJournalUsageInvalid
    a126_filled_exposure_leaves_the_bucket_test.go:363: err=<nil>, want ErrJournalUsageInvalid
    a126_filled_exposure_leaves_the_bucket_test.go:363: err=<nil>, want ErrJournalUsageInvalid
    a126_filled_exposure_leaves_the_bucket_test.go:363: err=<nil>, want ErrJournalUsageInvalid
    a126_filled_exposure_leaves_the_bucket_test.go:363: err=<nil>, want ErrJournalUsageInvalid
    a126_filled_exposure_leaves_the_bucket_test.go:363: err=<nil>, want ErrJournalUsageInvalid
    a126_filled_exposure_leaves_the_bucket_test.go:363: err=<nil>, want ErrJournalUsageInvalid
    a126_filled_exposure_leaves_the_bucket_test.go:363: err=<nil>, want ErrJournalUsageInvalid
    a126_filled_exposure_leaves_the_bucket_test.go:363: err=<nil>, want ErrJournalUsageInvalid
    a126_filled_exposure_leaves_the_bucket_test.go:363: err=<nil>, want ErrJournalUsageInvalid
--- FAIL: TestA126CorruptReceiptedRowsAreUnreadable (13.59s)
    --- FAIL: TestA126CorruptReceiptedRowsAreUnreadable/HELD_row_with_held_0 (0.83s)
    --- FAIL: TestA126CorruptReceiptedRowsAreUnreadable/HELD_row_with_held_0_+_scope_latch (0.84s)
    --- FAIL: TestA126CorruptReceiptedRowsAreUnreadable/reservation_symbol_diverged_from_the_decision (0.85s)
    --- FAIL: TestA126CorruptReceiptedRowsAreUnreadable/reservation_symbol_diverged_from_the_decision_+_scope_latch (0.83s)
    --- FAIL: TestA126CorruptReceiptedRowsAreUnreadable/reservation_market_diverged_from_the_decision (0.80s)
    --- FAIL: TestA126CorruptReceiptedRowsAreUnreadable/reservation_market_diverged_from_the_decision_+_scope_latch (0.85s)
    --- FAIL: TestA126CorruptReceiptedRowsAreUnreadable/held_remainder (0.86s)
    --- FAIL: TestA126CorruptReceiptedRowsAreUnreadable/held_remainder_+_scope_latch (0.87s)
    --- FAIL: TestA126CorruptReceiptedRowsAreUnreadable/owner_released_at_cleared (0.87s)
    --- FAIL: TestA126CorruptReceiptedRowsAreUnreadable/owner_released_at_cleared_+_scope_latch (0.87s)
    --- FAIL: TestA126CorruptReceiptedRowsAreUnreadable/owner_released_at_moved (0.86s)
    --- FAIL: TestA126CorruptReceiptedRowsAreUnreadable/owner_released_at_moved_+_scope_latch (0.86s)
    --- FAIL: TestA126CorruptReceiptedRowsAreUnreadable/reservation_owner_key_diverged_from_the_decision (0.79s)
    --- FAIL: TestA126CorruptReceiptedRowsAreUnreadable/reservation_owner_key_diverged_from_the_decision_+_scope_latch (0.94s)
    --- FAIL: TestA126CorruptReceiptedRowsAreUnreadable/HELD_row (0.83s)
    --- FAIL: TestA126CorruptReceiptedRowsAreUnreadable/HELD_row_+_scope_latch (0.83s)
    a126_filled_exposure_leaves_the_bucket_test.go:395: peer admission: BUCKET_USAGE_STALE (horizon): journal: risk bucket usage snapshot is behind the ledger; refused for this cycle and re-evaluated on the next snapshot wave: horizon bucket "SHORT" snapshot claims 0 used, the ledger holds 50
    a126_filled_exposure_leaves_the_bucket_test.go:395: peer admission: BUCKET_USAGE_STALE (horizon): journal: risk bucket usage snapshot is behind the ledger; refused for this cycle and re-evaluated on the next snapshot wave: horizon bucket "SHORT" snapshot claims 0 used, the ledger holds 50
--- FAIL: TestA126AReceiptBindsOnlyItsOwnOwnerKey (2.58s)
    --- FAIL: TestA126AReceiptBindsOnlyItsOwnOwnerKey/next_generation_of_the_same_symbol (0.85s)
    --- FAIL: TestA126AReceiptBindsOnlyItsOwnOwnerKey/another_symbol_under_the_same_generation (0.86s)
    --- PASS: TestA126AReceiptBindsOnlyItsOwnOwnerKey/another_account_under_the_same_symbol_and_generation (0.87s)
    a126_filled_exposure_leaves_the_bucket_test.go:433: BUCKET_USAGE_STALE (horizon): journal: risk bucket usage snapshot is behind the ledger; refused for this cycle and re-evaluated on the next snapshot wave: horizon bucket "SHORT" snapshot claims 0 used, the ledger holds 50
--- FAIL: TestA126ACorruptDepartedRowLatchesAnUnrelatedActiveOwnerButKeepsItsFill (0.88s)
    a126_filled_exposure_leaves_the_bucket_test.go:456: usage={FilledMinor:50 HeldMinor:0 RowDigest:sha256:771ef1e28b917a5ffa720b902ed80911d461250b0e7965d680e2b6683e615967 Latched:true OverageLatched:true UnknownLatched:false}, want the sum to leave and the latch to stay
--- FAIL: TestA126ADepartedRowsLatchFlagStillBlocksEntry (0.85s)
    a126_filled_exposure_leaves_the_bucket_test.go:516: usage={FilledMinor:74 HeldMinor:30 RowDigest:sha256:7d5b6d52ae0db0d54985526b0364e4be3fb2f274ddb5da1129b8ba41ae83496c Latched:true OverageLatched:true UnknownLatched:false}, want A's 50 gone, B's 24 filled + 30 held counted and B's latch kept
--- FAIL: TestA126ADepartureDoesNotReleaseAnotherOwnersLatch (0.96s)
--- PASS: TestA126APartialSellLeavesUsageUnchanged (0.78s)
    a126_filled_exposure_leaves_the_bucket_test.go:579: BUCKET_USAGE_STALE (horizon): journal: risk bucket usage snapshot is behind the ledger; refused for this cycle and re-evaluated on the next snapshot wave: horizon bucket "SHORT" snapshot claims 0 used, the ledger holds 50
--- FAIL: TestA126UsageIsReplayDeterministicAcrossReleaseRevertAndSharedFills (0.99s)
    a126_filled_exposure_leaves_the_bucket_test.go:613: next generation admission: BUCKET_USAGE_STALE (horizon): journal: risk bucket usage snapshot is behind the ledger; refused for this cycle and re-evaluated on the next snapshot wave: horizon bucket "SHORT" snapshot claims 0 used, the ledger holds 50
--- FAIL: TestA126ResidualReusedOrderIDAcrossGenerationsKeepsTheOldOwnerDeparted (0.83s)
    a126_filled_exposure_leaves_the_bucket_test.go:698: B issuance after A departed: result={Issue:{Decision:{ID: AccountRef: Generation:0 SafetyClass: PreimageKind: RiskPreimage: RiskHash: ClientOrderID: LimitsJSON: Nonce: IssuedAt:0001-01-01 00:00:00 +0000 UTC ExpiresAt:0001-01-01 00:00:00 +0000 UTC} Version:0 Reservations:[]} Admission:{DecisionID: QFinal:0 OwnerReused:false Idempotent:false ReservationIDs:[]}} err=BUCKET_USAGE_STALE (horizon): journal: risk bucket usage snapshot is behind the ledger; refused for this cycle and re-evaluated on the next snapshot wave: horizon bucket "SHORT" snapshot claims 0 used, the ledger holds 50
--- FAIL: TestA126ResidualRevertAfterAnotherOwnersIssuancePassesSubmitRevalidation (0.92s)
--- PASS: TestA126ReleaseAndTransitionShareOneFillResolutionRule (0.57s)
--- PASS: TestA126ReleaseAcceptsAnActualCompletedFillAndRefusesAnUnresolvedOne (1.79s)
FAIL
FAIL	github.com/JungHoonGhae/tossinvest-cli/internal/journal	31.661s
FAIL
# riskbucket (무태그 · 태그)
# github.com/JungHoonGhae/tossinvest-cli/internal/riskbucket [github.com/JungHoonGhae/tossinvest-cli/internal/riskbucket.test]
internal/riskbucket/a126_departed_rows_test.go:13:69: unknown field OwnerKeyMatches in struct literal of type productionRiskUsageRow
internal/riskbucket/a126_departed_rows_test.go:18:6: row.Receipted undefined (type productionRiskUsageRow has no field or method Receipted)
internal/riskbucket/a126_departed_rows_test.go:18:21: row.DecisionReceipted undefined (type productionRiskUsageRow has no field or method DecisionReceipted)
internal/riskbucket/a126_departed_rows_test.go:19:6: row.ReceiptReleasedAt undefined (type productionRiskUsageRow has no field or method ReceiptReleasedAt)
# github.com/JungHoonGhae/tossinvest-cli/internal/riskbucket [github.com/JungHoonGhae/tossinvest-cli/internal/riskbucket.test]
internal/riskbucket/a126_departed_rows_test.go:13:69: unknown field OwnerKeyMatches in struct literal of type productionRiskUsageRow
internal/riskbucket/a126_departed_rows_test.go:18:6: row.Receipted undefined (type productionRiskUsageRow has no field or method Receipted)
internal/riskbucket/a126_departed_rows_test.go:18:21: row.DecisionReceipted undefined (type productionRiskUsageRow has no field or method DecisionReceipted)
internal/riskbucket/a126_departed_rows_test.go:19:6: row.ReceiptReleasedAt undefined (type productionRiskUsageRow has no field or method ReceiptReleasedAt)
