# GREEN a112 7.3 격리 — 7d720bbc scratch: a112 7.3 lot (HEAD d8a1c312 + 로트 스크래치 커밋)
## make lint
go vet ./...
go vet -tags tossos_testseams ./...
lint exit=0
## 무태그
ok  	github.com/JungHoonGhae/tossinvest-cli/internal/strategyprojection	0.250s
ok  	github.com/JungHoonGhae/tossinvest-cli/internal/strategyprojectionrpc	2.164s
ok  	github.com/JungHoonGhae/tossinvest-cli/internal/httpapi	0.335s
ok  	github.com/JungHoonGhae/tossinvest-cli/internal/console	54.530s
ok  	github.com/JungHoonGhae/tossinvest-cli/internal/strategyworker	0.341s
ok  	github.com/JungHoonGhae/tossinvest-cli/internal/networkboundary	0.003s
ok  	github.com/JungHoonGhae/tossinvest-cli/internal/deployguard	0.009s
ok  	github.com/JungHoonGhae/tossinvest-cli/internal/app/engine	297.104s
ok  	github.com/JungHoonGhae/tossinvest-cli/cmd/tossctl	50.123s
## tossos_testseams
ok  	github.com/JungHoonGhae/tossinvest-cli/internal/strategyprojection	0.284s
ok  	github.com/JungHoonGhae/tossinvest-cli/internal/strategyprojectionrpc	5.250s
ok  	github.com/JungHoonGhae/tossinvest-cli/internal/httpapi	0.654s
ok  	github.com/JungHoonGhae/tossinvest-cli/internal/console	103.555s
ok  	github.com/JungHoonGhae/tossinvest-cli/internal/strategyworker	0.354s
ok  	github.com/JungHoonGhae/tossinvest-cli/internal/networkboundary	0.002s
ok  	github.com/JungHoonGhae/tossinvest-cli/internal/deployguard	0.006s
ok  	github.com/JungHoonGhae/tossinvest-cli/internal/app/engine	397.545s
ok  	github.com/JungHoonGhae/tossinvest-cli/cmd/tossctl	63.392s
## -race
ok  	github.com/JungHoonGhae/tossinvest-cli/internal/app/engine	18.822s
ok  	github.com/JungHoonGhae/tossinvest-cli/internal/strategyprojection	2.256s
ok  	github.com/JungHoonGhae/tossinvest-cli/internal/strategyworker	2.079s
END
