mode: set
github.com/JungHoonGhae/tossinvest-cli/internal/app/engine/adoption.go:76.25,78.16 2 1
github.com/JungHoonGhae/tossinvest-cli/internal/app/engine/adoption.go:78.16,80.3 1 1
github.com/JungHoonGhae/tossinvest-cli/internal/app/engine/adoption.go:81.2,87.44 3 1
github.com/JungHoonGhae/tossinvest-cli/internal/app/engine/adoption.go:87.44,89.19 2 1
github.com/JungHoonGhae/tossinvest-cli/internal/app/engine/adoption.go:89.19,91.4 1 0
github.com/JungHoonGhae/tossinvest-cli/internal/app/engine/adoption.go:92.3,93.71 2 1
github.com/JungHoonGhae/tossinvest-cli/internal/app/engine/adoption.go:93.71,94.12 1 0
github.com/JungHoonGhae/tossinvest-cli/internal/app/engine/adoption.go:97.3,98.17 2 1
github.com/JungHoonGhae/tossinvest-cli/internal/app/engine/adoption.go:98.17,102.12 1 0
github.com/JungHoonGhae/tossinvest-cli/internal/app/engine/adoption.go:104.3,104.70 1 1
github.com/JungHoonGhae/tossinvest-cli/internal/app/engine/adoption.go:104.70,105.12 1 0
github.com/JungHoonGhae/tossinvest-cli/internal/app/engine/adoption.go:108.3,108.23 1 1
github.com/JungHoonGhae/tossinvest-cli/internal/app/engine/adoption.go:108.23,109.19 1 1
github.com/JungHoonGhae/tossinvest-cli/internal/app/engine/adoption.go:109.19,111.5 1 1
github.com/JungHoonGhae/tossinvest-cli/internal/app/engine/adoption.go:112.4,112.12 1 1
github.com/JungHoonGhae/tossinvest-cli/internal/app/engine/adoption.go:116.3,116.32 1 1
github.com/JungHoonGhae/tossinvest-cli/internal/app/engine/adoption.go:116.32,117.12 1 1
github.com/JungHoonGhae/tossinvest-cli/internal/app/engine/adoption.go:119.3,119.13 1 1
github.com/JungHoonGhae/tossinvest-cli/internal/app/engine/adoption.go:119.13,120.12 1 0
github.com/JungHoonGhae/tossinvest-cli/internal/app/engine/adoption.go:127.3,127.39 1 1
github.com/JungHoonGhae/tossinvest-cli/internal/app/engine/adoption.go:127.39,129.12 2 1
github.com/JungHoonGhae/tossinvest-cli/internal/app/engine/adoption.go:135.3,135.68 1 1
github.com/JungHoonGhae/tossinvest-cli/internal/app/engine/adoption.go:135.68,137.12 2 1
github.com/JungHoonGhae/tossinvest-cli/internal/app/engine/adoption.go:139.3,139.76 1 1
github.com/JungHoonGhae/tossinvest-cli/internal/app/engine/adoption.go:142.2,143.31 2 1
github.com/JungHoonGhae/tossinvest-cli/internal/app/engine/adoption.go:143.31,144.30 1 1
github.com/JungHoonGhae/tossinvest-cli/internal/app/engine/adoption.go:144.30,149.4 1 1
github.com/JungHoonGhae/tossinvest-cli/internal/app/engine/adoption.go:152.2,152.30 1 1
github.com/JungHoonGhae/tossinvest-cli/internal/app/engine/adoption.go:152.30,155.3 2 1
github.com/JungHoonGhae/tossinvest-cli/internal/app/engine/adoption.go:159.63,160.27 1 1
github.com/JungHoonGhae/tossinvest-cli/internal/app/engine/adoption.go:160.27,162.3 1 0
github.com/JungHoonGhae/tossinvest-cli/internal/app/engine/adoption.go:163.2,163.89 1 1
github.com/JungHoonGhae/tossinvest-cli/internal/app/engine/adoption.go:173.41,175.26 2 1
github.com/JungHoonGhae/tossinvest-cli/internal/app/engine/adoption.go:175.26,177.3 1 1
github.com/JungHoonGhae/tossinvest-cli/internal/app/engine/adoption.go:179.2,180.16 2 1
github.com/JungHoonGhae/tossinvest-cli/internal/app/engine/adoption.go:180.16,182.23 2 0
github.com/JungHoonGhae/tossinvest-cli/internal/app/engine/adoption.go:182.23,184.4 1 0
github.com/JungHoonGhae/tossinvest-cli/internal/app/engine/adoption.go:185.3,185.17 1 0
github.com/JungHoonGhae/tossinvest-cli/internal/app/engine/adoption.go:188.2,189.16 2 1
github.com/JungHoonGhae/tossinvest-cli/internal/app/engine/adoption.go:189.16,191.3 1 1
github.com/JungHoonGhae/tossinvest-cli/internal/app/engine/adoption.go:192.2,192.31 1 1
github.com/JungHoonGhae/tossinvest-cli/internal/app/engine/adoption.go:192.31,195.10 3 1
github.com/JungHoonGhae/tossinvest-cli/internal/app/engine/adoption.go:195.10,199.12 2 1
github.com/JungHoonGhae/tossinvest-cli/internal/app/engine/adoption.go:201.3,201.50 1 1
github.com/JungHoonGhae/tossinvest-cli/internal/app/engine/adoption.go:201.50,209.4 3 1
github.com/JungHoonGhae/tossinvest-cli/internal/app/engine/adoption.go:210.3,210.35 1 1
github.com/JungHoonGhae/tossinvest-cli/internal/app/engine/adoption.go:210.35,213.12 3 1
github.com/JungHoonGhae/tossinvest-cli/internal/app/engine/adoption.go:215.3,215.19 1 0
github.com/JungHoonGhae/tossinvest-cli/internal/app/engine/adoption.go:217.2,217.16 1 1
github.com/JungHoonGhae/tossinvest-cli/internal/app/engine/adoption.go:222.39,225.31 3 1
github.com/JungHoonGhae/tossinvest-cli/internal/app/engine/adoption.go:225.31,228.35 3 1
github.com/JungHoonGhae/tossinvest-cli/internal/app/engine/adoption.go:228.35,229.12 1 0
github.com/JungHoonGhae/tossinvest-cli/internal/app/engine/adoption.go:231.3,232.21 2 1
github.com/JungHoonGhae/tossinvest-cli/internal/app/engine/adoption.go:232.21,236.4 3 1
github.com/JungHoonGhae/tossinvest-cli/internal/app/engine/adoption.go:237.3,237.31 1 1
github.com/JungHoonGhae/tossinvest-cli/internal/app/engine/adoption.go:239.2,251.42 4 1
github.com/JungHoonGhae/tossinvest-cli/internal/app/engine/adoption.go:251.42,255.3 3 1
github.com/JungHoonGhae/tossinvest-cli/internal/app/engine/adoption.go:256.2,257.27 2 1
github.com/JungHoonGhae/tossinvest-cli/internal/app/engine/adoption.go:257.27,259.3 1 0
github.com/JungHoonGhae/tossinvest-cli/internal/app/engine/adoption.go:259.8,261.3 1 1
github.com/JungHoonGhae/tossinvest-cli/internal/app/engine/adoption.go:262.2,262.16 1 1
github.com/JungHoonGhae/tossinvest-cli/internal/app/engine/adoption.go:262.16,265.3 1 0
github.com/JungHoonGhae/tossinvest-cli/internal/app/engine/adoption.go:267.2,268.27 2 1
github.com/JungHoonGhae/tossinvest-cli/internal/app/engine/adoption.go:268.27,269.18 1 1
github.com/JungHoonGhae/tossinvest-cli/internal/app/engine/adoption.go:269.18,272.12 1 0
github.com/JungHoonGhae/tossinvest-cli/internal/app/engine/adoption.go:274.3,276.24 3 1
github.com/JungHoonGhae/tossinvest-cli/internal/app/engine/adoption.go:276.24,279.12 1 1
github.com/JungHoonGhae/tossinvest-cli/internal/app/engine/adoption.go:281.3,282.40 2 1
github.com/JungHoonGhae/tossinvest-cli/internal/app/engine/adoption.go:282.40,284.4 1 1
github.com/JungHoonGhae/tossinvest-cli/internal/app/engine/adoption.go:285.3,286.81 2 1
github.com/JungHoonGhae/tossinvest-cli/internal/app/engine/adoption.go:286.81,287.12 1 1
github.com/JungHoonGhae/tossinvest-cli/internal/app/engine/adoption.go:289.3,289.60 1 1
github.com/JungHoonGhae/tossinvest-cli/internal/app/engine/adoption.go:291.2,291.25 1 1
github.com/JungHoonGhae/tossinvest-cli/internal/app/engine/adoption.go:294.53,297.2 1 1
github.com/JungHoonGhae/tossinvest-cli/internal/app/engine/adoption.go:299.53,300.52 1 1
github.com/JungHoonGhae/tossinvest-cli/internal/app/engine/adoption.go:301.12,302.21 1 1
github.com/JungHoonGhae/tossinvest-cli/internal/app/engine/adoption.go:303.12,304.21 1 1
github.com/JungHoonGhae/tossinvest-cli/internal/app/engine/adoption.go:305.10,306.19 1 1
github.com/JungHoonGhae/tossinvest-cli/internal/app/engine/adoption.go:318.92,320.16 2 1
github.com/JungHoonGhae/tossinvest-cli/internal/app/engine/adoption.go:320.16,323.3 2 0
github.com/JungHoonGhae/tossinvest-cli/internal/app/engine/adoption.go:325.2,339.16 2 1
github.com/JungHoonGhae/tossinvest-cli/internal/app/engine/adoption.go:339.16,342.3 2 0
github.com/JungHoonGhae/tossinvest-cli/internal/app/engine/adoption.go:344.2,344.83 1 1
github.com/JungHoonGhae/tossinvest-cli/internal/app/engine/adoption.go:344.83,351.3 1 0
github.com/JungHoonGhae/tossinvest-cli/internal/app/engine/adoption.go:353.2,379.13 3 1
github.com/JungHoonGhae/tossinvest-cli/internal/app/engine/adoption.go:392.83,393.23 1 1
github.com/JungHoonGhae/tossinvest-cli/internal/app/engine/adoption.go:393.23,395.3 1 1
github.com/JungHoonGhae/tossinvest-cli/internal/app/engine/adoption.go:396.2,404.9 3 1
github.com/JungHoonGhae/tossinvest-cli/internal/app/engine/adoption.go:405.38,406.94 1 1
github.com/JungHoonGhae/tossinvest-cli/internal/app/engine/adoption.go:407.42,408.92 1 1
github.com/JungHoonGhae/tossinvest-cli/internal/app/engine/adoption.go:409.31,411.21 1 1
github.com/JungHoonGhae/tossinvest-cli/internal/app/engine/adoption.go:412.42,414.65 1 1
github.com/JungHoonGhae/tossinvest-cli/internal/app/engine/adoption.go:417.2,431.4 1 1
github.com/JungHoonGhae/tossinvest-cli/internal/app/engine/adoption.go:441.90,442.19 1 1
github.com/JungHoonGhae/tossinvest-cli/internal/app/engine/adoption.go:442.19,444.3 1 0
github.com/JungHoonGhae/tossinvest-cli/internal/app/engine/adoption.go:445.2,446.16 2 1
github.com/JungHoonGhae/tossinvest-cli/internal/app/engine/adoption.go:446.16,448.3 1 0
github.com/JungHoonGhae/tossinvest-cli/internal/app/engine/adoption.go:449.2,450.28 2 1
github.com/JungHoonGhae/tossinvest-cli/internal/app/engine/adoption.go:450.28,452.3 1 1
github.com/JungHoonGhae/tossinvest-cli/internal/app/engine/adoption.go:453.2,471.4 2 1
github.com/JungHoonGhae/tossinvest-cli/internal/app/engine/adoption.go:474.71,475.23 1 1
github.com/JungHoonGhae/tossinvest-cli/internal/app/engine/adoption.go:475.23,477.3 1 1
github.com/JungHoonGhae/tossinvest-cli/internal/app/engine/adoption.go:478.2,482.54 1 0
github.com/JungHoonGhae/tossinvest-cli/internal/app/engine/exitloop.go:263.71,264.9 1 1
github.com/JungHoonGhae/tossinvest-cli/internal/app/engine/exitloop.go:265.27,266.106 1 1
github.com/JungHoonGhae/tossinvest-cli/internal/app/engine/exitloop.go:267.26,269.54 1 0
github.com/JungHoonGhae/tossinvest-cli/internal/app/engine/exitloop.go:270.27,272.91 1 0
github.com/JungHoonGhae/tossinvest-cli/internal/app/engine/exitloop.go:273.26,275.45 1 0
github.com/JungHoonGhae/tossinvest-cli/internal/app/engine/exitloop.go:276.26,277.90 1 0
github.com/JungHoonGhae/tossinvest-cli/internal/app/engine/exitloop.go:278.48,279.103 1 0
github.com/JungHoonGhae/tossinvest-cli/internal/app/engine/exitloop.go:280.32,282.91 1 1
github.com/JungHoonGhae/tossinvest-cli/internal/app/engine/exitloop.go:285.2,286.25 2 1
github.com/JungHoonGhae/tossinvest-cli/internal/app/engine/exitloop.go:286.25,288.3 1 0
github.com/JungHoonGhae/tossinvest-cli/internal/app/engine/exitloop.go:289.2,289.43 1 1
github.com/JungHoonGhae/tossinvest-cli/internal/app/engine/exitloop.go:289.43,291.3 1 0
github.com/JungHoonGhae/tossinvest-cli/internal/app/engine/exitloop.go:292.2,293.24 2 1
github.com/JungHoonGhae/tossinvest-cli/internal/app/engine/exitloop.go:293.24,295.3 1 1
github.com/JungHoonGhae/tossinvest-cli/internal/app/engine/exitloop.go:296.2,296.42 1 1
github.com/JungHoonGhae/tossinvest-cli/internal/app/engine/exitloop.go:296.42,298.3 1 0
github.com/JungHoonGhae/tossinvest-cli/internal/app/engine/exitloop.go:299.2,299.58 1 1
github.com/JungHoonGhae/tossinvest-cli/internal/app/engine/exitloop.go:299.58,300.52 1 1
github.com/JungHoonGhae/tossinvest-cli/internal/app/engine/exitloop.go:300.52,302.4 1 0
github.com/JungHoonGhae/tossinvest-cli/internal/app/engine/exitloop.go:303.3,303.25 1 1
github.com/JungHoonGhae/tossinvest-cli/internal/app/engine/exitloop.go:306.2,307.16 2 1
github.com/JungHoonGhae/tossinvest-cli/internal/app/engine/exitloop.go:307.16,309.3 1 1
github.com/JungHoonGhae/tossinvest-cli/internal/app/engine/exitloop.go:310.2,310.23 1 1
github.com/JungHoonGhae/tossinvest-cli/internal/app/engine/exitloop.go:310.23,312.3 1 1
github.com/JungHoonGhae/tossinvest-cli/internal/app/engine/exitloop.go:313.2,323.8 1 1
github.com/JungHoonGhae/tossinvest-cli/internal/app/engine/exitloop.go:327.49,328.25 1 1
github.com/JungHoonGhae/tossinvest-cli/internal/app/engine/exitloop.go:328.25,330.3 1 0
github.com/JungHoonGhae/tossinvest-cli/internal/app/engine/exitloop.go:331.2,331.39 1 1
github.com/JungHoonGhae/tossinvest-cli/internal/app/engine/exitloop.go:334.52,335.28 1 1
github.com/JungHoonGhae/tossinvest-cli/internal/app/engine/exitloop.go:335.28,337.3 1 1
github.com/JungHoonGhae/tossinvest-cli/internal/app/engine/exitloop.go:338.2,338.37 1 1
github.com/JungHoonGhae/tossinvest-cli/internal/app/engine/exitloop.go:341.51,342.27 1 1
github.com/JungHoonGhae/tossinvest-cli/internal/app/engine/exitloop.go:342.27,344.3 1 0
github.com/JungHoonGhae/tossinvest-cli/internal/app/engine/exitloop.go:345.2,345.41 1 1
github.com/JungHoonGhae/tossinvest-cli/internal/app/engine/exitloop.go:354.55,355.6 1 1
github.com/JungHoonGhae/tossinvest-cli/internal/app/engine/exitloop.go:355.6,356.35 1 1
github.com/JungHoonGhae/tossinvest-cli/internal/app/engine/exitloop.go:356.35,358.4 1 1
github.com/JungHoonGhae/tossinvest-cli/internal/app/engine/exitloop.go:359.3,360.56 2 1
github.com/JungHoonGhae/tossinvest-cli/internal/app/engine/exitloop.go:360.56,362.4 1 1
github.com/JungHoonGhae/tossinvest-cli/internal/app/engine/exitloop.go:382.53,383.22 1 1
github.com/JungHoonGhae/tossinvest-cli/internal/app/engine/exitloop.go:383.22,385.3 1 1
github.com/JungHoonGhae/tossinvest-cli/internal/app/engine/exitloop.go:386.2,387.88 1 1
github.com/JungHoonGhae/tossinvest-cli/internal/app/engine/exitloop.go:413.67,417.59 3 1
github.com/JungHoonGhae/tossinvest-cli/internal/app/engine/exitloop.go:417.59,424.3 3 1
github.com/JungHoonGhae/tossinvest-cli/internal/app/engine/exitloop.go:426.2,427.16 2 1
github.com/JungHoonGhae/tossinvest-cli/internal/app/engine/exitloop.go:427.16,430.3 2 0
github.com/JungHoonGhae/tossinvest-cli/internal/app/engine/exitloop.go:431.2,431.22 1 1
github.com/JungHoonGhae/tossinvest-cli/internal/app/engine/exitloop.go:431.22,440.3 3 1
github.com/JungHoonGhae/tossinvest-cli/internal/app/engine/exitloop.go:441.2,442.16 2 1
github.com/JungHoonGhae/tossinvest-cli/internal/app/engine/exitloop.go:442.16,446.3 3 1
github.com/JungHoonGhae/tossinvest-cli/internal/app/engine/exitloop.go:447.2,451.31 4 1
github.com/JungHoonGhae/tossinvest-cli/internal/app/engine/exitloop.go:451.31,453.10 2 1
github.com/JungHoonGhae/tossinvest-cli/internal/app/engine/exitloop.go:453.10,457.12 1 1
github.com/JungHoonGhae/tossinvest-cli/internal/app/engine/exitloop.go:459.3,459.28 1 1
github.com/JungHoonGhae/tossinvest-cli/internal/app/engine/exitloop.go:459.28,462.12 1 1
github.com/JungHoonGhae/tossinvest-cli/internal/app/engine/exitloop.go:464.3,465.93 2 1
github.com/JungHoonGhae/tossinvest-cli/internal/app/engine/exitloop.go:465.93,467.4 1 1
github.com/JungHoonGhae/tossinvest-cli/internal/app/engine/exitloop.go:469.2,469.14 1 1
github.com/JungHoonGhae/tossinvest-cli/internal/app/engine/exitloop.go:493.93,495.16 2 1
github.com/JungHoonGhae/tossinvest-cli/internal/app/engine/exitloop.go:495.16,497.3 1 0
github.com/JungHoonGhae/tossinvest-cli/internal/app/engine/exitloop.go:498.2,499.16 2 1
github.com/JungHoonGhae/tossinvest-cli/internal/app/engine/exitloop.go:499.16,501.3 1 0
github.com/JungHoonGhae/tossinvest-cli/internal/app/engine/exitloop.go:502.2,503.38 2 1
github.com/JungHoonGhae/tossinvest-cli/internal/app/engine/exitloop.go:503.38,505.3 1 1
github.com/JungHoonGhae/tossinvest-cli/internal/app/engine/exitloop.go:507.2,508.30 2 1
github.com/JungHoonGhae/tossinvest-cli/internal/app/engine/exitloop.go:508.30,509.70 1 1
github.com/JungHoonGhae/tossinvest-cli/internal/app/engine/exitloop.go:509.70,510.12 1 1
github.com/JungHoonGhae/tossinvest-cli/internal/app/engine/exitloop.go:512.3,512.24 1 1
github.com/JungHoonGhae/tossinvest-cli/internal/app/engine/exitloop.go:512.24,519.12 3 1
github.com/JungHoonGhae/tossinvest-cli/internal/app/engine/exitloop.go:521.3,525.10 5 1
github.com/JungHoonGhae/tossinvest-cli/internal/app/engine/exitloop.go:525.10,527.18 2 1
github.com/JungHoonGhae/tossinvest-cli/internal/app/engine/exitloop.go:527.18,528.25 1 0
github.com/JungHoonGhae/tossinvest-cli/internal/app/engine/exitloop.go:528.25,530.6 1 0
github.com/JungHoonGhae/tossinvest-cli/internal/app/engine/exitloop.go:531.5,531.13 1 0
github.com/JungHoonGhae/tossinvest-cli/internal/app/engine/exitloop.go:533.4,533.31 1 1
github.com/JungHoonGhae/tossinvest-cli/internal/app/engine/exitloop.go:533.31,537.13 1 0
github.com/JungHoonGhae/tossinvest-cli/internal/app/engine/exitloop.go:539.4,540.18 2 1
github.com/JungHoonGhae/tossinvest-cli/internal/app/engine/exitloop.go:542.3,542.31 1 1
github.com/JungHoonGhae/tossinvest-cli/internal/app/engine/exitloop.go:542.31,545.19 2 1
github.com/JungHoonGhae/tossinvest-cli/internal/app/engine/exitloop.go:545.19,546.25 1 0
github.com/JungHoonGhae/tossinvest-cli/internal/app/engine/exitloop.go:546.25,548.6 1 0
github.com/JungHoonGhae/tossinvest-cli/internal/app/engine/exitloop.go:549.5,549.13 1 0
github.com/JungHoonGhae/tossinvest-cli/internal/app/engine/exitloop.go:551.4,554.12 3 1
github.com/JungHoonGhae/tossinvest-cli/internal/app/engine/exitloop.go:556.3,556.108 1 1
github.com/JungHoonGhae/tossinvest-cli/internal/app/engine/exitloop.go:556.108,557.24 1 0
github.com/JungHoonGhae/tossinvest-cli/internal/app/engine/exitloop.go:557.24,559.5 1 0
github.com/JungHoonGhae/tossinvest-cli/internal/app/engine/exitloop.go:560.4,560.12 1 0
github.com/JungHoonGhae/tossinvest-cli/internal/app/engine/exitloop.go:561.9,561.45 1 1
github.com/JungHoonGhae/tossinvest-cli/internal/app/engine/exitloop.go:561.45,564.12 2 1
github.com/JungHoonGhae/tossinvest-cli/internal/app/engine/exitloop.go:565.9,565.20 1 1
github.com/JungHoonGhae/tossinvest-cli/internal/app/engine/exitloop.go:565.20,587.4 3 1
github.com/JungHoonGhae/tossinvest-cli/internal/app/engine/exitloop.go:588.3,589.25 2 1
github.com/JungHoonGhae/tossinvest-cli/internal/app/engine/exitloop.go:589.25,592.19 2 1
github.com/JungHoonGhae/tossinvest-cli/internal/app/engine/exitloop.go:592.19,593.25 1 0
github.com/JungHoonGhae/tossinvest-cli/internal/app/engine/exitloop.go:593.25,595.6 1 0
github.com/JungHoonGhae/tossinvest-cli/internal/app/engine/exitloop.go:596.5,596.13 1 0
github.com/JungHoonGhae/tossinvest-cli/internal/app/engine/exitloop.go:598.4,601.12 3 1
github.com/JungHoonGhae/tossinvest-cli/internal/app/engine/exitloop.go:603.3,606.5 1 1
github.com/JungHoonGhae/tossinvest-cli/internal/app/engine/exitloop.go:611.2,611.37 1 1
github.com/JungHoonGhae/tossinvest-cli/internal/app/engine/exitloop.go:614.102,617.44 2 1
github.com/JungHoonGhae/tossinvest-cli/internal/app/engine/exitloop.go:617.44,618.45 1 1
github.com/JungHoonGhae/tossinvest-cli/internal/app/engine/exitloop.go:618.45,620.4 1 0
github.com/JungHoonGhae/tossinvest-cli/internal/app/engine/exitloop.go:621.3,621.23 1 1
github.com/JungHoonGhae/tossinvest-cli/internal/app/engine/exitloop.go:623.2,623.50 1 1
github.com/JungHoonGhae/tossinvest-cli/internal/app/engine/exitloop.go:623.50,625.3 1 1
github.com/JungHoonGhae/tossinvest-cli/internal/app/engine/exitloop.go:626.2,626.49 1 0
github.com/JungHoonGhae/tossinvest-cli/internal/app/engine/exitloop.go:653.102,654.17 1 1
github.com/JungHoonGhae/tossinvest-cli/internal/app/engine/exitloop.go:654.17,656.3 1 1
github.com/JungHoonGhae/tossinvest-cli/internal/app/engine/exitloop.go:657.2,658.16 2 1
github.com/JungHoonGhae/tossinvest-cli/internal/app/engine/exitloop.go:658.16,661.3 1 0
github.com/JungHoonGhae/tossinvest-cli/internal/app/engine/exitloop.go:662.2,663.16 2 1
github.com/JungHoonGhae/tossinvest-cli/internal/app/engine/exitloop.go:663.16,666.3 1 0
github.com/JungHoonGhae/tossinvest-cli/internal/app/engine/exitloop.go:667.2,668.9 2 1
github.com/JungHoonGhae/tossinvest-cli/internal/app/engine/exitloop.go:668.9,672.3 1 0
github.com/JungHoonGhae/tossinvest-cli/internal/app/engine/exitloop.go:674.2,675.31 2 1
github.com/JungHoonGhae/tossinvest-cli/internal/app/engine/exitloop.go:675.31,677.3 1 1
github.com/JungHoonGhae/tossinvest-cli/internal/app/engine/exitloop.go:678.2,685.9 2 1
github.com/JungHoonGhae/tossinvest-cli/internal/app/engine/exitloop.go:686.50,688.34 1 0
github.com/JungHoonGhae/tossinvest-cli/internal/app/engine/exitloop.go:689.18,690.96 1 0
github.com/JungHoonGhae/tossinvest-cli/internal/app/engine/exitloop.go:692.2,698.19 2 1
github.com/JungHoonGhae/tossinvest-cli/internal/app/engine/exitloop.go:710.109,712.9 2 1
github.com/JungHoonGhae/tossinvest-cli/internal/app/engine/exitloop.go:713.50,715.34 1 0
github.com/JungHoonGhae/tossinvest-cli/internal/app/engine/exitloop.go:716.18,718.75 1 0
github.com/JungHoonGhae/tossinvest-cli/internal/app/engine/exitloop.go:720.2,727.19 2 1
github.com/JungHoonGhae/tossinvest-cli/internal/app/engine/exitloop.go:743.135,747.86 4 1
github.com/JungHoonGhae/tossinvest-cli/internal/app/engine/exitloop.go:747.86,750.18 3 1
github.com/JungHoonGhae/tossinvest-cli/internal/app/engine/exitloop.go:750.18,752.4 1 1
github.com/JungHoonGhae/tossinvest-cli/internal/app/engine/exitloop.go:756.3,759.34 4 1
github.com/JungHoonGhae/tossinvest-cli/internal/app/engine/exitloop.go:759.34,761.4 1 1
github.com/JungHoonGhae/tossinvest-cli/internal/app/engine/exitloop.go:762.3,763.28 2 1
github.com/JungHoonGhae/tossinvest-cli/internal/app/engine/exitloop.go:763.28,765.106 2 1
github.com/JungHoonGhae/tossinvest-cli/internal/app/engine/exitloop.go:765.106,766.13 1 1
github.com/JungHoonGhae/tossinvest-cli/internal/app/engine/exitloop.go:768.4,769.28 2 1
github.com/JungHoonGhae/tossinvest-cli/internal/app/engine/exitloop.go:769.28,772.5 2 1
github.com/JungHoonGhae/tossinvest-cli/internal/app/engine/exitloop.go:772.10,773.70 1 1
github.com/JungHoonGhae/tossinvest-cli/internal/app/engine/exitloop.go:773.70,774.13 1 1
github.com/JungHoonGhae/tossinvest-cli/internal/app/engine/exitloop.go:776.4,777.46 1 1
github.com/JungHoonGhae/tossinvest-cli/internal/app/engine/exitloop.go:779.3,779.21 1 1
github.com/JungHoonGhae/tossinvest-cli/internal/app/engine/exitloop.go:779.21,781.4 1 1
github.com/JungHoonGhae/tossinvest-cli/internal/app/engine/exitloop.go:782.3,783.13 2 1
github.com/JungHoonGhae/tossinvest-cli/internal/app/engine/exitloop.go:785.2,785.16 1 1
github.com/JungHoonGhae/tossinvest-cli/internal/app/engine/exitloop.go:785.16,787.3 1 1
github.com/JungHoonGhae/tossinvest-cli/internal/app/engine/exitloop.go:788.2,788.19 1 1
github.com/JungHoonGhae/tossinvest-cli/internal/app/engine/exitloop.go:788.19,794.17 2 1
github.com/JungHoonGhae/tossinvest-cli/internal/app/engine/exitloop.go:794.17,796.4 1 0
github.com/JungHoonGhae/tossinvest-cli/internal/app/engine/exitloop.go:797.3,797.7 1 1
github.com/JungHoonGhae/tossinvest-cli/internal/app/engine/exitloop.go:797.7,799.84 2 1
github.com/JungHoonGhae/tossinvest-cli/internal/app/engine/exitloop.go:799.84,800.10 1 1
github.com/JungHoonGhae/tossinvest-cli/internal/app/engine/exitloop.go:803.3,805.34 3 1
github.com/JungHoonGhae/tossinvest-cli/internal/app/engine/exitloop.go:805.34,806.26 1 1
github.com/JungHoonGhae/tossinvest-cli/internal/app/engine/exitloop.go:806.26,807.13 1 0
github.com/JungHoonGhae/tossinvest-cli/internal/app/engine/exitloop.go:809.4,810.23 2 1
github.com/JungHoonGhae/tossinvest-cli/internal/app/engine/exitloop.go:813.2,813.17 1 1
github.com/JungHoonGhae/tossinvest-cli/internal/app/engine/exitloop.go:817.75,819.20 2 1
github.com/JungHoonGhae/tossinvest-cli/internal/app/engine/exitloop.go:819.20,821.3 1 1
github.com/JungHoonGhae/tossinvest-cli/internal/app/engine/exitloop.go:822.2,822.46 1 1
github.com/JungHoonGhae/tossinvest-cli/internal/app/engine/exitloop.go:822.46,824.3 1 1
github.com/JungHoonGhae/tossinvest-cli/internal/app/engine/exitloop.go:825.2,825.20 1 1
github.com/JungHoonGhae/tossinvest-cli/internal/app/engine/exitloop.go:825.20,827.3 1 1
github.com/JungHoonGhae/tossinvest-cli/internal/app/engine/exitloop.go:828.2,843.74 3 1
github.com/JungHoonGhae/tossinvest-cli/internal/app/engine/exitloop.go:843.74,845.3 1 0
github.com/JungHoonGhae/tossinvest-cli/internal/app/engine/exitloop.go:846.2,848.16 2 1
github.com/JungHoonGhae/tossinvest-cli/internal/app/engine/exitloop.go:848.16,852.3 2 0
github.com/JungHoonGhae/tossinvest-cli/internal/app/engine/exitloop.go:853.2,853.27 1 1
github.com/JungHoonGhae/tossinvest-cli/internal/app/engine/exitloop.go:858.56,859.27 1 1
github.com/JungHoonGhae/tossinvest-cli/internal/app/engine/exitloop.go:859.27,861.3 1 0
github.com/JungHoonGhae/tossinvest-cli/internal/app/engine/exitloop.go:862.2,862.26 1 1
github.com/JungHoonGhae/tossinvest-cli/internal/app/engine/exitloop.go:862.26,865.3 2 1
github.com/JungHoonGhae/tossinvest-cli/internal/app/engine/exitloop.go:866.2,866.15 1 1
github.com/JungHoonGhae/tossinvest-cli/internal/app/engine/exitloop.go:866.15,877.73 1 1
github.com/JungHoonGhae/tossinvest-cli/internal/app/engine/exitloop.go:877.73,879.4 1 0
github.com/JungHoonGhae/tossinvest-cli/internal/app/engine/exitloop.go:881.2,882.16 2 1
github.com/JungHoonGhae/tossinvest-cli/internal/app/engine/exitloop.go:882.16,885.3 2 0
github.com/JungHoonGhae/tossinvest-cli/internal/app/engine/exitloop.go:887.2,887.28 1 1
github.com/JungHoonGhae/tossinvest-cli/internal/app/engine/exitloop.go:888.32,889.69 1 1
github.com/JungHoonGhae/tossinvest-cli/internal/app/engine/exitloop.go:890.10,891.70 1 1
github.com/JungHoonGhae/tossinvest-cli/internal/app/engine/exitloop.go:902.61,904.16 2 1
github.com/JungHoonGhae/tossinvest-cli/internal/app/engine/exitloop.go:904.16,906.3 1 0
github.com/JungHoonGhae/tossinvest-cli/internal/app/engine/exitloop.go:907.2,908.48 2 1
github.com/JungHoonGhae/tossinvest-cli/internal/app/engine/exitloop.go:908.48,910.3 1 0
github.com/JungHoonGhae/tossinvest-cli/internal/app/engine/exitloop.go:911.2,911.78 1 1
github.com/JungHoonGhae/tossinvest-cli/internal/app/engine/exitloop.go:915.74,917.73 2 1
github.com/JungHoonGhae/tossinvest-cli/internal/app/engine/exitloop.go:917.73,918.17 1 0
github.com/JungHoonGhae/tossinvest-cli/internal/app/engine/exitloop.go:918.17,923.4 1 0
github.com/JungHoonGhae/tossinvest-cli/internal/app/engine/exitloop.go:924.3,925.13 2 0
github.com/JungHoonGhae/tossinvest-cli/internal/app/engine/exitloop.go:927.2,928.16 2 1
github.com/JungHoonGhae/tossinvest-cli/internal/app/engine/exitloop.go:928.16,931.3 2 0
github.com/JungHoonGhae/tossinvest-cli/internal/app/engine/exitloop.go:932.2,948.16 3 1
github.com/JungHoonGhae/tossinvest-cli/internal/app/engine/exitloop.go:948.16,951.3 2 0
github.com/JungHoonGhae/tossinvest-cli/internal/app/engine/exitloop.go:952.2,956.27 3 1
github.com/JungHoonGhae/tossinvest-cli/internal/app/engine/exitloop.go:956.27,958.3 1 1
github.com/JungHoonGhae/tossinvest-cli/internal/app/engine/exitloop.go:959.2,959.43 1 1
github.com/JungHoonGhae/tossinvest-cli/internal/app/engine/exitloop.go:959.43,961.3 1 1
github.com/JungHoonGhae/tossinvest-cli/internal/app/engine/exitloop.go:963.2,965.29 1 1
github.com/JungHoonGhae/tossinvest-cli/internal/app/engine/exitloop.go:969.74,971.16 2 1
github.com/JungHoonGhae/tossinvest-cli/internal/app/engine/exitloop.go:971.16,974.3 2 0
github.com/JungHoonGhae/tossinvest-cli/internal/app/engine/exitloop.go:975.2,975.64 1 1
github.com/JungHoonGhae/tossinvest-cli/internal/app/engine/exitloop.go:975.64,978.3 2 1
github.com/JungHoonGhae/tossinvest-cli/internal/app/engine/exitloop.go:979.2,980.16 2 1
github.com/JungHoonGhae/tossinvest-cli/internal/app/engine/exitloop.go:980.16,983.3 2 0
github.com/JungHoonGhae/tossinvest-cli/internal/app/engine/exitloop.go:984.2,985.32 2 1
github.com/JungHoonGhae/tossinvest-cli/internal/app/engine/exitloop.go:985.32,986.73 1 0
github.com/JungHoonGhae/tossinvest-cli/internal/app/engine/exitloop.go:986.73,988.4 1 0
github.com/JungHoonGhae/tossinvest-cli/internal/app/engine/exitloop.go:990.2,1014.16 3 1
github.com/JungHoonGhae/tossinvest-cli/internal/app/engine/exitloop.go:1014.16,1017.3 2 1
github.com/JungHoonGhae/tossinvest-cli/internal/app/engine/exitloop.go:1018.2,1027.27 3 1
github.com/JungHoonGhae/tossinvest-cli/internal/app/engine/exitloop.go:1027.27,1029.3 1 0
github.com/JungHoonGhae/tossinvest-cli/internal/app/engine/exitloop.go:1030.2,1030.43 1 1
github.com/JungHoonGhae/tossinvest-cli/internal/app/engine/exitloop.go:1030.43,1032.3 1 1
github.com/JungHoonGhae/tossinvest-cli/internal/app/engine/exitloop.go:1033.2,1034.29 1 1
github.com/JungHoonGhae/tossinvest-cli/internal/app/engine/exitloop.go:1040.100,1041.112 1 1
github.com/JungHoonGhae/tossinvest-cli/internal/app/engine/exitloop.go:1041.112,1043.3 1 1
github.com/JungHoonGhae/tossinvest-cli/internal/app/engine/exitloop.go:1044.2,1044.103 1 1
github.com/JungHoonGhae/tossinvest-cli/internal/app/engine/exitloop.go:1049.9,1050.27 1 1
github.com/JungHoonGhae/tossinvest-cli/internal/app/engine/exitloop.go:1050.27,1052.3 1 0
github.com/JungHoonGhae/tossinvest-cli/internal/app/engine/exitloop.go:1053.2,1059.107 2 1
github.com/JungHoonGhae/tossinvest-cli/internal/app/engine/exitloop.go:1059.107,1061.3 1 0
github.com/JungHoonGhae/tossinvest-cli/internal/app/engine/exitloop.go:1062.2,1062.16 1 1
github.com/JungHoonGhae/tossinvest-cli/internal/app/engine/exitloop.go:1062.16,1064.3 1 0
github.com/JungHoonGhae/tossinvest-cli/internal/app/engine/exitloop.go:1065.2,1065.12 1 1
github.com/JungHoonGhae/tossinvest-cli/internal/app/engine/exitloop.go:1068.62,1073.39 2 1
github.com/JungHoonGhae/tossinvest-cli/internal/app/engine/exitloop.go:1073.39,1075.3 1 1
github.com/JungHoonGhae/tossinvest-cli/internal/app/engine/exitloop.go:1076.2,1076.90 1 1
github.com/JungHoonGhae/tossinvest-cli/internal/app/engine/exitloop.go:1080.65,1082.16 2 1
github.com/JungHoonGhae/tossinvest-cli/internal/app/engine/exitloop.go:1082.16,1084.3 1 0
github.com/JungHoonGhae/tossinvest-cli/internal/app/engine/exitloop.go:1085.2,1088.8 1 1
github.com/JungHoonGhae/tossinvest-cli/internal/app/engine/exitloop.go:1092.45,1094.16 2 1
github.com/JungHoonGhae/tossinvest-cli/internal/app/engine/exitloop.go:1094.16,1096.3 1 0
github.com/JungHoonGhae/tossinvest-cli/internal/app/engine/exitloop.go:1097.2,1098.75 2 1
github.com/JungHoonGhae/tossinvest-cli/internal/app/engine/exitloop.go:1098.75,1101.21 3 1
github.com/JungHoonGhae/tossinvest-cli/internal/app/engine/exitloop.go:1101.21,1103.4 1 1
github.com/JungHoonGhae/tossinvest-cli/internal/app/engine/exitloop.go:1105.2,1110.4 2 1
github.com/JungHoonGhae/tossinvest-cli/internal/app/engine/exitloop.go:1110.4,1113.3 2 1
github.com/JungHoonGhae/tossinvest-cli/internal/app/engine/exitloop.go:1114.2,1114.52 1 1
github.com/JungHoonGhae/tossinvest-cli/internal/app/engine/exitloop.go:1117.62,1121.2 1 1
github.com/JungHoonGhae/tossinvest-cli/internal/app/engine/exitloop.go:1126.100,1128.14 2 1
github.com/JungHoonGhae/tossinvest-cli/internal/app/engine/exitloop.go:1128.14,1130.3 1 1
github.com/JungHoonGhae/tossinvest-cli/internal/app/engine/exitloop.go:1131.2,1131.31 1 1
github.com/JungHoonGhae/tossinvest-cli/internal/app/engine/exitloop.go:1131.31,1136.3 1 1
github.com/JungHoonGhae/tossinvest-cli/internal/app/engine/exitloop.go:1137.2,1138.16 2 1
github.com/JungHoonGhae/tossinvest-cli/internal/app/engine/exitloop.go:1138.16,1140.3 1 0
github.com/JungHoonGhae/tossinvest-cli/internal/app/engine/exitloop.go:1141.2,1142.16 2 1
github.com/JungHoonGhae/tossinvest-cli/internal/app/engine/exitloop.go:1142.16,1144.3 1 0
github.com/JungHoonGhae/tossinvest-cli/internal/app/engine/exitloop.go:1145.2,1145.13 1 1
github.com/JungHoonGhae/tossinvest-cli/internal/app/engine/exitloop.go:1145.13,1150.3 1 1
github.com/JungHoonGhae/tossinvest-cli/internal/app/engine/exitloop.go:1151.2,1151.12 1 1
github.com/JungHoonGhae/tossinvest-cli/internal/app/engine/exitloop.go:1154.78,1156.36 2 1
github.com/JungHoonGhae/tossinvest-cli/internal/app/engine/exitloop.go:1156.36,1157.40 1 1
github.com/JungHoonGhae/tossinvest-cli/internal/app/engine/exitloop.go:1157.40,1161.4 1 0
github.com/JungHoonGhae/tossinvest-cli/internal/app/engine/exitloop.go:1162.3,1162.23 1 1
github.com/JungHoonGhae/tossinvest-cli/internal/app/engine/exitloop.go:1164.2,1165.16 2 1
github.com/JungHoonGhae/tossinvest-cli/internal/app/engine/exitloop.go:1165.16,1167.3 1 0
github.com/JungHoonGhae/tossinvest-cli/internal/app/engine/exitloop.go:1168.2,1168.20 1 1
github.com/JungHoonGhae/tossinvest-cli/internal/app/engine/exitloop.go:1179.56,1180.27 1 1
github.com/JungHoonGhae/tossinvest-cli/internal/app/engine/exitloop.go:1180.27,1182.3 1 0
github.com/JungHoonGhae/tossinvest-cli/internal/app/engine/exitloop.go:1183.2,1199.39 6 1
github.com/JungHoonGhae/tossinvest-cli/internal/app/engine/exitloop.go:1199.39,1200.31 1 0
github.com/JungHoonGhae/tossinvest-cli/internal/app/engine/exitloop.go:1200.31,1202.4 1 0
github.com/JungHoonGhae/tossinvest-cli/internal/app/engine/exitloop.go:1202.9,1204.4 1 0
github.com/JungHoonGhae/tossinvest-cli/internal/app/engine/exitloop.go:1223.2,1223.72 1 1
github.com/JungHoonGhae/tossinvest-cli/internal/app/engine/exitloop.go:1223.72,1224.43 1 1
github.com/JungHoonGhae/tossinvest-cli/internal/app/engine/exitloop.go:1224.43,1246.4 2 1
github.com/JungHoonGhae/tossinvest-cli/internal/app/engine/exitloop.go:1246.9,1248.18 2 1
github.com/JungHoonGhae/tossinvest-cli/internal/app/engine/exitloop.go:1248.18,1250.5 1 0
github.com/JungHoonGhae/tossinvest-cli/internal/app/engine/exitloop.go:1251.4,1251.16 1 1
github.com/JungHoonGhae/tossinvest-cli/internal/app/engine/exitloop.go:1251.16,1255.5 3 1
github.com/JungHoonGhae/tossinvest-cli/internal/app/engine/exitloop.go:1255.10,1257.5 1 1
github.com/JungHoonGhae/tossinvest-cli/internal/app/engine/exitloop.go:1261.2,1262.15 2 1
github.com/JungHoonGhae/tossinvest-cli/internal/app/engine/exitloop.go:1262.15,1264.21 2 1
github.com/JungHoonGhae/tossinvest-cli/internal/app/engine/exitloop.go:1264.21,1266.4 1 0
github.com/JungHoonGhae/tossinvest-cli/internal/app/engine/exitloop.go:1267.3,1272.4 1 1
github.com/JungHoonGhae/tossinvest-cli/internal/app/engine/exitloop.go:1275.2,1276.16 2 1
github.com/JungHoonGhae/tossinvest-cli/internal/app/engine/exitloop.go:1276.16,1277.49 1 1
github.com/JungHoonGhae/tossinvest-cli/internal/app/engine/exitloop.go:1277.49,1282.4 1 1
github.com/JungHoonGhae/tossinvest-cli/internal/app/engine/exitloop.go:1283.3,1283.57 1 1
github.com/JungHoonGhae/tossinvest-cli/internal/app/engine/exitloop.go:1283.57,1293.4 1 1
github.com/JungHoonGhae/tossinvest-cli/internal/app/engine/exitloop.go:1294.3,1294.90 1 1
github.com/JungHoonGhae/tossinvest-cli/internal/app/engine/exitloop.go:1296.2,1296.82 1 1
github.com/JungHoonGhae/tossinvest-cli/internal/app/engine/exitloop.go:1296.82,1298.3 1 1
github.com/JungHoonGhae/tossinvest-cli/internal/app/engine/exitloop.go:1299.2,1302.24 3 1
github.com/JungHoonGhae/tossinvest-cli/internal/app/engine/exitloop.go:1305.45,1307.92 2 1
github.com/JungHoonGhae/tossinvest-cli/internal/app/engine/exitloop.go:1307.92,1309.3 1 0
github.com/JungHoonGhae/tossinvest-cli/internal/app/engine/exitloop.go:1310.2,1310.57 1 1
github.com/JungHoonGhae/tossinvest-cli/internal/app/engine/exitloop.go:1314.45,1317.2 1 1
github.com/JungHoonGhae/tossinvest-cli/internal/app/engine/exitloop.go:1323.47,1325.2 1 1
github.com/JungHoonGhae/tossinvest-cli/internal/app/engine/exitloop.go:1335.40,1336.16 1 1
github.com/JungHoonGhae/tossinvest-cli/internal/app/engine/exitloop.go:1336.16,1338.3 1 1
github.com/JungHoonGhae/tossinvest-cli/internal/app/engine/exitloop.go:1339.2,1339.25 1 1
github.com/JungHoonGhae/tossinvest-cli/internal/app/engine/exitloop.go:1344.88,1346.16 2 1
github.com/JungHoonGhae/tossinvest-cli/internal/app/engine/exitloop.go:1346.16,1348.3 1 0
github.com/JungHoonGhae/tossinvest-cli/internal/app/engine/exitloop.go:1349.2,1349.36 1 1
github.com/JungHoonGhae/tossinvest-cli/internal/app/engine/exitloop.go:1349.36,1355.3 1 1
github.com/JungHoonGhae/tossinvest-cli/internal/app/engine/exitloop.go:1357.2,1369.16 2 1
github.com/JungHoonGhae/tossinvest-cli/internal/app/engine/exitloop.go:1369.16,1372.3 2 0
github.com/JungHoonGhae/tossinvest-cli/internal/app/engine/exitloop.go:1378.2,1378.86 1 1
github.com/JungHoonGhae/tossinvest-cli/internal/app/engine/exitloop.go:1378.86,1380.3 1 0
github.com/JungHoonGhae/tossinvest-cli/internal/app/engine/exitloop.go:1382.2,1383.16 2 1
github.com/JungHoonGhae/tossinvest-cli/internal/app/engine/exitloop.go:1383.16,1386.3 2 0
github.com/JungHoonGhae/tossinvest-cli/internal/app/engine/exitloop.go:1387.2,1393.9 2 1
github.com/JungHoonGhae/tossinvest-cli/internal/app/engine/exitloop.go:1394.43,1401.13 2 1
github.com/JungHoonGhae/tossinvest-cli/internal/app/engine/exitloop.go:1402.88,1406.13 1 1
github.com/JungHoonGhae/tossinvest-cli/internal/app/engine/exitloop.go:1407.49,1409.54 2 0
github.com/JungHoonGhae/tossinvest-cli/internal/app/engine/exitloop.go:1410.10,1412.33 2 1
github.com/JungHoonGhae/tossinvest-cli/internal/app/engine/exitloop.go:1412.33,1414.4 1 0
github.com/JungHoonGhae/tossinvest-cli/internal/app/engine/exitloop.go:1415.3,1416.52 2 1
github.com/JungHoonGhae/tossinvest-cli/internal/app/engine/exitloop.go:1422.102,1423.84 1 1
github.com/JungHoonGhae/tossinvest-cli/internal/app/engine/exitloop.go:1423.84,1425.3 1 0
github.com/JungHoonGhae/tossinvest-cli/internal/app/engine/exitloop.go:1426.2,1426.12 1 1
github.com/JungHoonGhae/tossinvest-cli/internal/app/engine/exitloop.go:1440.103,1443.16 2 1
github.com/JungHoonGhae/tossinvest-cli/internal/app/engine/exitloop.go:1443.16,1445.3 1 0
github.com/JungHoonGhae/tossinvest-cli/internal/app/engine/exitloop.go:1446.2,1447.29 2 1
github.com/JungHoonGhae/tossinvest-cli/internal/app/engine/exitloop.go:1447.29,1449.27 2 1
github.com/JungHoonGhae/tossinvest-cli/internal/app/engine/exitloop.go:1449.27,1450.12 1 0
github.com/JungHoonGhae/tossinvest-cli/internal/app/engine/exitloop.go:1452.3,1464.17 2 1
github.com/JungHoonGhae/tossinvest-cli/internal/app/engine/exitloop.go:1464.17,1466.12 2 0
github.com/JungHoonGhae/tossinvest-cli/internal/app/engine/exitloop.go:1468.3,1470.33 3 1
github.com/JungHoonGhae/tossinvest-cli/internal/app/engine/exitloop.go:1470.33,1472.12 2 0
github.com/JungHoonGhae/tossinvest-cli/internal/app/engine/exitloop.go:1474.3,1485.56 2 1
github.com/JungHoonGhae/tossinvest-cli/internal/app/engine/exitloop.go:1485.56,1487.4 1 1
github.com/JungHoonGhae/tossinvest-cli/internal/app/engine/exitloop.go:1489.2,1489.12 1 1
github.com/JungHoonGhae/tossinvest-cli/internal/app/engine/exitloop.go:1489.12,1491.3 1 1
github.com/JungHoonGhae/tossinvest-cli/internal/app/engine/exitloop.go:1492.2,1492.38 1 1
github.com/JungHoonGhae/tossinvest-cli/internal/app/engine/exitloop.go:1492.38,1493.70 1 1
github.com/JungHoonGhae/tossinvest-cli/internal/app/engine/exitloop.go:1493.70,1495.4 1 0
github.com/JungHoonGhae/tossinvest-cli/internal/app/engine/exitloop.go:1497.2,1497.18 1 1
github.com/JungHoonGhae/tossinvest-cli/internal/app/engine/exitloop.go:1509.106,1510.25 1 1
github.com/JungHoonGhae/tossinvest-cli/internal/app/engine/exitloop.go:1510.25,1512.3 1 1
github.com/JungHoonGhae/tossinvest-cli/internal/app/engine/exitloop.go:1513.2,1514.16 2 1
github.com/JungHoonGhae/tossinvest-cli/internal/app/engine/exitloop.go:1514.16,1521.3 2 1
github.com/JungHoonGhae/tossinvest-cli/internal/app/engine/exitloop.go:1522.2,1522.14 1 1
github.com/JungHoonGhae/tossinvest-cli/internal/app/engine/exitloop.go:1522.14,1524.3 1 1
github.com/JungHoonGhae/tossinvest-cli/internal/app/engine/exitloop.go:1525.2,1526.16 2 1
github.com/JungHoonGhae/tossinvest-cli/internal/app/engine/exitloop.go:1526.16,1528.3 1 0
github.com/JungHoonGhae/tossinvest-cli/internal/app/engine/exitloop.go:1529.2,1529.14 1 1
github.com/JungHoonGhae/tossinvest-cli/internal/app/engine/exitloop.go:1529.14,1531.3 1 0
github.com/JungHoonGhae/tossinvest-cli/internal/app/engine/exitloop.go:1532.2,1533.16 2 1
github.com/JungHoonGhae/tossinvest-cli/internal/app/engine/exitloop.go:1533.16,1535.3 1 0
github.com/JungHoonGhae/tossinvest-cli/internal/app/engine/exitloop.go:1536.2,1552.34 2 1
github.com/JungHoonGhae/tossinvest-cli/internal/app/engine/exitloop.go:1571.106,1573.17 2 1
github.com/JungHoonGhae/tossinvest-cli/internal/app/engine/exitloop.go:1573.17,1575.3 1 0
github.com/JungHoonGhae/tossinvest-cli/internal/app/engine/exitloop.go:1576.2,1576.17 1 1
github.com/JungHoonGhae/tossinvest-cli/internal/app/engine/exitloop.go:1576.17,1579.3 1 0
github.com/JungHoonGhae/tossinvest-cli/internal/app/engine/exitloop.go:1580.2,1581.16 2 1
github.com/JungHoonGhae/tossinvest-cli/internal/app/engine/exitloop.go:1581.16,1583.3 1 0
github.com/JungHoonGhae/tossinvest-cli/internal/app/engine/exitloop.go:1584.2,1585.16 2 1
github.com/JungHoonGhae/tossinvest-cli/internal/app/engine/exitloop.go:1585.16,1587.3 1 0
github.com/JungHoonGhae/tossinvest-cli/internal/app/engine/exitloop.go:1588.2,1596.8 1 1
github.com/JungHoonGhae/tossinvest-cli/internal/app/engine/exitloop.go:1601.80,1602.23 1 1
github.com/JungHoonGhae/tossinvest-cli/internal/app/engine/exitloop.go:1602.23,1604.3 1 1
github.com/JungHoonGhae/tossinvest-cli/internal/app/engine/exitloop.go:1605.2,1617.4 2 1
github.com/JungHoonGhae/tossinvest-cli/internal/app/engine/exitloop.go:1622.82,1623.30 1 1
github.com/JungHoonGhae/tossinvest-cli/internal/app/engine/exitloop.go:1623.30,1625.3 1 1
github.com/JungHoonGhae/tossinvest-cli/internal/app/engine/exitloop.go:1626.2,1629.32 4 1
github.com/JungHoonGhae/tossinvest-cli/internal/app/engine/exitloop.go:1629.32,1631.3 1 0
github.com/JungHoonGhae/tossinvest-cli/internal/app/engine/exitloop.go:1632.2,1643.4 1 1
github.com/JungHoonGhae/tossinvest-cli/internal/app/engine/exitloop.go:1646.56,1646.89 1 1
github.com/JungHoonGhae/tossinvest-cli/internal/app/engine/exitloop.go:1652.52,1652.89 1 1
github.com/JungHoonGhae/tossinvest-cli/internal/app/engine/exitloop.go:1655.47,1671.2 1 1
github.com/JungHoonGhae/tossinvest-cli/internal/app/engine/exitloop.go:1675.78,1678.14 3 1
github.com/JungHoonGhae/tossinvest-cli/internal/app/engine/exitloop.go:1678.14,1681.3 2 1
github.com/JungHoonGhae/tossinvest-cli/internal/app/engine/exitloop.go:1682.2,1682.70 1 1
github.com/JungHoonGhae/tossinvest-cli/internal/app/engine/exitloop.go:1682.70,1684.3 1 0
github.com/JungHoonGhae/tossinvest-cli/internal/app/engine/exitloop.go:1685.2,1698.4 2 1
github.com/JungHoonGhae/tossinvest-cli/internal/app/engine/exitloop.go:1701.54,1704.2 2 1
github.com/JungHoonGhae/tossinvest-cli/internal/app/engine/exitloop.go:1706.64,1707.26 1 1
github.com/JungHoonGhae/tossinvest-cli/internal/app/engine/exitloop.go:1707.26,1709.3 1 1
github.com/JungHoonGhae/tossinvest-cli/internal/app/engine/exitloop.go:1710.2,1710.53 1 1
github.com/JungHoonGhae/tossinvest-cli/internal/app/engine/exitloop.go:1710.53,1712.3 1 0
github.com/JungHoonGhae/tossinvest-cli/internal/app/engine/exitloop.go:1715.69,1716.23 1 1
github.com/JungHoonGhae/tossinvest-cli/internal/app/engine/exitloop.go:1716.23,1718.3 1 1
github.com/JungHoonGhae/tossinvest-cli/internal/app/engine/exitloop.go:1719.2,1719.10 1 0
github.com/JungHoonGhae/tossinvest-cli/internal/app/engine/exitloop.go:1719.10,1722.3 2 0
github.com/JungHoonGhae/tossinvest-cli/internal/app/engine/exitloop.go:1723.2,1723.30 1 0
github.com/JungHoonGhae/tossinvest-cli/internal/app/engine/exitloop.go:1726.74,1727.23 1 1
github.com/JungHoonGhae/tossinvest-cli/internal/app/engine/exitloop.go:1727.23,1729.3 1 1
github.com/JungHoonGhae/tossinvest-cli/internal/app/engine/exitloop.go:1730.2,1730.88 1 1
github.com/JungHoonGhae/tossinvest-cli/internal/app/engine/exitloop.go:1735.43,1738.27 3 1
github.com/JungHoonGhae/tossinvest-cli/internal/app/engine/exitloop.go:1738.27,1740.35 2 1
github.com/JungHoonGhae/tossinvest-cli/internal/app/engine/exitloop.go:1740.35,1741.12 1 0
github.com/JungHoonGhae/tossinvest-cli/internal/app/engine/exitloop.go:1743.3,1744.28 2 1
github.com/JungHoonGhae/tossinvest-cli/internal/app/engine/exitloop.go:1746.2,1747.12 2 1
github.com/JungHoonGhae/tossinvest-cli/internal/app/engine/exitloop.go:1759.64,1761.2 1 0
github.com/JungHoonGhae/tossinvest-cli/internal/app/engine/exitloop.go:1763.36,1765.13 2 1
github.com/JungHoonGhae/tossinvest-cli/internal/app/engine/exitloop.go:1765.13,1767.3 1 0
github.com/JungHoonGhae/tossinvest-cli/internal/app/engine/exitloop.go:1768.2,1769.32 2 1
github.com/JungHoonGhae/tossinvest-cli/internal/app/engine/exitloop.go:1773.34,1773.80 1 1
github.com/JungHoonGhae/tossinvest-cli/internal/app/engine/exitloop.go:1779.48,1781.16 2 1
github.com/JungHoonGhae/tossinvest-cli/internal/app/engine/exitloop.go:1781.16,1783.3 1 0
github.com/JungHoonGhae/tossinvest-cli/internal/app/engine/exitloop.go:1784.2,1784.15 1 1
github.com/JungHoonGhae/tossinvest-cli/internal/app/engine/exitloop.go:1787.40,1788.56 1 1
github.com/JungHoonGhae/tossinvest-cli/internal/app/engine/exitloop.go:1788.56,1790.3 1 0
github.com/JungHoonGhae/tossinvest-cli/internal/app/engine/exitloop.go:1791.2,1791.14 1 1
github.com/JungHoonGhae/tossinvest-cli/internal/app/engine/exitloop.go:1794.28,1796.43 2 0
github.com/JungHoonGhae/tossinvest-cli/internal/app/engine/exitloop.go:1796.43,1799.76 1 0
github.com/JungHoonGhae/tossinvest-cli/internal/app/engine/exitloop.go:1801.2,1801.43 1 0
github.com/JungHoonGhae/tossinvest-cli/internal/app/engine/exitwiring.go:46.95,56.2 1 1
github.com/JungHoonGhae/tossinvest-cli/internal/app/engine/exitwiring.go:72.75,81.2 1 1
github.com/JungHoonGhae/tossinvest-cli/internal/app/engine/exitwiring.go:99.47,100.23 1 0
github.com/JungHoonGhae/tossinvest-cli/internal/app/engine/exitwiring.go:100.23,102.3 1 0
github.com/JungHoonGhae/tossinvest-cli/internal/app/engine/exitwiring.go:103.2,120.4 1 0
github.com/JungHoonGhae/tossinvest-cli/internal/app/engine/exitwiring.go:133.43,134.23 1 0
github.com/JungHoonGhae/tossinvest-cli/internal/app/engine/exitwiring.go:134.23,136.3 1 0
github.com/JungHoonGhae/tossinvest-cli/internal/app/engine/exitwiring.go:137.2,138.19 2 0
github.com/JungHoonGhae/tossinvest-cli/internal/app/engine/exitwiring.go:138.19,140.3 1 0
github.com/JungHoonGhae/tossinvest-cli/internal/app/engine/exitwiring.go:141.2,159.4 1 0
github.com/JungHoonGhae/tossinvest-cli/internal/app/engine/exitwiring.go:193.40,194.55 1 0
github.com/JungHoonGhae/tossinvest-cli/internal/app/engine/exitwiring.go:194.55,196.3 1 0
github.com/JungHoonGhae/tossinvest-cli/internal/app/engine/exitwiring.go:197.2,197.77 1 0
github.com/JungHoonGhae/tossinvest-cli/internal/app/engine/exitwiring.go:197.77,201.3 1 0
github.com/JungHoonGhae/tossinvest-cli/internal/app/engine/exitwiring.go:203.2,207.87 2 0
github.com/JungHoonGhae/tossinvest-cli/internal/app/engine/exitwiring.go:207.87,209.17 2 0
github.com/JungHoonGhae/tossinvest-cli/internal/app/engine/exitwiring.go:209.17,211.4 1 0
github.com/JungHoonGhae/tossinvest-cli/internal/app/engine/exitwiring.go:212.3,212.31 1 0
github.com/JungHoonGhae/tossinvest-cli/internal/app/engine/exitwiring.go:212.31,213.82 1 0
github.com/JungHoonGhae/tossinvest-cli/internal/app/engine/exitwiring.go:213.82,214.13 1 0
github.com/JungHoonGhae/tossinvest-cli/internal/app/engine/exitwiring.go:216.4,218.5 1 0
github.com/JungHoonGhae/tossinvest-cli/internal/app/engine/exitwiring.go:220.3,220.22 1 0
github.com/JungHoonGhae/tossinvest-cli/internal/app/engine/exitwiring.go:220.22,224.4 1 0
github.com/JungHoonGhae/tossinvest-cli/internal/app/engine/exitwiring.go:225.3,225.13 1 0
github.com/JungHoonGhae/tossinvest-cli/internal/app/engine/exitwiring.go:226.17,229.3 1 0
github.com/JungHoonGhae/tossinvest-cli/internal/app/engine/exitwiring.go:231.2,231.87 1 0
github.com/JungHoonGhae/tossinvest-cli/internal/app/engine/exitwiring.go:231.87,233.17 2 0
github.com/JungHoonGhae/tossinvest-cli/internal/app/engine/exitwiring.go:233.17,235.4 1 0
github.com/JungHoonGhae/tossinvest-cli/internal/app/engine/exitwiring.go:236.3,237.13 2 0
github.com/JungHoonGhae/tossinvest-cli/internal/app/engine/exitwiring.go:238.17,241.3 1 0
github.com/JungHoonGhae/tossinvest-cli/internal/app/engine/exitwiring.go:243.2,244.16 2 0
github.com/JungHoonGhae/tossinvest-cli/internal/app/engine/exitwiring.go:244.16,246.3 1 0
github.com/JungHoonGhae/tossinvest-cli/internal/app/engine/exitwiring.go:247.2,254.16 2 0
github.com/JungHoonGhae/tossinvest-cli/internal/app/engine/exitwiring.go:254.16,256.3 1 0
github.com/JungHoonGhae/tossinvest-cli/internal/app/engine/exitwiring.go:257.2,257.25 1 0
github.com/JungHoonGhae/tossinvest-cli/internal/app/engine/exitwiring.go:265.101,267.16 2 0
github.com/JungHoonGhae/tossinvest-cli/internal/app/engine/exitwiring.go:267.16,269.3 1 0
github.com/JungHoonGhae/tossinvest-cli/internal/app/engine/exitwiring.go:270.2,271.29 2 0
github.com/JungHoonGhae/tossinvest-cli/internal/app/engine/exitwiring.go:271.29,272.64 1 0
github.com/JungHoonGhae/tossinvest-cli/internal/app/engine/exitwiring.go:272.64,273.12 1 0
github.com/JungHoonGhae/tossinvest-cli/internal/app/engine/exitwiring.go:275.3,276.17 2 0
github.com/JungHoonGhae/tossinvest-cli/internal/app/engine/exitwiring.go:276.17,278.4 1 0
github.com/JungHoonGhae/tossinvest-cli/internal/app/engine/exitwiring.go:280.2,280.19 1 0
github.com/JungHoonGhae/tossinvest-cli/internal/app/engine/exitwiring.go:283.38,284.32 1 0
github.com/JungHoonGhae/tossinvest-cli/internal/app/engine/exitwiring.go:284.32,286.3 1 0
github.com/JungHoonGhae/tossinvest-cli/internal/app/engine/exitwiring.go:287.2,287.29 1 0
github.com/JungHoonGhae/tossinvest-cli/internal/app/engine/exitwiring.go:319.81,320.14 1 1
github.com/JungHoonGhae/tossinvest-cli/internal/app/engine/exitwiring.go:320.14,322.3 1 0
github.com/JungHoonGhae/tossinvest-cli/internal/app/engine/exitwiring.go:323.2,323.28 1 1
github.com/JungHoonGhae/tossinvest-cli/internal/app/engine/exitwiring.go:323.28,325.3 1 1
github.com/JungHoonGhae/tossinvest-cli/internal/app/engine/exitwiring.go:326.2,327.9 2 1
github.com/JungHoonGhae/tossinvest-cli/internal/app/engine/exitwiring.go:327.9,330.3 1 0
github.com/JungHoonGhae/tossinvest-cli/internal/app/engine/exitwiring.go:331.2,338.23 8 1
github.com/JungHoonGhae/tossinvest-cli/internal/app/engine/exitwiring.go:338.23,340.3 1 1
github.com/JungHoonGhae/tossinvest-cli/internal/app/engine/exitwiring.go:341.2,341.45 1 1
github.com/JungHoonGhae/tossinvest-cli/internal/app/engine/exitwiring.go:341.45,343.3 1 1
github.com/JungHoonGhae/tossinvest-cli/internal/app/engine/exitwiring.go:344.2,344.23 1 1
github.com/JungHoonGhae/tossinvest-cli/internal/app/engine/exitwiring.go:344.23,346.3 1 1
github.com/JungHoonGhae/tossinvest-cli/internal/app/engine/exitwiring.go:347.2,347.30 1 1
github.com/JungHoonGhae/tossinvest-cli/internal/app/engine/exitwiring.go:377.32,378.19 1 1
github.com/JungHoonGhae/tossinvest-cli/internal/app/engine/exitwiring.go:378.19,380.3 1 0
github.com/JungHoonGhae/tossinvest-cli/internal/app/engine/exitwiring.go:381.2,381.16 1 1
github.com/JungHoonGhae/tossinvest-cli/internal/app/engine/exitwiring.go:381.16,383.3 1 0
github.com/JungHoonGhae/tossinvest-cli/internal/app/engine/exitwiring.go:384.2,384.6 1 1
github.com/JungHoonGhae/tossinvest-cli/internal/app/engine/exitwiring.go:384.6,385.35 1 1
github.com/JungHoonGhae/tossinvest-cli/internal/app/engine/exitwiring.go:385.35,387.4 1 0
github.com/JungHoonGhae/tossinvest-cli/internal/app/engine/exitwiring.go:388.3,389.50 2 1
github.com/JungHoonGhae/tossinvest-cli/internal/app/engine/exitwiring.go:389.50,391.4 1 1
github.com/JungHoonGhae/tossinvest-cli/internal/app/engine/exitwiring.go:398.81,399.34 1 1
github.com/JungHoonGhae/tossinvest-cli/internal/app/engine/exitwiring.go:399.34,401.3 1 0
github.com/JungHoonGhae/tossinvest-cli/internal/app/engine/exitwiring.go:402.2,403.9 2 1
github.com/JungHoonGhae/tossinvest-cli/internal/app/engine/exitwiring.go:404.18,408.19 1 1
github.com/JungHoonGhae/tossinvest-cli/internal/app/engine/exitwiring.go:408.19,412.4 1 0
github.com/JungHoonGhae/tossinvest-cli/internal/app/engine/exitwiring.go:413.34,417.76 1 0
