mode: set
github.com/JungHoonGhae/tossinvest-cli/internal/journal/apply_hook.go:198.57,199.72 1 1
github.com/JungHoonGhae/tossinvest-cli/internal/journal/apply_hook.go:199.72,202.3 1 1
github.com/JungHoonGhae/tossinvest-cli/internal/journal/apply_hook.go:203.2,205.93 3 1
github.com/JungHoonGhae/tossinvest-cli/internal/journal/apply_hook.go:205.93,208.3 1 1
github.com/JungHoonGhae/tossinvest-cli/internal/journal/apply_hook.go:209.2,210.12 2 1
github.com/JungHoonGhae/tossinvest-cli/internal/journal/apply_hook.go:228.42,232.2 3 0
github.com/JungHoonGhae/tossinvest-cli/internal/journal/apply_hook.go:244.43,248.2 3 0
github.com/JungHoonGhae/tossinvest-cli/internal/journal/apply_hook.go:253.47,257.2 3 1
github.com/JungHoonGhae/tossinvest-cli/internal/journal/apply_hook.go:264.90,268.72 4 1
github.com/JungHoonGhae/tossinvest-cli/internal/journal/apply_hook.go:268.72,270.3 1 1
github.com/JungHoonGhae/tossinvest-cli/internal/journal/apply_hook.go:272.2,275.26 3 1
github.com/JungHoonGhae/tossinvest-cli/internal/journal/apply_hook.go:275.26,276.58 1 1
github.com/JungHoonGhae/tossinvest-cli/internal/journal/apply_hook.go:276.58,278.4 1 1
github.com/JungHoonGhae/tossinvest-cli/internal/journal/apply_hook.go:280.2,280.27 1 1
github.com/JungHoonGhae/tossinvest-cli/internal/journal/apply_hook.go:280.27,281.59 1 1
github.com/JungHoonGhae/tossinvest-cli/internal/journal/apply_hook.go:281.59,284.4 1 1
github.com/JungHoonGhae/tossinvest-cli/internal/journal/apply_hook.go:285.3,285.74 1 1
github.com/JungHoonGhae/tossinvest-cli/internal/journal/apply_hook.go:285.74,287.4 1 0
github.com/JungHoonGhae/tossinvest-cli/internal/journal/apply_hook.go:289.2,289.23 1 1
github.com/JungHoonGhae/tossinvest-cli/internal/journal/apply_hook.go:289.23,290.55 1 1
github.com/JungHoonGhae/tossinvest-cli/internal/journal/apply_hook.go:290.55,293.4 1 1
github.com/JungHoonGhae/tossinvest-cli/internal/journal/apply_hook.go:295.2,295.12 1 1
github.com/JungHoonGhae/tossinvest-cli/internal/journal/apply_hook.go:315.32,315.56 1 1
github.com/JungHoonGhae/tossinvest-cli/internal/journal/apply_hook.go:318.32,319.29 1 1
github.com/JungHoonGhae/tossinvest-cli/internal/journal/apply_hook.go:319.29,321.3 1 1
github.com/JungHoonGhae/tossinvest-cli/internal/journal/apply_hook.go:322.2,322.21 1 1
github.com/JungHoonGhae/tossinvest-cli/internal/journal/apply_hook.go:322.21,324.3 1 1
github.com/JungHoonGhae/tossinvest-cli/internal/journal/apply_hook.go:325.2,325.12 1 1
github.com/JungHoonGhae/tossinvest-cli/internal/journal/apply_hook.go:331.32,331.48 1 1
github.com/JungHoonGhae/tossinvest-cli/internal/journal/apply_hook.go:354.38,354.70 1 1
github.com/JungHoonGhae/tossinvest-cli/internal/journal/apply_hook.go:357.94,358.33 1 1
github.com/JungHoonGhae/tossinvest-cli/internal/journal/apply_hook.go:358.33,360.3 1 1
github.com/JungHoonGhae/tossinvest-cli/internal/journal/apply_hook.go:361.2,373.35 4 1
github.com/JungHoonGhae/tossinvest-cli/internal/journal/apply_hook.go:373.35,375.3 1 1
github.com/JungHoonGhae/tossinvest-cli/internal/journal/apply_hook.go:376.2,376.16 1 1
github.com/JungHoonGhae/tossinvest-cli/internal/journal/apply_hook.go:376.16,378.3 1 0
github.com/JungHoonGhae/tossinvest-cli/internal/journal/apply_hook.go:379.2,385.19 7 1
github.com/JungHoonGhae/tossinvest-cli/internal/journal/apply_hook.go:397.92,398.33 1 1
github.com/JungHoonGhae/tossinvest-cli/internal/journal/apply_hook.go:398.33,400.3 1 1
github.com/JungHoonGhae/tossinvest-cli/internal/journal/apply_hook.go:401.2,403.16 3 1
github.com/JungHoonGhae/tossinvest-cli/internal/journal/apply_hook.go:403.16,405.3 1 1
github.com/JungHoonGhae/tossinvest-cli/internal/journal/apply_hook.go:406.2,407.16 2 1
github.com/JungHoonGhae/tossinvest-cli/internal/journal/apply_hook.go:407.16,409.3 1 0
github.com/JungHoonGhae/tossinvest-cli/internal/journal/apply_hook.go:410.2,410.14 1 1
github.com/JungHoonGhae/tossinvest-cli/internal/journal/apply_hook.go:410.14,412.3 1 1
github.com/JungHoonGhae/tossinvest-cli/internal/journal/apply_hook.go:413.2,413.64 1 1
github.com/JungHoonGhae/tossinvest-cli/internal/journal/apply_hook.go:413.64,415.3 1 0
github.com/JungHoonGhae/tossinvest-cli/internal/journal/apply_hook.go:415.8,415.20 1 1
github.com/JungHoonGhae/tossinvest-cli/internal/journal/apply_hook.go:415.20,418.3 1 1
github.com/JungHoonGhae/tossinvest-cli/internal/journal/apply_hook.go:420.2,421.16 2 1
github.com/JungHoonGhae/tossinvest-cli/internal/journal/apply_hook.go:421.16,423.3 1 0
github.com/JungHoonGhae/tossinvest-cli/internal/journal/apply_hook.go:424.2,425.16 2 1
github.com/JungHoonGhae/tossinvest-cli/internal/journal/apply_hook.go:425.16,427.3 1 0
github.com/JungHoonGhae/tossinvest-cli/internal/journal/apply_hook.go:428.2,428.13 1 1
github.com/JungHoonGhae/tossinvest-cli/internal/journal/apply_hook.go:428.13,432.3 1 1
github.com/JungHoonGhae/tossinvest-cli/internal/journal/apply_hook.go:434.2,436.32 1 1
github.com/JungHoonGhae/tossinvest-cli/internal/journal/apply_hook.go:436.32,438.3 1 0
github.com/JungHoonGhae/tossinvest-cli/internal/journal/apply_hook.go:439.2,439.12 1 1
github.com/JungHoonGhae/tossinvest-cli/internal/journal/apply_hook.go:450.80,451.33 1 1
github.com/JungHoonGhae/tossinvest-cli/internal/journal/apply_hook.go:451.33,453.3 1 1
github.com/JungHoonGhae/tossinvest-cli/internal/journal/apply_hook.go:454.2,459.52 2 1
github.com/JungHoonGhae/tossinvest-cli/internal/journal/apply_hook.go:459.52,461.3 1 0
github.com/JungHoonGhae/tossinvest-cli/internal/journal/apply_hook.go:462.2,462.12 1 1
github.com/JungHoonGhae/tossinvest-cli/internal/journal/apply_hook.go:473.92,474.33 1 1
github.com/JungHoonGhae/tossinvest-cli/internal/journal/apply_hook.go:474.33,476.3 1 1
github.com/JungHoonGhae/tossinvest-cli/internal/journal/apply_hook.go:477.2,477.50 1 1
github.com/JungHoonGhae/tossinvest-cli/internal/journal/apply_hook.go:477.50,481.3 1 1
github.com/JungHoonGhae/tossinvest-cli/internal/journal/apply_hook.go:482.2,482.46 1 1
github.com/JungHoonGhae/tossinvest-cli/internal/journal/apply_hook.go:491.92,492.33 1 1
github.com/JungHoonGhae/tossinvest-cli/internal/journal/apply_hook.go:492.33,494.3 1 1
github.com/JungHoonGhae/tossinvest-cli/internal/journal/apply_hook.go:495.2,495.47 1 1
github.com/JungHoonGhae/tossinvest-cli/internal/journal/apply_hook.go:507.49,509.40 2 1
github.com/JungHoonGhae/tossinvest-cli/internal/journal/apply_hook.go:509.40,510.40 1 1
github.com/JungHoonGhae/tossinvest-cli/internal/journal/apply_hook.go:510.40,512.4 1 1
github.com/JungHoonGhae/tossinvest-cli/internal/journal/apply_hook.go:514.2,514.18 1 1
github.com/JungHoonGhae/tossinvest-cli/internal/journal/apply_hook.go:578.35,578.67 1 1
github.com/JungHoonGhae/tossinvest-cli/internal/journal/apply_hook.go:601.55,604.2 2 1
github.com/JungHoonGhae/tossinvest-cli/internal/journal/apply_hook.go:607.88,610.2 1 1
github.com/JungHoonGhae/tossinvest-cli/internal/journal/apply_hook.go:621.95,627.16 3 1
github.com/JungHoonGhae/tossinvest-cli/internal/journal/apply_hook.go:627.16,629.3 1 0
github.com/JungHoonGhae/tossinvest-cli/internal/journal/apply_hook.go:630.2,633.18 3 1
github.com/JungHoonGhae/tossinvest-cli/internal/journal/apply_hook.go:633.18,635.17 2 1
github.com/JungHoonGhae/tossinvest-cli/internal/journal/apply_hook.go:635.17,637.4 1 0
github.com/JungHoonGhae/tossinvest-cli/internal/journal/apply_hook.go:638.3,638.27 1 1
github.com/JungHoonGhae/tossinvest-cli/internal/journal/apply_hook.go:640.2,640.35 1 1
github.com/JungHoonGhae/tossinvest-cli/internal/journal/apply_hook.go:640.35,642.3 1 0
github.com/JungHoonGhae/tossinvest-cli/internal/journal/apply_hook.go:643.2,643.17 1 1
github.com/JungHoonGhae/tossinvest-cli/internal/journal/apply_hook.go:656.43,660.35 3 1
github.com/JungHoonGhae/tossinvest-cli/internal/journal/apply_hook.go:660.35,662.3 1 0
github.com/JungHoonGhae/tossinvest-cli/internal/journal/apply_hook.go:663.2,663.16 1 1
github.com/JungHoonGhae/tossinvest-cli/internal/journal/apply_hook.go:663.16,665.3 1 0
github.com/JungHoonGhae/tossinvest-cli/internal/journal/apply_hook.go:666.2,666.44 1 1
github.com/JungHoonGhae/tossinvest-cli/internal/journal/apply_hook.go:666.44,668.3 1 1
github.com/JungHoonGhae/tossinvest-cli/internal/journal/apply_hook.go:669.2,673.100 1 1
github.com/JungHoonGhae/tossinvest-cli/internal/journal/apply_hook.go:673.100,675.3 1 0
github.com/JungHoonGhae/tossinvest-cli/internal/journal/apply_hook.go:676.2,676.12 1 1
github.com/JungHoonGhae/tossinvest-cli/internal/journal/apply_hook.go:684.60,688.16 3 1
github.com/JungHoonGhae/tossinvest-cli/internal/journal/apply_hook.go:688.16,690.3 1 0
github.com/JungHoonGhae/tossinvest-cli/internal/journal/apply_hook.go:691.2,691.62 1 1
github.com/JungHoonGhae/tossinvest-cli/internal/journal/apply_hook.go:700.88,702.16 2 1
github.com/JungHoonGhae/tossinvest-cli/internal/journal/apply_hook.go:702.16,704.3 1 0
github.com/JungHoonGhae/tossinvest-cli/internal/journal/apply_hook.go:705.2,708.66 3 1
github.com/JungHoonGhae/tossinvest-cli/internal/journal/apply_hook.go:708.66,710.3 1 0
github.com/JungHoonGhae/tossinvest-cli/internal/journal/apply_hook.go:711.2,715.16 4 1
github.com/JungHoonGhae/tossinvest-cli/internal/journal/apply_hook.go:715.16,717.3 1 0
github.com/JungHoonGhae/tossinvest-cli/internal/journal/apply_hook.go:718.2,730.16 2 1
github.com/JungHoonGhae/tossinvest-cli/internal/journal/apply_hook.go:730.16,732.3 1 0
github.com/JungHoonGhae/tossinvest-cli/internal/journal/apply_hook.go:733.2,734.16 2 1
github.com/JungHoonGhae/tossinvest-cli/internal/journal/apply_hook.go:734.16,736.3 1 0
github.com/JungHoonGhae/tossinvest-cli/internal/journal/apply_hook.go:737.2,737.19 1 1
github.com/JungHoonGhae/tossinvest-cli/internal/journal/apply_hook.go:737.19,739.3 1 0
github.com/JungHoonGhae/tossinvest-cli/internal/journal/apply_hook.go:740.2,744.4 1 1
github.com/JungHoonGhae/tossinvest-cli/internal/journal/apply_hook.go:755.92,758.18 3 1
github.com/JungHoonGhae/tossinvest-cli/internal/journal/apply_hook.go:758.18,760.3 1 0
github.com/JungHoonGhae/tossinvest-cli/internal/journal/apply_hook.go:761.2,764.16 3 1
github.com/JungHoonGhae/tossinvest-cli/internal/journal/apply_hook.go:764.16,766.3 1 0
github.com/JungHoonGhae/tossinvest-cli/internal/journal/apply_hook.go:767.2,773.35 4 1
github.com/JungHoonGhae/tossinvest-cli/internal/journal/apply_hook.go:773.35,775.3 1 0
github.com/JungHoonGhae/tossinvest-cli/internal/journal/apply_hook.go:776.2,776.16 1 1
github.com/JungHoonGhae/tossinvest-cli/internal/journal/apply_hook.go:776.16,778.3 1 0
github.com/JungHoonGhae/tossinvest-cli/internal/journal/apply_hook.go:779.2,779.44 1 1
github.com/JungHoonGhae/tossinvest-cli/internal/journal/apply_hook.go:779.44,782.3 1 1
github.com/JungHoonGhae/tossinvest-cli/internal/journal/apply_hook.go:783.2,783.87 1 1
github.com/JungHoonGhae/tossinvest-cli/internal/journal/apply_hook.go:783.87,787.3 1 1
github.com/JungHoonGhae/tossinvest-cli/internal/journal/apply_hook.go:789.2,791.32 1 1
github.com/JungHoonGhae/tossinvest-cli/internal/journal/apply_hook.go:791.32,793.3 1 0
github.com/JungHoonGhae/tossinvest-cli/internal/journal/apply_hook.go:794.2,794.36 1 1
github.com/JungHoonGhae/tossinvest-cli/internal/journal/apply_hook.go:794.36,796.3 1 0
github.com/JungHoonGhae/tossinvest-cli/internal/journal/apply_hook.go:797.2,797.12 1 1
github.com/JungHoonGhae/tossinvest-cli/internal/journal/apply_hook.go:826.39,829.20 3 1
github.com/JungHoonGhae/tossinvest-cli/internal/journal/apply_hook.go:830.23,830.23 0 1
github.com/JungHoonGhae/tossinvest-cli/internal/journal/apply_hook.go:831.25,832.38 1 1
github.com/JungHoonGhae/tossinvest-cli/internal/journal/apply_hook.go:833.10,835.59 1 0
github.com/JungHoonGhae/tossinvest-cli/internal/journal/apply_hook.go:837.2,840.16 3 1
github.com/JungHoonGhae/tossinvest-cli/internal/journal/apply_hook.go:840.16,842.3 1 0
github.com/JungHoonGhae/tossinvest-cli/internal/journal/apply_hook.go:843.2,851.35 5 1
github.com/JungHoonGhae/tossinvest-cli/internal/journal/apply_hook.go:851.35,853.3 1 0
github.com/JungHoonGhae/tossinvest-cli/internal/journal/apply_hook.go:854.2,854.16 1 1
github.com/JungHoonGhae/tossinvest-cli/internal/journal/apply_hook.go:854.16,856.3 1 0
github.com/JungHoonGhae/tossinvest-cli/internal/journal/apply_hook.go:857.2,857.51 1 1
github.com/JungHoonGhae/tossinvest-cli/internal/journal/apply_hook.go:857.51,859.3 1 1
github.com/JungHoonGhae/tossinvest-cli/internal/journal/apply_hook.go:861.2,864.49 1 1
github.com/JungHoonGhae/tossinvest-cli/internal/journal/apply_hook.go:864.49,866.3 1 0
github.com/JungHoonGhae/tossinvest-cli/internal/journal/apply_hook.go:867.2,867.30 1 1
github.com/JungHoonGhae/tossinvest-cli/internal/journal/apply_hook.go:867.30,868.92 1 1
github.com/JungHoonGhae/tossinvest-cli/internal/journal/apply_hook.go:868.92,869.67 1 1
github.com/JungHoonGhae/tossinvest-cli/internal/journal/apply_hook.go:869.67,871.5 1 0
github.com/JungHoonGhae/tossinvest-cli/internal/journal/apply_hook.go:874.2,877.17 1 1
github.com/JungHoonGhae/tossinvest-cli/internal/journal/apply_hook.go:877.17,879.3 1 0
github.com/JungHoonGhae/tossinvest-cli/internal/journal/apply_hook.go:880.2,880.36 1 1
github.com/JungHoonGhae/tossinvest-cli/internal/journal/apply_hook.go:880.36,882.3 1 0
github.com/JungHoonGhae/tossinvest-cli/internal/journal/apply_hook.go:883.2,883.12 1 1
github.com/JungHoonGhae/tossinvest-cli/internal/journal/apply_hook.go:922.78,924.16 2 1
github.com/JungHoonGhae/tossinvest-cli/internal/journal/apply_hook.go:924.16,926.3 1 0
github.com/JungHoonGhae/tossinvest-cli/internal/journal/apply_hook.go:927.2,927.12 1 1
github.com/JungHoonGhae/tossinvest-cli/internal/journal/apply_hook.go:927.12,931.3 1 0
github.com/JungHoonGhae/tossinvest-cli/internal/journal/apply_hook.go:933.2,934.42 2 1
github.com/JungHoonGhae/tossinvest-cli/internal/journal/apply_hook.go:934.42,938.3 1 1
github.com/JungHoonGhae/tossinvest-cli/internal/journal/apply_hook.go:939.2,939.16 1 1
github.com/JungHoonGhae/tossinvest-cli/internal/journal/apply_hook.go:939.16,941.3 1 0
github.com/JungHoonGhae/tossinvest-cli/internal/journal/apply_hook.go:943.2,943.62 1 1
github.com/JungHoonGhae/tossinvest-cli/internal/journal/apply_hook.go:943.62,946.17 2 1
github.com/JungHoonGhae/tossinvest-cli/internal/journal/apply_hook.go:946.17,949.4 1 0
github.com/JungHoonGhae/tossinvest-cli/internal/journal/apply_hook.go:950.3,950.83 1 1
github.com/JungHoonGhae/tossinvest-cli/internal/journal/apply_hook.go:950.83,953.4 1 0
github.com/JungHoonGhae/tossinvest-cli/internal/journal/apply_hook.go:953.9,953.21 1 1
github.com/JungHoonGhae/tossinvest-cli/internal/journal/apply_hook.go:953.21,954.78 1 1
github.com/JungHoonGhae/tossinvest-cli/internal/journal/apply_hook.go:954.78,956.5 1 0
github.com/JungHoonGhae/tossinvest-cli/internal/journal/apply_hook.go:960.2,961.43 1 1
github.com/JungHoonGhae/tossinvest-cli/internal/journal/apply_hook.go:961.43,962.66 1 1
github.com/JungHoonGhae/tossinvest-cli/internal/journal/apply_hook.go:962.66,964.4 1 0
github.com/JungHoonGhae/tossinvest-cli/internal/journal/apply_hook.go:965.3,969.18 1 1
github.com/JungHoonGhae/tossinvest-cli/internal/journal/apply_hook.go:969.18,971.4 1 0
github.com/JungHoonGhae/tossinvest-cli/internal/journal/apply_hook.go:974.2,974.63 1 1
github.com/JungHoonGhae/tossinvest-cli/internal/journal/apply_hook.go:974.63,975.72 1 1
github.com/JungHoonGhae/tossinvest-cli/internal/journal/apply_hook.go:975.72,977.4 1 0
github.com/JungHoonGhae/tossinvest-cli/internal/journal/apply_hook.go:984.3,984.60 1 1
github.com/JungHoonGhae/tossinvest-cli/internal/journal/apply_hook.go:986.2,986.12 1 1
github.com/JungHoonGhae/tossinvest-cli/internal/journal/exit_observation_refresh.go:39.101,41.14 2 1
github.com/JungHoonGhae/tossinvest-cli/internal/journal/exit_observation_refresh.go:41.14,43.3 1 1
github.com/JungHoonGhae/tossinvest-cli/internal/journal/exit_observation_refresh.go:44.2,44.83 1 1
github.com/JungHoonGhae/tossinvest-cli/internal/journal/exit_observation_refresh.go:44.83,45.17 1 1
github.com/JungHoonGhae/tossinvest-cli/internal/journal/exit_observation_refresh.go:45.17,47.4 1 1
github.com/JungHoonGhae/tossinvest-cli/internal/journal/exit_observation_refresh.go:48.3,48.95 1 1
github.com/JungHoonGhae/tossinvest-cli/internal/journal/exit_observation_refresh.go:50.2,53.5 1 1
github.com/JungHoonGhae/tossinvest-cli/internal/journal/exit_observation_refresh.go:53.5,55.3 1 1
github.com/JungHoonGhae/tossinvest-cli/internal/journal/exit_observation_refresh.go:56.2,56.33 1 1
github.com/JungHoonGhae/tossinvest-cli/internal/journal/exit_observation_refresh.go:56.33,58.3 1 1
github.com/JungHoonGhae/tossinvest-cli/internal/journal/exit_observation_refresh.go:59.2,60.53 2 1
github.com/JungHoonGhae/tossinvest-cli/internal/journal/exit_observation_refresh.go:60.53,62.3 1 1
github.com/JungHoonGhae/tossinvest-cli/internal/journal/exit_observation_refresh.go:63.2,63.81 1 1
github.com/JungHoonGhae/tossinvest-cli/internal/journal/exit_observation_refresh.go:63.81,65.3 1 1
github.com/JungHoonGhae/tossinvest-cli/internal/journal/exit_observation_refresh.go:66.2,76.76 3 1
github.com/JungHoonGhae/tossinvest-cli/internal/journal/exit_observation_refresh.go:76.76,78.3 1 1
github.com/JungHoonGhae/tossinvest-cli/internal/journal/exit_observation_refresh.go:79.2,80.16 2 1
github.com/JungHoonGhae/tossinvest-cli/internal/journal/exit_observation_refresh.go:80.16,82.3 1 0
github.com/JungHoonGhae/tossinvest-cli/internal/journal/exit_observation_refresh.go:83.2,85.16 3 1
github.com/JungHoonGhae/tossinvest-cli/internal/journal/exit_observation_refresh.go:85.16,87.3 1 0
github.com/JungHoonGhae/tossinvest-cli/internal/journal/exit_observation_refresh.go:88.2,88.23 1 1
github.com/JungHoonGhae/tossinvest-cli/internal/journal/exit_observation_refresh.go:88.23,90.3 1 1
github.com/JungHoonGhae/tossinvest-cli/internal/journal/exit_observation_refresh.go:91.2,91.30 1 1
github.com/JungHoonGhae/tossinvest-cli/internal/journal/exit_observation_refresh.go:91.30,93.3 1 1
github.com/JungHoonGhae/tossinvest-cli/internal/journal/exit_observation_refresh.go:94.2,95.16 2 1
github.com/JungHoonGhae/tossinvest-cli/internal/journal/exit_observation_refresh.go:95.16,97.3 1 0
github.com/JungHoonGhae/tossinvest-cli/internal/journal/exit_observation_refresh.go:98.2,98.58 1 1
github.com/JungHoonGhae/tossinvest-cli/internal/journal/exit_observation_refresh.go:98.58,100.3 1 1
github.com/JungHoonGhae/tossinvest-cli/internal/journal/exit_observation_refresh.go:101.2,102.28 2 1
github.com/JungHoonGhae/tossinvest-cli/internal/journal/exit_observation_refresh.go:102.28,104.3 1 0
github.com/JungHoonGhae/tossinvest-cli/internal/journal/exit_observation_refresh.go:105.2,105.54 1 1
github.com/JungHoonGhae/tossinvest-cli/internal/journal/exit_observation_refresh.go:105.54,107.3 1 1
github.com/JungHoonGhae/tossinvest-cli/internal/journal/exit_observation_refresh.go:108.2,112.35 4 1
github.com/JungHoonGhae/tossinvest-cli/internal/journal/exit_observation_refresh.go:112.35,114.3 1 1
github.com/JungHoonGhae/tossinvest-cli/internal/journal/exit_observation_refresh.go:114.8,114.23 1 1
github.com/JungHoonGhae/tossinvest-cli/internal/journal/exit_observation_refresh.go:114.23,116.3 1 0
github.com/JungHoonGhae/tossinvest-cli/internal/journal/exit_observation_refresh.go:117.2,117.97 1 1
github.com/JungHoonGhae/tossinvest-cli/internal/journal/exit_observation_refresh.go:117.97,119.3 1 1
github.com/JungHoonGhae/tossinvest-cli/internal/journal/exit_observation_refresh.go:120.2,121.16 2 1
github.com/JungHoonGhae/tossinvest-cli/internal/journal/exit_observation_refresh.go:121.16,123.3 1 1
github.com/JungHoonGhae/tossinvest-cli/internal/journal/exit_observation_refresh.go:124.2,124.33 1 1
github.com/JungHoonGhae/tossinvest-cli/internal/journal/exit_observation_refresh.go:124.33,126.3 1 1
github.com/JungHoonGhae/tossinvest-cli/internal/journal/exit_observation_refresh.go:127.2,128.70 1 1
github.com/JungHoonGhae/tossinvest-cli/internal/journal/exit_observation_refresh.go:128.70,130.3 1 1
github.com/JungHoonGhae/tossinvest-cli/internal/journal/exit_observation_refresh.go:131.2,132.16 2 1
github.com/JungHoonGhae/tossinvest-cli/internal/journal/exit_observation_refresh.go:132.16,134.3 1 0
github.com/JungHoonGhae/tossinvest-cli/internal/journal/exit_observation_refresh.go:135.2,148.16 3 1
github.com/JungHoonGhae/tossinvest-cli/internal/journal/exit_observation_refresh.go:148.16,150.3 1 0
github.com/JungHoonGhae/tossinvest-cli/internal/journal/exit_observation_refresh.go:151.2,151.66 1 1
github.com/JungHoonGhae/tossinvest-cli/internal/journal/exit_observation_refresh.go:151.66,153.3 1 1
github.com/JungHoonGhae/tossinvest-cli/internal/journal/exit_observation_refresh.go:154.2,154.20 1 1
github.com/JungHoonGhae/tossinvest-cli/internal/journal/exit_observation_refresh.go:160.69,169.2 1 1
github.com/JungHoonGhae/tossinvest-cli/internal/journal/exit_observation_refresh.go:178.81,179.34 1 1
github.com/JungHoonGhae/tossinvest-cli/internal/journal/exit_observation_refresh.go:179.34,181.3 1 1
github.com/JungHoonGhae/tossinvest-cli/internal/journal/exit_observation_refresh.go:182.2,182.42 1 1
github.com/JungHoonGhae/tossinvest-cli/internal/journal/exit_observation_refresh.go:182.42,184.3 1 0
github.com/JungHoonGhae/tossinvest-cli/internal/journal/exit_observation_refresh.go:185.2,186.26 2 1
github.com/JungHoonGhae/tossinvest-cli/internal/journal/exit_observation_refresh.go:186.26,188.3 1 1
github.com/JungHoonGhae/tossinvest-cli/internal/journal/exit_observation_refresh.go:189.2,189.19 1 1
github.com/JungHoonGhae/tossinvest-cli/internal/journal/exit_observation_refresh.go:192.101,194.16 2 1
github.com/JungHoonGhae/tossinvest-cli/internal/journal/exit_observation_refresh.go:194.16,196.3 1 0
github.com/JungHoonGhae/tossinvest-cli/internal/journal/exit_observation_refresh.go:197.2,198.16 2 1
github.com/JungHoonGhae/tossinvest-cli/internal/journal/exit_observation_refresh.go:198.16,200.3 1 0
github.com/JungHoonGhae/tossinvest-cli/internal/journal/exit_observation_refresh.go:201.2,201.26 1 1
github.com/JungHoonGhae/tossinvest-cli/internal/journal/exit_observation_refresh.go:201.26,203.3 1 1
github.com/JungHoonGhae/tossinvest-cli/internal/journal/exit_observation_refresh.go:204.2,204.25 1 1
github.com/JungHoonGhae/tossinvest-cli/internal/journal/exit_observation_refresh.go:204.25,206.3 1 1
github.com/JungHoonGhae/tossinvest-cli/internal/journal/exit_observation_refresh.go:207.2,209.23 3 1
github.com/JungHoonGhae/tossinvest-cli/internal/journal/exit_observation_refresh.go:209.23,211.3 1 0
github.com/JungHoonGhae/tossinvest-cli/internal/journal/exit_observation_refresh.go:212.2,212.24 1 1
github.com/JungHoonGhae/tossinvest-cli/internal/journal/exit_observation_refresh.go:212.24,214.3 1 1
github.com/JungHoonGhae/tossinvest-cli/internal/journal/exit_observation_refresh.go:215.2,215.24 1 1
github.com/JungHoonGhae/tossinvest-cli/internal/journal/exit_observation_refresh.go:215.24,217.3 1 1
github.com/JungHoonGhae/tossinvest-cli/internal/journal/exit_observation_refresh.go:218.2,218.19 1 1
github.com/JungHoonGhae/tossinvest-cli/internal/journal/exit_observation_refresh.go:218.19,219.10 1 1
github.com/JungHoonGhae/tossinvest-cli/internal/journal/exit_observation_refresh.go:220.35,221.34 1 1
github.com/JungHoonGhae/tossinvest-cli/internal/journal/exit_observation_refresh.go:222.35,223.37 1 1
github.com/JungHoonGhae/tossinvest-cli/internal/journal/exit_observation_refresh.go:226.2,229.60 1 1
github.com/JungHoonGhae/tossinvest-cli/internal/journal/exit_observation_refresh.go:229.60,231.3 1 1
github.com/JungHoonGhae/tossinvest-cli/internal/journal/exit_observation_refresh.go:232.2,232.102 1 1
github.com/JungHoonGhae/tossinvest-cli/internal/journal/exit_observation_refresh.go:238.99,242.16 2 1
github.com/JungHoonGhae/tossinvest-cli/internal/journal/exit_observation_refresh.go:242.16,244.3 1 0
github.com/JungHoonGhae/tossinvest-cli/internal/journal/exit_observation_refresh.go:245.2,247.18 3 1
github.com/JungHoonGhae/tossinvest-cli/internal/journal/exit_observation_refresh.go:247.18,249.41 2 1
github.com/JungHoonGhae/tossinvest-cli/internal/journal/exit_observation_refresh.go:249.41,251.4 1 0
github.com/JungHoonGhae/tossinvest-cli/internal/journal/exit_observation_refresh.go:252.3,253.17 2 1
github.com/JungHoonGhae/tossinvest-cli/internal/journal/exit_observation_refresh.go:253.17,254.12 1 1
github.com/JungHoonGhae/tossinvest-cli/internal/journal/exit_observation_refresh.go:256.3,256.135 1 1
github.com/JungHoonGhae/tossinvest-cli/internal/journal/exit_observation_refresh.go:256.135,258.4 1 1
github.com/JungHoonGhae/tossinvest-cli/internal/journal/exit_observation_refresh.go:260.2,260.28 1 1
github.com/JungHoonGhae/tossinvest-cli/internal/journal/exit_observation_refresh.go:265.69,267.2 1 0
github.com/JungHoonGhae/tossinvest-cli/internal/journal/exit_state.go:117.93,119.14 2 1
github.com/JungHoonGhae/tossinvest-cli/internal/journal/exit_state.go:119.14,121.3 1 0
github.com/JungHoonGhae/tossinvest-cli/internal/journal/exit_state.go:122.2,123.16 2 1
github.com/JungHoonGhae/tossinvest-cli/internal/journal/exit_state.go:123.16,125.3 1 1
github.com/JungHoonGhae/tossinvest-cli/internal/journal/exit_state.go:126.2,126.59 1 1
github.com/JungHoonGhae/tossinvest-cli/internal/journal/exit_state.go:126.59,129.3 1 1
github.com/JungHoonGhae/tossinvest-cli/internal/journal/exit_state.go:130.2,131.14 2 1
github.com/JungHoonGhae/tossinvest-cli/internal/journal/exit_state.go:132.25,133.21 1 1
github.com/JungHoonGhae/tossinvest-cli/internal/journal/exit_state.go:133.21,135.4 1 0
github.com/JungHoonGhae/tossinvest-cli/internal/journal/exit_state.go:136.24,137.21 1 1
github.com/JungHoonGhae/tossinvest-cli/internal/journal/exit_state.go:137.21,139.4 1 1
github.com/JungHoonGhae/tossinvest-cli/internal/journal/exit_state.go:139.9,139.93 1 1
github.com/JungHoonGhae/tossinvest-cli/internal/journal/exit_state.go:139.93,141.4 1 0
github.com/JungHoonGhae/tossinvest-cli/internal/journal/exit_state.go:146.2,147.16 2 1
github.com/JungHoonGhae/tossinvest-cli/internal/journal/exit_state.go:147.16,149.3 1 1
github.com/JungHoonGhae/tossinvest-cli/internal/journal/exit_state.go:151.2,153.16 3 1
github.com/JungHoonGhae/tossinvest-cli/internal/journal/exit_state.go:153.16,155.3 1 0
github.com/JungHoonGhae/tossinvest-cli/internal/journal/exit_state.go:156.2,163.35 5 1
github.com/JungHoonGhae/tossinvest-cli/internal/journal/exit_state.go:163.35,165.3 1 0
github.com/JungHoonGhae/tossinvest-cli/internal/journal/exit_state.go:166.2,166.16 1 1
github.com/JungHoonGhae/tossinvest-cli/internal/journal/exit_state.go:166.16,168.3 1 0
github.com/JungHoonGhae/tossinvest-cli/internal/journal/exit_state.go:169.2,169.66 1 1
github.com/JungHoonGhae/tossinvest-cli/internal/journal/exit_state.go:169.66,171.3 1 1
github.com/JungHoonGhae/tossinvest-cli/internal/journal/exit_state.go:172.2,174.16 2 1
github.com/JungHoonGhae/tossinvest-cli/internal/journal/exit_state.go:174.16,176.3 1 1
github.com/JungHoonGhae/tossinvest-cli/internal/journal/exit_state.go:178.2,186.82 1 1
github.com/JungHoonGhae/tossinvest-cli/internal/journal/exit_state.go:186.82,187.29 1 1
github.com/JungHoonGhae/tossinvest-cli/internal/journal/exit_state.go:187.29,189.4 1 1
github.com/JungHoonGhae/tossinvest-cli/internal/journal/exit_state.go:190.3,190.87 1 0
github.com/JungHoonGhae/tossinvest-cli/internal/journal/exit_state.go:192.2,195.17 1 1
github.com/JungHoonGhae/tossinvest-cli/internal/journal/exit_state.go:195.17,197.3 1 0
github.com/JungHoonGhae/tossinvest-cli/internal/journal/exit_state.go:198.2,198.36 1 1
github.com/JungHoonGhae/tossinvest-cli/internal/journal/exit_state.go:198.36,200.3 1 0
github.com/JungHoonGhae/tossinvest-cli/internal/journal/exit_state.go:201.2,203.19 3 1
github.com/JungHoonGhae/tossinvest-cli/internal/journal/exit_state.go:207.72,212.31 2 1
github.com/JungHoonGhae/tossinvest-cli/internal/journal/exit_state.go:212.31,214.3 1 1
github.com/JungHoonGhae/tossinvest-cli/internal/journal/exit_state.go:214.8,216.3 1 1
github.com/JungHoonGhae/tossinvest-cli/internal/journal/exit_state.go:217.2,217.16 1 1
github.com/JungHoonGhae/tossinvest-cli/internal/journal/exit_state.go:217.16,219.3 1 0
github.com/JungHoonGhae/tossinvest-cli/internal/journal/exit_state.go:220.2,221.43 1 1
github.com/JungHoonGhae/tossinvest-cli/internal/journal/exit_state.go:221.43,223.3 1 1
github.com/JungHoonGhae/tossinvest-cli/internal/journal/exit_state.go:224.2,224.43 1 1
github.com/JungHoonGhae/tossinvest-cli/internal/journal/exit_state.go:224.43,226.3 1 0
github.com/JungHoonGhae/tossinvest-cli/internal/journal/exit_state.go:227.2,229.56 1 1
github.com/JungHoonGhae/tossinvest-cli/internal/journal/exit_state.go:229.56,234.3 1 1
github.com/JungHoonGhae/tossinvest-cli/internal/journal/exit_state.go:235.2,235.22 1 1
github.com/JungHoonGhae/tossinvest-cli/internal/journal/exit_state.go:345.45,349.2 1 1
github.com/JungHoonGhae/tossinvest-cli/internal/journal/exit_state.go:351.50,352.14 1 1
github.com/JungHoonGhae/tossinvest-cli/internal/journal/exit_state.go:352.14,354.3 1 1
github.com/JungHoonGhae/tossinvest-cli/internal/journal/exit_state.go:355.2,356.41 1 1
github.com/JungHoonGhae/tossinvest-cli/internal/journal/exit_state.go:356.41,359.3 1 1
github.com/JungHoonGhae/tossinvest-cli/internal/journal/exit_state.go:360.2,360.44 1 1
github.com/JungHoonGhae/tossinvest-cli/internal/journal/exit_state.go:360.44,362.3 1 0
github.com/JungHoonGhae/tossinvest-cli/internal/journal/exit_state.go:363.2,363.12 1 1
github.com/JungHoonGhae/tossinvest-cli/internal/journal/exit_state.go:366.67,373.2 1 1
github.com/JungHoonGhae/tossinvest-cli/internal/journal/exit_state.go:377.91,380.2 2 1
github.com/JungHoonGhae/tossinvest-cli/internal/journal/exit_state.go:386.56,390.2 3 1
github.com/JungHoonGhae/tossinvest-cli/internal/journal/exit_state.go:393.37,395.14 2 1
github.com/JungHoonGhae/tossinvest-cli/internal/journal/exit_state.go:395.14,397.3 1 0
github.com/JungHoonGhae/tossinvest-cli/internal/journal/exit_state.go:398.2,398.56 1 1
github.com/JungHoonGhae/tossinvest-cli/internal/journal/exit_state.go:398.56,400.3 1 0
github.com/JungHoonGhae/tossinvest-cli/internal/journal/exit_state.go:401.2,401.91 1 1
github.com/JungHoonGhae/tossinvest-cli/internal/journal/exit_state.go:401.91,403.3 1 1
github.com/JungHoonGhae/tossinvest-cli/internal/journal/exit_state.go:404.2,404.31 1 1
github.com/JungHoonGhae/tossinvest-cli/internal/journal/exit_state.go:404.31,405.63 1 1
github.com/JungHoonGhae/tossinvest-cli/internal/journal/exit_state.go:405.63,407.4 1 1
github.com/JungHoonGhae/tossinvest-cli/internal/journal/exit_state.go:408.3,408.66 1 1
github.com/JungHoonGhae/tossinvest-cli/internal/journal/exit_state.go:408.66,410.4 1 0
github.com/JungHoonGhae/tossinvest-cli/internal/journal/exit_state.go:411.3,413.87 1 1
github.com/JungHoonGhae/tossinvest-cli/internal/journal/exit_state.go:413.87,415.4 1 1
github.com/JungHoonGhae/tossinvest-cli/internal/journal/exit_state.go:417.2,418.34 2 1
github.com/JungHoonGhae/tossinvest-cli/internal/journal/exit_state.go:418.34,422.77 2 1
github.com/JungHoonGhae/tossinvest-cli/internal/journal/exit_state.go:422.77,424.4 1 1
github.com/JungHoonGhae/tossinvest-cli/internal/journal/exit_state.go:425.3,425.26 1 1
github.com/JungHoonGhae/tossinvest-cli/internal/journal/exit_state.go:428.2,430.16 3 1
github.com/JungHoonGhae/tossinvest-cli/internal/journal/exit_state.go:430.16,432.3 1 0
github.com/JungHoonGhae/tossinvest-cli/internal/journal/exit_state.go:433.2,436.16 3 1
github.com/JungHoonGhae/tossinvest-cli/internal/journal/exit_state.go:436.16,438.3 1 0
github.com/JungHoonGhae/tossinvest-cli/internal/journal/exit_state.go:439.2,439.23 1 1
github.com/JungHoonGhae/tossinvest-cli/internal/journal/exit_state.go:439.23,441.3 1 0
github.com/JungHoonGhae/tossinvest-cli/internal/journal/exit_state.go:442.2,443.28 2 1
github.com/JungHoonGhae/tossinvest-cli/internal/journal/exit_state.go:443.28,445.3 1 1
github.com/JungHoonGhae/tossinvest-cli/internal/journal/exit_state.go:446.2,446.54 1 1
github.com/JungHoonGhae/tossinvest-cli/internal/journal/exit_state.go:446.54,449.3 1 1
github.com/JungHoonGhae/tossinvest-cli/internal/journal/exit_state.go:450.2,455.35 4 1
github.com/JungHoonGhae/tossinvest-cli/internal/journal/exit_state.go:455.35,457.3 1 1
github.com/JungHoonGhae/tossinvest-cli/internal/journal/exit_state.go:457.8,457.23 1 0
github.com/JungHoonGhae/tossinvest-cli/internal/journal/exit_state.go:457.23,459.3 1 0
github.com/JungHoonGhae/tossinvest-cli/internal/journal/exit_state.go:460.2,460.97 1 1
github.com/JungHoonGhae/tossinvest-cli/internal/journal/exit_state.go:460.97,463.3 1 0
github.com/JungHoonGhae/tossinvest-cli/internal/journal/exit_state.go:464.2,464.91 1 1
github.com/JungHoonGhae/tossinvest-cli/internal/journal/exit_state.go:464.91,467.3 1 0
github.com/JungHoonGhae/tossinvest-cli/internal/journal/exit_state.go:468.2,468.23 1 1
github.com/JungHoonGhae/tossinvest-cli/internal/journal/exit_state.go:468.23,472.17 3 1
github.com/JungHoonGhae/tossinvest-cli/internal/journal/exit_state.go:472.17,478.4 1 1
github.com/JungHoonGhae/tossinvest-cli/internal/journal/exit_state.go:479.3,479.37 1 1
github.com/JungHoonGhae/tossinvest-cli/internal/journal/exit_state.go:479.37,481.4 1 0
github.com/JungHoonGhae/tossinvest-cli/internal/journal/exit_state.go:487.2,487.23 1 1
github.com/JungHoonGhae/tossinvest-cli/internal/journal/exit_state.go:487.23,488.92 1 1
github.com/JungHoonGhae/tossinvest-cli/internal/journal/exit_state.go:488.92,490.4 1 1
github.com/JungHoonGhae/tossinvest-cli/internal/journal/exit_state.go:491.3,491.88 1 1
github.com/JungHoonGhae/tossinvest-cli/internal/journal/exit_state.go:491.88,493.4 1 1
github.com/JungHoonGhae/tossinvest-cli/internal/journal/exit_state.go:495.2,496.17 2 1
github.com/JungHoonGhae/tossinvest-cli/internal/journal/exit_state.go:496.17,498.3 1 0
github.com/JungHoonGhae/tossinvest-cli/internal/journal/exit_state.go:500.2,502.30 3 1
github.com/JungHoonGhae/tossinvest-cli/internal/journal/exit_state.go:502.30,505.3 2 1
github.com/JungHoonGhae/tossinvest-cli/internal/journal/exit_state.go:506.2,506.23 1 1
github.com/JungHoonGhae/tossinvest-cli/internal/journal/exit_state.go:506.23,508.19 2 1
github.com/JungHoonGhae/tossinvest-cli/internal/journal/exit_state.go:508.19,511.4 2 1
github.com/JungHoonGhae/tossinvest-cli/internal/journal/exit_state.go:512.3,513.23 2 1
github.com/JungHoonGhae/tossinvest-cli/internal/journal/exit_state.go:513.23,515.77 1 0
github.com/JungHoonGhae/tossinvest-cli/internal/journal/exit_state.go:515.77,517.5 1 0
github.com/JungHoonGhae/tossinvest-cli/internal/journal/exit_state.go:518.4,518.38 1 0
github.com/JungHoonGhae/tossinvest-cli/internal/journal/exit_state.go:518.38,520.5 1 0
github.com/JungHoonGhae/tossinvest-cli/internal/journal/exit_state.go:521.4,521.70 1 0
github.com/JungHoonGhae/tossinvest-cli/internal/journal/exit_state.go:527.3,528.57 1 1
github.com/JungHoonGhae/tossinvest-cli/internal/journal/exit_state.go:528.57,530.4 1 0
github.com/JungHoonGhae/tossinvest-cli/internal/journal/exit_state.go:531.3,531.49 1 1
github.com/JungHoonGhae/tossinvest-cli/internal/journal/exit_state.go:531.49,534.4 2 1
github.com/JungHoonGhae/tossinvest-cli/internal/journal/exit_state.go:534.9,539.4 4 1
github.com/JungHoonGhae/tossinvest-cli/internal/journal/exit_state.go:540.3,544.46 5 1
github.com/JungHoonGhae/tossinvest-cli/internal/journal/exit_state.go:544.46,547.4 2 1
github.com/JungHoonGhae/tossinvest-cli/internal/journal/exit_state.go:548.3,548.52 1 1
github.com/JungHoonGhae/tossinvest-cli/internal/journal/exit_state.go:551.2,557.22 3 1
github.com/JungHoonGhae/tossinvest-cli/internal/journal/exit_state.go:557.22,559.17 2 1
github.com/JungHoonGhae/tossinvest-cli/internal/journal/exit_state.go:559.17,561.4 1 0
github.com/JungHoonGhae/tossinvest-cli/internal/journal/exit_state.go:562.3,573.70 3 1
github.com/JungHoonGhae/tossinvest-cli/internal/journal/exit_state.go:575.2,575.67 1 1
github.com/JungHoonGhae/tossinvest-cli/internal/journal/exit_state.go:575.67,577.3 1 0
github.com/JungHoonGhae/tossinvest-cli/internal/journal/exit_state.go:578.2,578.58 1 1
github.com/JungHoonGhae/tossinvest-cli/internal/journal/exit_state.go:578.58,580.3 1 1
github.com/JungHoonGhae/tossinvest-cli/internal/journal/exit_state.go:582.2,584.31 3 1
github.com/JungHoonGhae/tossinvest-cli/internal/journal/exit_state.go:584.31,586.82 2 1
github.com/JungHoonGhae/tossinvest-cli/internal/journal/exit_state.go:586.82,588.4 1 1
github.com/JungHoonGhae/tossinvest-cli/internal/journal/exit_state.go:589.3,589.57 1 1
github.com/JungHoonGhae/tossinvest-cli/internal/journal/exit_state.go:589.57,591.4 1 1
github.com/JungHoonGhae/tossinvest-cli/internal/journal/exit_state.go:593.2,600.43 2 1
github.com/JungHoonGhae/tossinvest-cli/internal/journal/exit_state.go:600.43,602.3 1 1
github.com/JungHoonGhae/tossinvest-cli/internal/journal/exit_state.go:603.2,603.58 1 1
github.com/JungHoonGhae/tossinvest-cli/internal/journal/exit_state.go:603.58,605.3 1 0
github.com/JungHoonGhae/tossinvest-cli/internal/journal/exit_state.go:606.2,606.58 1 1
github.com/JungHoonGhae/tossinvest-cli/internal/journal/exit_state.go:606.58,608.3 1 1
github.com/JungHoonGhae/tossinvest-cli/internal/journal/exit_state.go:609.2,609.36 1 1
github.com/JungHoonGhae/tossinvest-cli/internal/journal/exit_state.go:609.36,611.3 1 0
github.com/JungHoonGhae/tossinvest-cli/internal/journal/exit_state.go:612.2,613.9 2 1
github.com/JungHoonGhae/tossinvest-cli/internal/journal/exit_state.go:614.47,615.53 1 1
github.com/JungHoonGhae/tossinvest-cli/internal/journal/exit_state.go:616.33,619.35 3 1
github.com/JungHoonGhae/tossinvest-cli/internal/journal/exit_state.go:621.57,622.52 1 1
github.com/JungHoonGhae/tossinvest-cli/internal/journal/exit_state.go:624.2,624.12 1 1
github.com/JungHoonGhae/tossinvest-cli/internal/journal/exit_state.go:641.97,655.35 3 1
github.com/JungHoonGhae/tossinvest-cli/internal/journal/exit_state.go:655.35,657.3 1 0
github.com/JungHoonGhae/tossinvest-cli/internal/journal/exit_state.go:658.2,658.16 1 1
github.com/JungHoonGhae/tossinvest-cli/internal/journal/exit_state.go:658.16,660.3 1 0
github.com/JungHoonGhae/tossinvest-cli/internal/journal/exit_state.go:661.2,662.16 2 1
github.com/JungHoonGhae/tossinvest-cli/internal/journal/exit_state.go:662.16,664.3 1 0
github.com/JungHoonGhae/tossinvest-cli/internal/journal/exit_state.go:665.2,666.21 2 1
github.com/JungHoonGhae/tossinvest-cli/internal/journal/exit_state.go:666.21,668.17 2 1
github.com/JungHoonGhae/tossinvest-cli/internal/journal/exit_state.go:668.17,670.4 1 0
github.com/JungHoonGhae/tossinvest-cli/internal/journal/exit_state.go:671.3,671.26 1 1
github.com/JungHoonGhae/tossinvest-cli/internal/journal/exit_state.go:673.2,673.17 1 1
github.com/JungHoonGhae/tossinvest-cli/internal/journal/exit_state.go:677.61,679.16 2 1
github.com/JungHoonGhae/tossinvest-cli/internal/journal/exit_state.go:679.16,681.3 1 0
github.com/JungHoonGhae/tossinvest-cli/internal/journal/exit_state.go:682.2,682.13 1 1
github.com/JungHoonGhae/tossinvest-cli/internal/journal/exit_state.go:682.13,685.3 1 1
github.com/JungHoonGhae/tossinvest-cli/internal/journal/exit_state.go:686.2,686.12 1 1
github.com/JungHoonGhae/tossinvest-cli/internal/journal/exit_state.go:689.45,691.25 2 1
github.com/JungHoonGhae/tossinvest-cli/internal/journal/exit_state.go:691.25,695.3 1 1
github.com/JungHoonGhae/tossinvest-cli/internal/journal/exit_state.go:696.2,696.38 1 1
github.com/JungHoonGhae/tossinvest-cli/internal/journal/exit_state.go:696.38,699.3 1 0
github.com/JungHoonGhae/tossinvest-cli/internal/journal/exit_state.go:700.2,700.12 1 1
github.com/JungHoonGhae/tossinvest-cli/internal/journal/exit_state.go:706.33,707.14 1 1
github.com/JungHoonGhae/tossinvest-cli/internal/journal/exit_state.go:707.14,709.3 1 1
github.com/JungHoonGhae/tossinvest-cli/internal/journal/exit_state.go:710.2,710.13 1 1
github.com/JungHoonGhae/tossinvest-cli/internal/journal/exit_state.go:716.55,717.15 1 1
github.com/JungHoonGhae/tossinvest-cli/internal/journal/exit_state.go:717.15,719.3 1 1
github.com/JungHoonGhae/tossinvest-cli/internal/journal/exit_state.go:720.2,720.21 1 1
github.com/JungHoonGhae/tossinvest-cli/internal/journal/exit_state.go:763.81,766.97 2 1
github.com/JungHoonGhae/tossinvest-cli/internal/journal/exit_state.go:766.97,768.3 1 0
github.com/JungHoonGhae/tossinvest-cli/internal/journal/exit_state.go:769.2,772.116 4 1
github.com/JungHoonGhae/tossinvest-cli/internal/journal/exit_state.go:772.116,773.54 1 1
github.com/JungHoonGhae/tossinvest-cli/internal/journal/exit_state.go:773.54,774.28 1 1
github.com/JungHoonGhae/tossinvest-cli/internal/journal/exit_state.go:774.28,776.5 1 1
github.com/JungHoonGhae/tossinvest-cli/internal/journal/exit_state.go:777.4,777.47 1 1
github.com/JungHoonGhae/tossinvest-cli/internal/journal/exit_state.go:779.3,780.64 2 1
github.com/JungHoonGhae/tossinvest-cli/internal/journal/exit_state.go:780.64,782.4 1 0
github.com/JungHoonGhae/tossinvest-cli/internal/journal/exit_state.go:783.3,783.74 1 1
github.com/JungHoonGhae/tossinvest-cli/internal/journal/exit_state.go:783.74,785.4 1 0
github.com/JungHoonGhae/tossinvest-cli/internal/journal/exit_state.go:786.3,786.72 1 1
github.com/JungHoonGhae/tossinvest-cli/internal/journal/exit_state.go:786.72,788.4 1 0
github.com/JungHoonGhae/tossinvest-cli/internal/journal/exit_state.go:793.3,799.51 7 1
github.com/JungHoonGhae/tossinvest-cli/internal/journal/exit_state.go:801.2,818.16 2 1
github.com/JungHoonGhae/tossinvest-cli/internal/journal/exit_state.go:818.16,820.3 1 0
github.com/JungHoonGhae/tossinvest-cli/internal/journal/exit_state.go:821.2,821.12 1 1
github.com/JungHoonGhae/tossinvest-cli/internal/journal/exit_state.go:841.91,853.16 3 1
github.com/JungHoonGhae/tossinvest-cli/internal/journal/exit_state.go:853.16,855.3 1 0
github.com/JungHoonGhae/tossinvest-cli/internal/journal/exit_state.go:856.2,859.18 3 1
github.com/JungHoonGhae/tossinvest-cli/internal/journal/exit_state.go:859.18,861.49 2 1
github.com/JungHoonGhae/tossinvest-cli/internal/journal/exit_state.go:861.49,863.4 1 1
github.com/JungHoonGhae/tossinvest-cli/internal/journal/exit_state.go:864.3,864.23 1 1
github.com/JungHoonGhae/tossinvest-cli/internal/journal/exit_state.go:866.2,866.35 1 1
github.com/JungHoonGhae/tossinvest-cli/internal/journal/exit_state.go:866.35,868.3 1 0
github.com/JungHoonGhae/tossinvest-cli/internal/journal/exit_state.go:869.2,869.17 1 1
github.com/JungHoonGhae/tossinvest-cli/internal/journal/exit_state.go:897.108,899.16 2 1
github.com/JungHoonGhae/tossinvest-cli/internal/journal/exit_state.go:899.16,901.3 1 0
github.com/JungHoonGhae/tossinvest-cli/internal/journal/exit_state.go:902.2,902.12 1 1
github.com/JungHoonGhae/tossinvest-cli/internal/journal/exit_state.go:902.12,904.3 1 0
github.com/JungHoonGhae/tossinvest-cli/internal/journal/exit_state.go:905.2,914.16 3 1
github.com/JungHoonGhae/tossinvest-cli/internal/journal/exit_state.go:914.16,917.3 1 0
github.com/JungHoonGhae/tossinvest-cli/internal/journal/exit_state.go:918.2,919.22 2 1
github.com/JungHoonGhae/tossinvest-cli/internal/journal/exit_state.go:919.22,921.3 1 0
github.com/JungHoonGhae/tossinvest-cli/internal/journal/exit_state.go:922.2,922.95 1 1
github.com/JungHoonGhae/tossinvest-cli/internal/journal/exit_state.go:922.95,925.3 1 0
github.com/JungHoonGhae/tossinvest-cli/internal/journal/exit_state.go:926.2,926.23 1 1
github.com/JungHoonGhae/tossinvest-cli/internal/journal/exit_state.go:934.85,937.37 1 1
github.com/JungHoonGhae/tossinvest-cli/internal/journal/exit_state.go:937.37,939.3 1 0
github.com/JungHoonGhae/tossinvest-cli/internal/journal/exit_state.go:940.2,942.4 1 1
github.com/JungHoonGhae/tossinvest-cli/internal/journal/exit_state.go:948.88,958.16 2 1
github.com/JungHoonGhae/tossinvest-cli/internal/journal/exit_state.go:958.16,960.3 1 0
github.com/JungHoonGhae/tossinvest-cli/internal/journal/exit_state.go:961.2,962.16 2 1
github.com/JungHoonGhae/tossinvest-cli/internal/journal/exit_state.go:962.16,964.3 1 0
github.com/JungHoonGhae/tossinvest-cli/internal/journal/exit_state.go:965.2,965.19 1 1
github.com/JungHoonGhae/tossinvest-cli/internal/journal/exit_state.go:965.19,967.3 1 0
github.com/JungHoonGhae/tossinvest-cli/internal/journal/exit_state.go:968.2,968.12 1 1
github.com/JungHoonGhae/tossinvest-cli/internal/journal/exit_state.go:980.103,983.54 1 1
github.com/JungHoonGhae/tossinvest-cli/internal/journal/exit_state.go:983.54,985.3 1 0
github.com/JungHoonGhae/tossinvest-cli/internal/journal/exit_state.go:986.2,986.12 1 1
github.com/JungHoonGhae/tossinvest-cli/internal/journal/exit_state.go:991.40,993.2 1 1
github.com/JungHoonGhae/tossinvest-cli/internal/journal/position_adjustments.go:95.47,99.2 1 0
github.com/JungHoonGhae/tossinvest-cli/internal/journal/position_adjustments.go:101.54,101.93 1 1
github.com/JungHoonGhae/tossinvest-cli/internal/journal/position_adjustments.go:190.84,194.57 2 1
github.com/JungHoonGhae/tossinvest-cli/internal/journal/position_adjustments.go:194.57,196.3 1 0
github.com/JungHoonGhae/tossinvest-cli/internal/journal/position_adjustments.go:197.2,197.23 1 1
github.com/JungHoonGhae/tossinvest-cli/internal/journal/position_adjustments.go:202.113,204.16 2 1
github.com/JungHoonGhae/tossinvest-cli/internal/journal/position_adjustments.go:204.16,206.3 1 1
github.com/JungHoonGhae/tossinvest-cli/internal/journal/position_adjustments.go:207.2,210.16 3 1
github.com/JungHoonGhae/tossinvest-cli/internal/journal/position_adjustments.go:210.16,212.3 1 0
github.com/JungHoonGhae/tossinvest-cli/internal/journal/position_adjustments.go:213.2,219.9 3 1
github.com/JungHoonGhae/tossinvest-cli/internal/journal/position_adjustments.go:220.18,222.17 2 1
github.com/JungHoonGhae/tossinvest-cli/internal/journal/position_adjustments.go:222.17,224.4 1 0
github.com/JungHoonGhae/tossinvest-cli/internal/journal/position_adjustments.go:225.3,225.71 1 1
github.com/JungHoonGhae/tossinvest-cli/internal/journal/position_adjustments.go:226.45,226.45 0 1
github.com/JungHoonGhae/tossinvest-cli/internal/journal/position_adjustments.go:227.10,228.33 1 0
github.com/JungHoonGhae/tossinvest-cli/internal/journal/position_adjustments.go:232.2,236.9 3 1
github.com/JungHoonGhae/tossinvest-cli/internal/journal/position_adjustments.go:237.18,239.38 2 1
github.com/JungHoonGhae/tossinvest-cli/internal/journal/position_adjustments.go:239.38,245.4 1 1
github.com/JungHoonGhae/tossinvest-cli/internal/journal/position_adjustments.go:246.43,246.43 0 1
github.com/JungHoonGhae/tossinvest-cli/internal/journal/position_adjustments.go:247.10,248.33 1 0
github.com/JungHoonGhae/tossinvest-cli/internal/journal/position_adjustments.go:251.2,251.76 1 1
github.com/JungHoonGhae/tossinvest-cli/internal/journal/position_adjustments.go:251.76,253.3 1 0
github.com/JungHoonGhae/tossinvest-cli/internal/journal/position_adjustments.go:253.8,253.18 1 1
github.com/JungHoonGhae/tossinvest-cli/internal/journal/position_adjustments.go:253.18,258.3 1 1
github.com/JungHoonGhae/tossinvest-cli/internal/journal/position_adjustments.go:260.2,263.44 2 1
github.com/JungHoonGhae/tossinvest-cli/internal/journal/position_adjustments.go:263.44,266.3 1 0
github.com/JungHoonGhae/tossinvest-cli/internal/journal/position_adjustments.go:267.2,267.44 1 1
github.com/JungHoonGhae/tossinvest-cli/internal/journal/position_adjustments.go:267.44,273.3 1 1
github.com/JungHoonGhae/tossinvest-cli/internal/journal/position_adjustments.go:276.2,284.20 4 1
github.com/JungHoonGhae/tossinvest-cli/internal/journal/position_adjustments.go:284.20,286.23 2 1
github.com/JungHoonGhae/tossinvest-cli/internal/journal/position_adjustments.go:286.23,288.4 1 1
github.com/JungHoonGhae/tossinvest-cli/internal/journal/position_adjustments.go:289.3,301.31 2 1
github.com/JungHoonGhae/tossinvest-cli/internal/journal/position_adjustments.go:304.2,318.27 2 1
github.com/JungHoonGhae/tossinvest-cli/internal/journal/position_adjustments.go:318.27,326.80 1 1
github.com/JungHoonGhae/tossinvest-cli/internal/journal/position_adjustments.go:326.80,329.4 1 0
github.com/JungHoonGhae/tossinvest-cli/internal/journal/position_adjustments.go:332.2,340.37 1 1
github.com/JungHoonGhae/tossinvest-cli/internal/journal/position_adjustments.go:340.37,343.3 1 0
github.com/JungHoonGhae/tossinvest-cli/internal/journal/position_adjustments.go:345.2,345.28 1 1
github.com/JungHoonGhae/tossinvest-cli/internal/journal/position_adjustments.go:345.28,350.62 1 1
github.com/JungHoonGhae/tossinvest-cli/internal/journal/position_adjustments.go:350.62,353.4 1 0
github.com/JungHoonGhae/tossinvest-cli/internal/journal/position_adjustments.go:356.2,357.16 2 1
github.com/JungHoonGhae/tossinvest-cli/internal/journal/position_adjustments.go:357.16,359.3 1 0
github.com/JungHoonGhae/tossinvest-cli/internal/journal/position_adjustments.go:360.2,363.16 3 1
github.com/JungHoonGhae/tossinvest-cli/internal/journal/position_adjustments.go:363.16,365.3 1 0
github.com/JungHoonGhae/tossinvest-cli/internal/journal/position_adjustments.go:366.2,366.36 1 1
github.com/JungHoonGhae/tossinvest-cli/internal/journal/position_adjustments.go:366.36,369.3 1 0
github.com/JungHoonGhae/tossinvest-cli/internal/journal/position_adjustments.go:370.2,371.20 2 1
github.com/JungHoonGhae/tossinvest-cli/internal/journal/position_adjustments.go:398.53,399.33 1 1
github.com/JungHoonGhae/tossinvest-cli/internal/journal/position_adjustments.go:399.33,401.3 1 1
github.com/JungHoonGhae/tossinvest-cli/internal/journal/position_adjustments.go:405.2,408.35 3 1
github.com/JungHoonGhae/tossinvest-cli/internal/journal/position_adjustments.go:408.35,412.3 1 1
github.com/JungHoonGhae/tossinvest-cli/internal/journal/position_adjustments.go:413.2,413.16 1 1
github.com/JungHoonGhae/tossinvest-cli/internal/journal/position_adjustments.go:413.16,415.3 1 0
github.com/JungHoonGhae/tossinvest-cli/internal/journal/position_adjustments.go:416.2,416.15 1 1
github.com/JungHoonGhae/tossinvest-cli/internal/journal/position_adjustments.go:416.15,418.3 1 0
github.com/JungHoonGhae/tossinvest-cli/internal/journal/position_adjustments.go:420.2,422.32 1 1
github.com/JungHoonGhae/tossinvest-cli/internal/journal/position_adjustments.go:422.32,424.3 1 0
github.com/JungHoonGhae/tossinvest-cli/internal/journal/position_adjustments.go:425.2,429.17 1 1
github.com/JungHoonGhae/tossinvest-cli/internal/journal/position_adjustments.go:429.17,431.3 1 0
github.com/JungHoonGhae/tossinvest-cli/internal/journal/position_adjustments.go:432.2,432.18 1 1
github.com/JungHoonGhae/tossinvest-cli/internal/journal/position_adjustments.go:443.54,444.29 1 1
github.com/JungHoonGhae/tossinvest-cli/internal/journal/position_adjustments.go:444.29,446.3 1 1
github.com/JungHoonGhae/tossinvest-cli/internal/journal/position_adjustments.go:447.2,447.17 1 1
github.com/JungHoonGhae/tossinvest-cli/internal/journal/position_adjustments.go:448.71,449.17 1 1
github.com/JungHoonGhae/tossinvest-cli/internal/journal/position_adjustments.go:450.10,451.22 1 1
github.com/JungHoonGhae/tossinvest-cli/internal/journal/position_adjustments.go:455.44,456.29 1 1
github.com/JungHoonGhae/tossinvest-cli/internal/journal/position_adjustments.go:456.29,458.3 1 1
github.com/JungHoonGhae/tossinvest-cli/internal/journal/position_adjustments.go:459.2,459.12 1 1
github.com/JungHoonGhae/tossinvest-cli/internal/journal/position_adjustments.go:462.35,465.2 2 1
github.com/JungHoonGhae/tossinvest-cli/internal/journal/position_adjustments.go:467.45,469.16 2 1
github.com/JungHoonGhae/tossinvest-cli/internal/journal/position_adjustments.go:469.16,471.3 1 0
github.com/JungHoonGhae/tossinvest-cli/internal/journal/position_adjustments.go:472.2,472.22 1 1
github.com/JungHoonGhae/tossinvest-cli/internal/journal/position_adjustments.go:475.68,484.9 8 1
github.com/JungHoonGhae/tossinvest-cli/internal/journal/position_adjustments.go:485.26,486.103 1 1
github.com/JungHoonGhae/tossinvest-cli/internal/journal/position_adjustments.go:487.40,488.98 1 1
github.com/JungHoonGhae/tossinvest-cli/internal/journal/position_adjustments.go:489.50,492.55 1 1
github.com/JungHoonGhae/tossinvest-cli/internal/journal/position_adjustments.go:493.26,496.22 1 1
github.com/JungHoonGhae/tossinvest-cli/internal/journal/position_adjustments.go:497.24,499.80 1 1
github.com/JungHoonGhae/tossinvest-cli/internal/journal/position_adjustments.go:500.35,501.82 1 1
github.com/JungHoonGhae/tossinvest-cli/internal/journal/position_adjustments.go:504.2,506.47 2 1
github.com/JungHoonGhae/tossinvest-cli/internal/journal/position_adjustments.go:506.47,508.3 1 0
github.com/JungHoonGhae/tossinvest-cli/internal/journal/position_adjustments.go:509.2,509.95 1 1
github.com/JungHoonGhae/tossinvest-cli/internal/journal/position_adjustments.go:509.95,511.3 1 1
github.com/JungHoonGhae/tossinvest-cli/internal/journal/position_adjustments.go:512.2,512.25 1 1
github.com/JungHoonGhae/tossinvest-cli/internal/journal/position_adjustments.go:512.25,513.93 1 1
github.com/JungHoonGhae/tossinvest-cli/internal/journal/position_adjustments.go:513.93,515.4 1 0
github.com/JungHoonGhae/tossinvest-cli/internal/journal/position_adjustments.go:517.2,517.16 1 1
github.com/JungHoonGhae/tossinvest-cli/internal/journal/position_adjustments.go:517.16,519.3 1 1
github.com/JungHoonGhae/tossinvest-cli/internal/journal/position_adjustments.go:520.2,520.15 1 1
github.com/JungHoonGhae/tossinvest-cli/internal/journal/position_adjustments.go:523.61,525.16 2 1
github.com/JungHoonGhae/tossinvest-cli/internal/journal/position_adjustments.go:525.16,527.3 1 1
github.com/JungHoonGhae/tossinvest-cli/internal/journal/position_adjustments.go:528.2,529.16 2 1
github.com/JungHoonGhae/tossinvest-cli/internal/journal/position_adjustments.go:529.16,531.3 1 0
github.com/JungHoonGhae/tossinvest-cli/internal/journal/position_adjustments.go:532.2,532.14 1 1
github.com/JungHoonGhae/tossinvest-cli/internal/journal/position_adjustments.go:532.14,535.3 1 1
github.com/JungHoonGhae/tossinvest-cli/internal/journal/position_adjustments.go:536.2,536.23 1 1
github.com/JungHoonGhae/tossinvest-cli/internal/journal/position_adjustments.go:542.47,547.4 2 1
github.com/JungHoonGhae/tossinvest-cli/internal/journal/position_adjustments.go:547.4,549.3 1 1
github.com/JungHoonGhae/tossinvest-cli/internal/journal/position_adjustments.go:550.2,550.53 1 1
github.com/JungHoonGhae/tossinvest-cli/internal/journal/position_adjustments.go:560.57,564.35 3 1
github.com/JungHoonGhae/tossinvest-cli/internal/journal/position_adjustments.go:564.35,566.3 1 1
github.com/JungHoonGhae/tossinvest-cli/internal/journal/position_adjustments.go:567.2,567.16 1 1
github.com/JungHoonGhae/tossinvest-cli/internal/journal/position_adjustments.go:567.16,569.3 1 0
github.com/JungHoonGhae/tossinvest-cli/internal/journal/position_adjustments.go:570.2,570.15 1 1
github.com/JungHoonGhae/tossinvest-cli/internal/journal/position_adjustments.go:575.101,579.16 2 1
github.com/JungHoonGhae/tossinvest-cli/internal/journal/position_adjustments.go:579.16,581.3 1 0
github.com/JungHoonGhae/tossinvest-cli/internal/journal/position_adjustments.go:582.2,585.18 3 1
github.com/JungHoonGhae/tossinvest-cli/internal/journal/position_adjustments.go:585.18,587.17 2 1
github.com/JungHoonGhae/tossinvest-cli/internal/journal/position_adjustments.go:587.17,589.4 1 0
github.com/JungHoonGhae/tossinvest-cli/internal/journal/position_adjustments.go:590.3,590.23 1 1
github.com/JungHoonGhae/tossinvest-cli/internal/journal/position_adjustments.go:592.2,592.35 1 1
github.com/JungHoonGhae/tossinvest-cli/internal/journal/position_adjustments.go:592.35,594.3 1 0
github.com/JungHoonGhae/tossinvest-cli/internal/journal/position_adjustments.go:595.2,595.17 1 1
