mode: set
github.com/JungHoonGhae/tossinvest-cli/internal/config/engine.go:68.39,70.14 2 1
github.com/JungHoonGhae/tossinvest-cli/internal/config/engine.go:70.14,72.3 1 1
github.com/JungHoonGhae/tossinvest-cli/internal/config/engine.go:73.2,73.51 1 1
github.com/JungHoonGhae/tossinvest-cli/internal/config/engine.go:73.51,75.3 1 1
github.com/JungHoonGhae/tossinvest-cli/internal/config/engine.go:76.2,76.11 1 1
github.com/JungHoonGhae/tossinvest-cli/internal/config/engine.go:131.48,133.2 1 1
github.com/JungHoonGhae/tossinvest-cli/internal/config/engine.go:136.48,138.2 1 1
github.com/JungHoonGhae/tossinvest-cli/internal/config/engine.go:140.54,142.16 2 1
github.com/JungHoonGhae/tossinvest-cli/internal/config/engine.go:142.16,144.3 1 1
github.com/JungHoonGhae/tossinvest-cli/internal/config/engine.go:145.2,145.25 1 1
github.com/JungHoonGhae/tossinvest-cli/internal/config/engine.go:145.25,146.16 1 1
github.com/JungHoonGhae/tossinvest-cli/internal/config/engine.go:146.16,148.4 1 1
github.com/JungHoonGhae/tossinvest-cli/internal/config/engine.go:150.2,150.14 1 1
github.com/JungHoonGhae/tossinvest-cli/internal/config/engine.go:157.37,161.71 1 1
github.com/JungHoonGhae/tossinvest-cli/internal/config/engine.go:161.71,163.3 1 1
github.com/JungHoonGhae/tossinvest-cli/internal/config/engine.go:164.2,164.69 1 1
github.com/JungHoonGhae/tossinvest-cli/internal/config/engine.go:164.69,166.3 1 1
github.com/JungHoonGhae/tossinvest-cli/internal/config/engine.go:167.2,167.11 1 1
github.com/JungHoonGhae/tossinvest-cli/internal/config/engine.go:232.42,235.2 1 1
github.com/JungHoonGhae/tossinvest-cli/internal/config/engine.go:268.51,269.16 1 1
github.com/JungHoonGhae/tossinvest-cli/internal/config/engine.go:269.16,271.3 1 1
github.com/JungHoonGhae/tossinvest-cli/internal/config/engine.go:272.2,273.24 2 1
github.com/JungHoonGhae/tossinvest-cli/internal/config/engine.go:273.24,275.3 1 1
github.com/JungHoonGhae/tossinvest-cli/internal/config/engine.go:276.2,279.39 3 1
github.com/JungHoonGhae/tossinvest-cli/internal/config/engine.go:279.39,282.3 2 1
github.com/JungHoonGhae/tossinvest-cli/internal/config/engine.go:283.2,283.21 1 1
github.com/JungHoonGhae/tossinvest-cli/internal/config/engine.go:289.45,290.18 1 1
github.com/JungHoonGhae/tossinvest-cli/internal/config/engine.go:290.18,292.3 1 1
github.com/JungHoonGhae/tossinvest-cli/internal/config/engine.go:293.2,295.23 3 1
github.com/JungHoonGhae/tossinvest-cli/internal/config/engine.go:295.23,297.35 2 1
github.com/JungHoonGhae/tossinvest-cli/internal/config/engine.go:297.35,298.12 1 1
github.com/JungHoonGhae/tossinvest-cli/internal/config/engine.go:300.3,301.28 2 1
github.com/JungHoonGhae/tossinvest-cli/internal/config/engine.go:303.2,304.12 2 1
github.com/JungHoonGhae/tossinvest-cli/internal/config/engine.go:311.47,312.16 1 1
github.com/JungHoonGhae/tossinvest-cli/internal/config/engine.go:312.16,314.3 1 1
github.com/JungHoonGhae/tossinvest-cli/internal/config/engine.go:315.2,315.26 1 1
github.com/JungHoonGhae/tossinvest-cli/internal/config/engine.go:315.26,317.3 1 1
github.com/JungHoonGhae/tossinvest-cli/internal/config/engine.go:318.2,319.27 2 1
github.com/JungHoonGhae/tossinvest-cli/internal/config/engine.go:319.27,323.3 3 1
github.com/JungHoonGhae/tossinvest-cli/internal/config/engine.go:328.2,329.31 2 1
github.com/JungHoonGhae/tossinvest-cli/internal/config/engine.go:329.31,331.3 1 1
github.com/JungHoonGhae/tossinvest-cli/internal/config/engine.go:332.2,333.25 2 1
github.com/JungHoonGhae/tossinvest-cli/internal/config/engine.go:333.25,335.3 1 1
github.com/JungHoonGhae/tossinvest-cli/internal/config/engine.go:336.2,342.55 7 1
github.com/JungHoonGhae/tossinvest-cli/internal/config/notifications.go:65.42,67.16 2 1
github.com/JungHoonGhae/tossinvest-cli/internal/config/notifications.go:67.16,69.3 1 1
github.com/JungHoonGhae/tossinvest-cli/internal/config/notifications.go:70.2,70.81 1 1
github.com/JungHoonGhae/tossinvest-cli/internal/config/notifications.go:70.81,72.3 1 1
github.com/JungHoonGhae/tossinvest-cli/internal/config/notifications.go:73.2,73.11 1 1
github.com/JungHoonGhae/tossinvest-cli/internal/config/notifications.go:94.61,95.16 1 1
github.com/JungHoonGhae/tossinvest-cli/internal/config/notifications.go:95.16,97.3 1 1
github.com/JungHoonGhae/tossinvest-cli/internal/config/notifications.go:98.2,102.24 2 1
github.com/JungHoonGhae/tossinvest-cli/internal/config/notifications.go:102.24,104.3 1 1
github.com/JungHoonGhae/tossinvest-cli/internal/config/notifications.go:105.2,105.39 1 1
github.com/JungHoonGhae/tossinvest-cli/internal/config/notifications.go:105.39,108.3 2 1
github.com/JungHoonGhae/tossinvest-cli/internal/config/notifications.go:109.2,109.26 1 1
