mode: set
github.com/JungHoonGhae/tossinvest-cli/internal/reconcile/external.go:183.99,185.32 2 1
github.com/JungHoonGhae/tossinvest-cli/internal/reconcile/external.go:185.32,187.3 1 1
github.com/JungHoonGhae/tossinvest-cli/internal/reconcile/external.go:188.2,188.36 1 1
github.com/JungHoonGhae/tossinvest-cli/internal/reconcile/external.go:188.36,191.3 1 0
github.com/JungHoonGhae/tossinvest-cli/internal/reconcile/external.go:192.2,193.19 2 1
github.com/JungHoonGhae/tossinvest-cli/internal/reconcile/external.go:193.19,195.3 1 0
github.com/JungHoonGhae/tossinvest-cli/internal/reconcile/external.go:196.2,197.16 2 1
github.com/JungHoonGhae/tossinvest-cli/internal/reconcile/external.go:197.16,201.3 1 1
github.com/JungHoonGhae/tossinvest-cli/internal/reconcile/external.go:203.2,204.44 2 1
github.com/JungHoonGhae/tossinvest-cli/internal/reconcile/external.go:204.44,207.19 3 1
github.com/JungHoonGhae/tossinvest-cli/internal/reconcile/external.go:207.19,209.4 1 1
github.com/JungHoonGhae/tossinvest-cli/internal/reconcile/external.go:210.3,210.35 1 1
github.com/JungHoonGhae/tossinvest-cli/internal/reconcile/external.go:210.35,215.4 1 1
github.com/JungHoonGhae/tossinvest-cli/internal/reconcile/external.go:217.3,218.17 2 1
github.com/JungHoonGhae/tossinvest-cli/internal/reconcile/external.go:218.17,220.4 1 0
github.com/JungHoonGhae/tossinvest-cli/internal/reconcile/external.go:222.3,240.49 2 1
github.com/JungHoonGhae/tossinvest-cli/internal/reconcile/external.go:240.49,244.4 1 1
github.com/JungHoonGhae/tossinvest-cli/internal/reconcile/external.go:245.3,245.17 1 1
github.com/JungHoonGhae/tossinvest-cli/internal/reconcile/external.go:245.17,247.4 1 0
github.com/JungHoonGhae/tossinvest-cli/internal/reconcile/external.go:249.3,258.63 2 1
github.com/JungHoonGhae/tossinvest-cli/internal/reconcile/external.go:258.63,275.4 1 0
github.com/JungHoonGhae/tossinvest-cli/internal/reconcile/external.go:276.3,278.41 2 1
github.com/JungHoonGhae/tossinvest-cli/internal/reconcile/external.go:278.41,279.12 1 1
github.com/JungHoonGhae/tossinvest-cli/internal/reconcile/external.go:281.3,285.18 1 1
github.com/JungHoonGhae/tossinvest-cli/internal/reconcile/external.go:285.18,292.12 2 0
github.com/JungHoonGhae/tossinvest-cli/internal/reconcile/external.go:294.3,294.19 1 1
github.com/JungHoonGhae/tossinvest-cli/internal/reconcile/external.go:296.2,296.42 1 1
